Archive member included to satisfy reference by file (symbol)

build/cooja/mtype123.a(simEnvChange.o)
                              build/cooja/mtype123.o (simDontFallAsleep)
build/cooja/mtype123.a(cooja_mt.o)
                              build/cooja/mtype123.o (cooja_mt_start)
build/cooja/mtype123.a(cooja_mtarch.o)
                              build/cooja/mtype123.a(cooja_mt.o) (cooja_mtarch_start)
build/cooja/mtype123.a(rtimer-arch.o)
                              build/cooja/mtype123.o (rtimer_arch_check)
build/cooja/mtype123.a(beep.o)
                              build/cooja/mtype123.o (beep_interface)
build/cooja/mtype123.a(leds-arch.o)
                              build/cooja/mtype123.o (leds_interface)
build/cooja/mtype123.a(moteid.o)
                              build/cooja/mtype123.o (moteid_interface)
build/cooja/mtype123.a(pir-sensor.o)
                              build/cooja/mtype123.o (pir_interface)
build/cooja/mtype123.a(rs232.o)
                              build/cooja/mtype123.o (rs232_interface)
build/cooja/mtype123.a(vib-sensor.o)
                              build/cooja/mtype123.o (vib_interface)
build/cooja/mtype123.a(clock.o)
                              build/cooja/mtype123.o (clock_interface)
build/cooja/mtype123.a(cooja-log.o)
                              build/cooja/mtype123.o (simlog_interface)
build/cooja/mtype123.a(cfs-cooja.o)
                              build/cooja/mtype123.o (cfs_interface)
build/cooja/mtype123.a(cooja-radio.o)
                              build/cooja/mtype123.o (radio_interface)
build/cooja/mtype123.a(eeprom.o)
                              build/cooja/mtype123.o (eeprom_interface)
build/cooja/mtype123.a(random.o)
                              build/cooja/mtype123.a(moteid.o) (random_init)
build/cooja/mtype123.a(sensors.o)
                              build/cooja/mtype123.a(pir-sensor.o) (sensors_changed)
build/cooja/mtype123.a(leds.o)
                              build/cooja/mtype123.a(leds-arch.o) (leds_get)
build/cooja/mtype123.a(gpio-hal-arch.o)
                              build/cooja/mtype123.a(leds-arch.o) (gpio_hal_arch_register_pin_callback)
build/cooja/mtype123.a(buttons.o)
                              build/cooja/mtype123.o (button_interface)
build/cooja/mtype123.a(res_humidity.o)
                              humidity_sensor.o (humidity)
build/cooja/mtype123.a(coap-blocking-a)
                              humidity_sensor.o (coap_blocking_request)
build/cooja/mtype123.a(coap-engine.o)
                              humidity_sensor.o (coap_activate_resource)
build/cooja/mtype123.a(coap-res-well-k)
                              build/cooja/mtype123.a(coap-engine.o) (res_well_known_core)
build/cooja/mtype123.a(coap-observe.o)
                              build/cooja/mtype123.a(coap-engine.o) (coap_remove_observer_by_mid)
build/cooja/mtype123.a(coap-transactio)
                              build/cooja/mtype123.a(coap-blocking-a) (coap_send_transaction)
build/cooja/mtype123.a(coap-uip.o)
                              build/cooja/mtype123.a(coap-observe.o) (coap_endpoint_copy)
build/cooja/mtype123.a(coap-timer.o)
                              build/cooja/mtype123.a(coap-transactio) (coap_timer_stop)
build/cooja/mtype123.a(coap.o)
                              build/cooja/mtype123.a(coap-engine.o) (coap_status_code)
build/cooja/mtype123.a(contiki-main.o)
                              build/cooja/mtype123.o (main)
build/cooja/mtype123.a(autostart.o)
                              build/cooja/mtype123.a(contiki-main.o) (autostart_start)
build/cooja/mtype123.a(ctimer.o)
                              build/cooja/mtype123.a(contiki-main.o) (ctimer_init)
build/cooja/mtype123.a(energest.o)
                              build/cooja/mtype123.a(contiki-main.o) (energest_init)
build/cooja/mtype123.a(etimer.o)
                              build/cooja/mtype123.a(contiki-main.o) (etimer_process)
build/cooja/mtype123.a(log.o)
                              build/cooja/mtype123.a(contiki-main.o) (curr_log_level_main)
build/cooja/mtype123.a(rtimer.o)
                              build/cooja/mtype123.a(contiki-main.o) (rtimer_init)
build/cooja/mtype123.a(node-id.o)
                              build/cooja/mtype123.a(contiki-main.o) (node_id)
build/cooja/mtype123.a(process.o)
                              build/cooja/mtype123.a(coap-blocking-a) (process_current)
build/cooja/mtype123.a(timer.o)
                              build/cooja/mtype123.a(etimer.o) (timer_set)
build/cooja/mtype123.a(list.o)
                              build/cooja/mtype123.a(coap-engine.o) (list_init)
build/cooja/mtype123.a(memb.o)
                              build/cooja/mtype123.a(coap-observe.o) (memb_alloc)
build/cooja/mtype123.a(button-hal.o)
                              build/cooja/mtype123.o (button_hal_init)
build/cooja/mtype123.a(serial-line.o)
                              build/cooja/mtype123.a(rs232.o) (serial_line_input_byte)
build/cooja/mtype123.a(gpio-hal.o)
[...]
Memory Configuration

Name             Origin             Length             Attributes
*default*        0x0000000000000000 0xffffffffffffffff

Linker script and memory map

LOAD /usr/lib/gcc/i686-linux-gnu/5/../../../i386-linux-gnu/crti.o
LOAD /usr/lib/gcc/i686-linux-gnu/5/crtbeginS.o
LOAD humidity_sensor.o
LOAD build/cooja/mtype123.o
LOAD build/cooja/mtype123.a
LOAD /usr/lib/gcc/i686-linux-gnu/5/libgcc.a
LOAD /usr/lib/gcc/i686-linux-gnu/5/libgcc_s.so
LOAD /usr/lib/gcc/i686-linux-gnu/5/../../../i386-linux-gnu/libc.so
START GROUP
LOAD /lib/i386-linux-gnu/libc.so.6
LOAD /usr/lib/i386-linux-gnu/libc_nonshared.a
LOAD /lib/i386-linux-gnu/ld-linux.so.2
END GROUP
LOAD /usr/lib/gcc/i686-linux-gnu/5/libgcc.a
LOAD /usr/lib/gcc/i686-linux-gnu/5/libgcc_s.so
LOAD /usr/lib/gcc/i686-linux-gnu/5/crtendS.o
LOAD /usr/lib/gcc/i686-linux-gnu/5/../../../i386-linux-gnu/crtn.o
                0x0000000000000114                . = (0x0 + SIZEOF_HEADERS)

.note.gnu.build-id
                0x0000000000000114       0x24
 *(.note.gnu.build-id)
 .note.gnu.build-id
                0x0000000000000114       0x24 /usr/lib/gcc/i686-linux-gnu/5/../../../i386-linux-gnu/crti.o

.hash
 *(.hash)

.gnu.hash       0x0000000000000138     0x15a4
 *(.gnu.hash)
 .gnu.hash      0x0000000000000138     0x15a4 /usr/lib/gcc/i686-linux-gnu/5/../../../i386-linux-gnu/crti.o

.dynsym         0x00000000000016dc     0x2f10
 *(.dynsym)
 .dynsym        0x00000000000016dc     0x2f10 /usr/lib/gcc/i686-linux-gnu/5/../../../i386-linux-gnu/crti.o

.dynstr         0x00000000000045ec     0x36c2
 *(.dynstr)
 .dynstr        0x00000000000045ec     0x36c2 /usr/lib/gcc/i686-linux-gnu/5/../../../i386-linux-gnu/crti.o

.gnu.version    0x0000000000007cae      0x5e2
 *(.gnu.version)
 .gnu.version   0x0000000000007cae      0x5e2 /usr/lib/gcc/i686-linux-gnu/5/../../../i386-linux-gnu/crti.o

.gnu.version_d  0x0000000000008290        0x0
 *(.gnu.version_d)
 .gnu.version_d
                0x0000000000008290        0x0 /usr/lib/gcc/i686-linux-gnu/5/../../../i386-linux-gnu/crti.o

.gnu.version_r  0x0000000000008290       0x40
 *(.gnu.version_r)
 .gnu.version_r
                0x0000000000008290       0x40 /usr/lib/gcc/i686-linux-gnu/5/../../../i386-linux-gnu/crti.o

.rel.dyn        0x00000000000082d0     0x93b8
 *(.rel.init)
 .rel.init      0x00000000000082d0        0x0 /usr/lib/gcc/i686-linux-gnu/5/../../../i386-linux-gnu/crti.o
 *(.rel.text .rel.text.* .rel.gnu.linkonce.t.*)
 .rel.text      0x00000000000082d0     0x89c8 /usr/lib/gcc/i686-linux-gnu/5/../../../i386-linux-gnu/crti.o
 *(.rel.fini)
 .rel.fini      0x0000000000010c98        0x0 /usr/lib/gcc/i686-linux-gnu/5/../../../i386-linux-gnu/crti.o
 *(.rel.rodata .rel.rodata.* .rel.gnu.linkonce.r.*)
 .rel.rodata    0x0000000000010c98      0x588 /usr/lib/gcc/i686-linux-gnu/5/../../../i386-linux-gnu/crti.o
 *(.rel.data.rel.ro .rel.data.rel.ro.* .rel.gnu.linkonce.d.rel.ro.*)
 *(.rel.data .rel.data.* .rel.gnu.linkonce.d.*)
 .rel.data.rel.local
                0x0000000000011220        0x8 /usr/lib/gcc/i686-linux-gnu/5/../../../i386-linux-gnu/crti.o
 .rel.data      0x0000000000011228      0x428 /usr/lib/gcc/i686-linux-gnu/5/../../../i386-linux-gnu/crti.o
 *(.rel.tdata .rel.tdata.* .rel.gnu.linkonce.td.*)
 *(.rel.tbss .rel.tbss.* .rel.gnu.linkonce.tb.*)
 *(.rel.ctors)
 *(.rel.dtors)
 *(.rel.got)
 .rel.got       0x0000000000011650       0x28 /usr/lib/gcc/i686-linux-gnu/5/../../../i386-linux-gnu/crti.o
 *(.rel.bss .rel.bss.* .rel.gnu.linkonce.b.*)
 *(.rel.ifunc)
 .rel.ifunc     0x0000000000011678        0x0 /usr/lib/gcc/i686-linux-gnu/5/../../../i386-linux-gnu/crti.o
 .rel.fini_array
                0x0000000000011678        0x8 /usr/lib/gcc/i686-linux-gnu/5/../../../i386-linux-gnu/crti.o
 .rel.init_array
                0x0000000000011680        0x8 /usr/lib/gcc/i686-linux-gnu/5/../../../i386-linux-gnu/crti.o

.rel.plt        0x0000000000011688        0x0
 *(.rel.plt)
 .rel.plt       0x0000000000011688        0x0 /usr/lib/gcc/i686-linux-gnu/5/../../../i386-linux-gnu/crti.o
 *(.rel.iplt)

.init           0x0000000000011688       0x23
 *(SORT(.init))
 .init          0x0000000000011688       0x1e /usr/lib/gcc/i686-linux-gnu/5/../../../i386-linux-gnu/crti.o
                0x0000000000011688                _init
 .init          0x00000000000116a6        0x5 /usr/lib/gcc/i686-linux-gnu/5/../../../i386-linux-gnu/crtn.o

.plt            0x00000000000116b0       0x10
 *(.plt)
 .plt           0x00000000000116b0       0x10 /usr/lib/gcc/i686-linux-gnu/5/../../../i386-linux-gnu/crti.o
 *(.iplt)

.plt.got        0x00000000000116c0       0x10
 *(.plt.got)
 .plt.got       0x00000000000116c0       0x10 /usr/lib/gcc/i686-linux-gnu/5/../../../i386-linux-gnu/crti.o

.text           0x00000000000116d0    0x18cc2
 *(.text.unlikely .text.*_unlikely .text.unlikely.*)
 .text.unlikely
                0x00000000000116d0        0x0 /usr/lib/gcc/i686-linux-gnu/5/crtbeginS.o
 .text.unlikely
                0x00000000000116d0        0x0 /usr/lib/gcc/i686-linux-gnu/5/libgcc.a(_udivdi3.o)
 *(.text.exit .text.exit.*)
 *(.text.startup .text.startup.*)
 *(.text.hot .text.hot.*)
 *(.text .stub .text.* .gnu.linkonce.t.*)
 .text          0x00000000000116d0        0x0 /usr/lib/gcc/i686-linux-gnu/5/../../../i386-linux-gnu/crti.o
 .gnu.linkonce.t.__x86.get_pc_thunk.bx
                0x00000000000116d0        0x4 /usr/lib/gcc/i686-linux-gnu/5/../../../i386-linux-gnu/crti.o
                0x00000000000116d0                __x86.get_pc_thunk.bx
 *fill*         0x00000000000116d4        0xc 
 .text          0x00000000000116e0      0x11c /usr/lib/gcc/i686-linux-gnu/5/crtbeginS.o
 .text.__x86.get_pc_thunk.dx
                0x00000000000117fc        0x4 /usr/lib/gcc/i686-linux-gnu/5/crtbeginS.o
                0x00000000000117fc                __x86.get_pc_thunk.dx
 .text          0x0000000000011800      0x3e8 humidity_sensor.o
 .text          0x0000000000011be8      0x283 build/cooja/mtype123.o
                0x0000000000011c7a                platform_init_stage_one
                0x0000000000011c8d                platform_init_stage_two
                0x0000000000011ca0                platform_init_stage_three
                0x0000000000011cb3                platform_main_loop
                0x0000000000011d26                Java_org_contikios_cooja_corecomm_Lib2_init
                0x0000000000011d5d                Java_org_contikios_cooja_corecomm_Lib2_getMemory
                0x0000000000011d90                Java_org_contikios_cooja_corecomm_Lib2_setMemory
                0x0000000000011df0                Java_org_contikios_cooja_corecomm_Lib2_tick
                0x0000000000011e58                Java_org_contikios_cooja_corecomm_Lib2_setReferenceAddress
 .text          0x0000000000011e6b       0x65 build/cooja/mtype123.a(simEnvChange.o)
                0x0000000000011e6b                doActionsBeforeTick
                0x0000000000011e9d                doActionsAfterTick
 .text          0x0000000000011ed0       0x83 build/cooja/mtype123.a(cooja_mt.o)
                0x0000000000011ed0                cooja_mt_start
                0x0000000000011efa                cooja_mt_exec
                0x0000000000011f30                cooja_mt_yield
 .text          0x0000000000011f53       0xbe build/cooja/mtype123.a(cooja_mtarch.o)
                0x0000000000011f53                cooja_mtarch_start
                0x0000000000011fc6                cooja_sw
                0x0000000000011fe9                cooja_mtarch_exec
                0x0000000000012006                cooja_mtarch_yield
 .text          0x0000000000012011       0xc5 build/cooja/mtype123.a(rtimer-arch.o)
                0x0000000000012011                rtimer_arch_init
                0x0000000000012035                rtimer_arch_schedule
                0x0000000000012065                rtimer_arch_next
                0x0000000000012075                rtimer_arch_pending
                0x000000000001207f                rtimer_arch_check
                0x00000000000120c6                rtimer_arch_now
 .text          0x00000000000120d6       0x81 build/cooja/mtype123.a(beep.o)
                0x00000000000120d6                beep_alarm
                0x00000000000120e3                beep_beep
                0x00000000000120f0                beep
                0x00000000000120fd                beep_down
                0x000000000001210a                beep_on
                0x0000000000012117                beep_off
                0x0000000000012124                beep_spinup
                0x0000000000012131                beep_quick
                0x000000000001213e                beep_long
 .text          0x0000000000012157       0x65 build/cooja/mtype123.a(leds-arch.o)
                0x000000000001216a                leds_arch_init
 .text          0x00000000000121bc       0x35 build/cooja/mtype123.a(moteid.o)
 .text          0x00000000000121f1       0xb7 build/cooja/mtype123.a(pir-sensor.o)
 .text          0x00000000000122a8      0x148 build/cooja/mtype123.a(rs232.o)
                0x00000000000122a8                rs232_init
                0x00000000000122ae                rs232_set_speed
                0x00000000000122bd                rs232_set_input
                0x00000000000122cb                rs232_send
                0x00000000000122ef                rs232_print
                0x000000000001230b                slip_arch_writeb
 .text          0x00000000000123f0       0xb7 build/cooja/mtype123.a(vib-sensor.o)
 .text          0x00000000000124a7       0x38 build/cooja/mtype123.a(clock.o)
                0x00000000000124a7                clock_init
                0x00000000000124ad                clock_time
                0x00000000000124b7                clock_seconds
                0x00000000000124cd                clock_delay
 .text          0x00000000000124df      0x219 build/cooja/mtype123.a(cooja-log.o)
                0x00000000000124df                simlog_char
                0x0000000000012522                simlog
                0x0000000000012598                log_message
                0x00000000000125c9                log_set_putchar_with_slip
                0x00000000000125d7                log_putchar
                0x0000000000012652                log_puts
                0x000000000001267a                log_printf
 .text          0x00000000000126f8      0x2b9 build/cooja/mtype123.a(cfs-cooja.o)
                0x00000000000126f8                cfs_open
                0x0000000000012761                cfs_close
                0x000000000001276e                cfs_read
                0x0000000000012803                cfs_write
                0x00000000000128df                cfs_seek
                0x0000000000012967                cfs_remove
                0x000000000001298b                cfs_opendir
                0x0000000000012995                cfs_readdir
                0x000000000001299f                cfs_closedir
 .text          0x00000000000129b1      0x620 build/cooja/mtype123.a(cooja-radio.o)
                0x00000000000129f3                radio_set_channel
                0x0000000000012a01                radio_set_txpower
                0x0000000000012a19                radio_signal_strength_last
                0x0000000000012a23                radio_signal_strength_current
                0x0000000000012a2d                radio_LQI
 .text          0x0000000000012fd1       0xee build/cooja/mtype123.a(eeprom.o)
                0x0000000000012fd1                eeprom_init
                0x0000000000012fd7                eeprom_read
                0x0000000000013045                eeprom_write
 .text          0x00000000000130bf       0x2d build/cooja/mtype123.a(random.o)
                0x00000000000130bf                random_init
                0x00000000000130df                random_rand
 .text          0x00000000000130ec      0x29c build/cooja/mtype123.a(sensors.o)
                0x0000000000013127                sensors_first
                0x0000000000013131                sensors_next
                0x000000000001314b                sensors_changed
                0x000000000001317f                sensors_find
 .text          0x0000000000013388      0x349 build/cooja/mtype123.a(leds.o)
                0x0000000000013388                leds_init
                0x00000000000133cf                leds_single_on
                0x000000000001342e                leds_single_off
                0x000000000001348d                leds_single_toggle
                0x00000000000134bf                leds_on
                0x0000000000013541                leds_off
                0x00000000000135c3                leds_toggle
                0x0000000000013618                leds_set
                0x0000000000013644                leds_get
 .text          0x00000000000136d1      0x343 build/cooja/mtype123.a(gpio-hal-arch.o)
                0x00000000000136d1                gpio_hal_arch_register_pin_callback
                0x000000000001373d                gpio_hal_arch_init
                0x0000000000013782                gpio_hal_arch_no_port_interrupt_enable
                0x00000000000137b2                gpio_hal_arch_no_port_interrupt_disable
                0x00000000000137e2                gpio_hal_arch_no_port_pin_cfg_set
                0x0000000000013807                gpio_hal_arch_no_port_pin_cfg_get
                0x000000000001382d                gpio_hal_arch_no_port_pin_set_input
                0x000000000001383f                gpio_hal_arch_no_port_pin_set_output
                0x0000000000013851                gpio_hal_arch_no_port_set_pin
                0x0000000000013872                gpio_hal_arch_no_port_clear_pin
                0x0000000000013893                gpio_hal_arch_no_port_read_pin
                0x00000000000138b9                gpio_hal_arch_no_port_write_pin
                0x00000000000138e3                gpio_hal_arch_no_port_set_pins
                0x000000000001392a                gpio_hal_arch_no_port_clear_pins
                0x0000000000013971                gpio_hal_arch_no_port_read_pins
                0x00000000000139b4                gpio_hal_arch_no_port_write_pins
 .text          0x0000000000013a14       0x89 build/cooja/mtype123.a(buttons.o)
 .text          0x0000000000013a9d      0x144 build/cooja/mtype123.a(res_humidity.o)
 .text          0x0000000000013be1      0x27b build/cooja/mtype123.a(coap-blocking-a)
                0x0000000000013be1                coap_blocking_request_callback
                0x0000000000013c0b                coap_blocking_request
 .text          0x0000000000013e5c      0xbea build/cooja/mtype123.a(coap-engine.o)
                0x0000000000013ef1                coap_add_handler
                0x0000000000013f0e                coap_remove_handler
                0x0000000000013f2b                coap_call_handlers
                0x0000000000014033                coap_receive
                0x000000000001462e                coap_engine_init
                0x000000000001468c                coap_activate_resource
                0x0000000000014737                coap_get_first_resource
                0x0000000000014750                coap_get_next_resource
 .text          0x0000000000014a46      0x2d9 build/cooja/mtype123.a(coap-res-well-k)
 .text          0x0000000000014d1f      0x96a build/cooja/mtype123.a(coap-observe.o)
                0x0000000000014e34                coap_remove_observer
                0x0000000000014e64                coap_remove_observer_by_client
                0x0000000000014ecc                coap_remove_observer_by_token
                0x0000000000014f5f                coap_remove_observer_by_uri
                0x0000000000015006                coap_remove_observer_by_mid
                0x0000000000015082                coap_notify_observers
                0x000000000001509b                coap_notify_observers_sub
                0x0000000000015505                coap_observe_handler
                0x0000000000015620                coap_has_observers
 .text          0x0000000000015689      0x2c6 build/cooja/mtype123.a(coap-transactio)
                0x00000000000156ef                coap_new_transaction
                0x0000000000015755                coap_send_transaction
                0x00000000000158b6                coap_clear_transaction
                0x00000000000158fe                coap_get_transaction_by_mid
 .text          0x000000000001594f      0x733 build/cooja/mtype123.a(coap-uip.o)
                0x000000000001594f                coap_endpoint_log
                0x00000000000159d5                coap_endpoint_print
                0x0000000000015a5b                coap_endpoint_snprint
                0x0000000000015b8e                coap_endpoint_copy
                0x0000000000015bcb                coap_endpoint_cmp
                0x0000000000015cd9                coap_endpoint_parse
                0x0000000000015ec4                coap_endpoint_is_secure
                0x0000000000015ed3                coap_endpoint_is_connected
                0x0000000000015f07                coap_endpoint_connect
                0x0000000000015f23                coap_endpoint_disconnect
                0x0000000000015f29                coap_databuf
                0x0000000000015f33                coap_transport_init
                0x0000000000015f83                coap_sendto
 .text          0x0000000000016082      0x324 build/cooja/mtype123.a(coap-timer.o)
                0x000000000001617f                coap_timer_stop
                0x00000000000161aa                coap_timer_set
                0x00000000000161ed                coap_timer_reset
                0x0000000000016230                coap_timer_time_to_next_expiration
                0x000000000001629c                coap_timer_run
                0x0000000000016368                coap_timer_init
 .text          0x00000000000163a6     0x1c53 build/cooja/mtype123.a(coap.o)
                0x0000000000016913                coap_init_connection
                0x0000000000016927                coap_get_mid
                0x0000000000016943                coap_init_message
                0x000000000001698c                coap_serialize_message
                0x000000000001700e                coap_parse_message
                0x0000000000017675                coap_get_query_variable
                0x00000000000176b7                coap_get_post_variable
                0x00000000000176fb                coap_set_status_code
                0x0000000000017720                coap_set_token
                0x0000000000017767                coap_get_header_content_format
                0x0000000000017798                coap_set_header_content_format
                0x00000000000177bb                coap_get_header_accept
                0x00000000000177ec                coap_set_header_accept
                0x000000000001780f                coap_get_header_max_age
                0x0000000000017840                coap_set_header_max_age
                0x0000000000017860                coap_get_header_etag
                0x0000000000017892                coap_set_header_etag
                0x00000000000178e9                coap_get_header_if_match
                0x000000000001791b                coap_set_header_if_match
                0x0000000000017972                coap_get_header_if_none_match
                0x000000000001798c                coap_set_header_if_none_match
                0x00000000000179a3                coap_get_header_proxy_uri
                0x00000000000179d1                coap_set_header_proxy_uri
                0x0000000000017a0e                coap_get_header_uri_host
                0x0000000000017a3c                coap_set_header_uri_host
                0x0000000000017a79                coap_get_header_uri_path
                0x0000000000017aa7                coap_set_header_uri_path
                0x0000000000017af4                coap_get_header_uri_query
                0x0000000000017b28                coap_set_header_uri_query
                0x0000000000017b7e                coap_get_header_location_path
                0x0000000000017bac                coap_set_header_location_path
                0x0000000000017c45                coap_get_header_location_query
                0x0000000000017c73                coap_set_header_location_query
                0x0000000000017cc0                coap_get_header_observe
                0x0000000000017cef                coap_set_header_observe
                0x0000000000017d0f                coap_get_header_block2
                0x0000000000017d7b                coap_set_header_block2
                0x0000000000017df2                coap_get_header_block1
                0x0000000000017e67                coap_set_header_block1
                0x0000000000017ee2                coap_get_header_size2
                0x0000000000017f12                coap_set_header_size2
                0x0000000000017f35                coap_get_header_size1
                0x0000000000017f65                coap_set_header_size1
                0x0000000000017f88                coap_get_payload
                0x0000000000017fc2                coap_set_payload
 .text          0x0000000000017ff9      0x332 build/cooja/mtype123.a(contiki-main.o)
                0x0000000000017ff9                main
 .text          0x000000000001832b       0x92 build/cooja/mtype123.a(autostart.o)
                0x000000000001832b                autostart_start
                0x0000000000018375                autostart_exit
 .text          0x00000000000183bd      0x355 build/cooja/mtype123.a(ctimer.o)
                0x00000000000184e5                ctimer_init
                0x0000000000018518                ctimer_set
                0x000000000001853e                ctimer_set_with_process
                0x00000000000185bb                ctimer_reset
                0x000000000001860f                ctimer_restart
                0x0000000000018663                ctimer_stop
                0x00000000000186b3                ctimer_expired
 .text          0x0000000000018712       0x1b build/cooja/mtype123.a(energest.o)
                0x0000000000018712                energest_init
                0x0000000000018718                energest_flush
                0x000000000001871e                energest_get_total_time
 .text          0x000000000001872d      0x43f build/cooja/mtype123.a(etimer.o)
                0x0000000000018951                etimer_request_poll
                0x00000000000189da                etimer_set
                0x0000000000018a03                etimer_reset_with_new_interval
                0x0000000000018a32                etimer_reset
                0x0000000000018a58                etimer_restart
                0x0000000000018a7e                etimer_adjust
                0x0000000000018a9b                etimer_expired
                0x0000000000018aae                etimer_expiration_time
                0x0000000000018ac0                etimer_start_time
                0x0000000000018aca                etimer_pending
                0x0000000000018adc                etimer_next_expiration_time
                0x0000000000018af6                etimer_stop
 .text          0x0000000000018b6c      0x394 build/cooja/mtype123.a(log.o)
                0x0000000000018b6c                log_6addr
                0x0000000000018bbf                log_6addr_compact_snprint
                0x0000000000018c5d                log_6addr_compact
                0x0000000000018cb0                log_lladdr
                0x0000000000018d22                log_lladdr_compact
                0x0000000000018d8a                log_set_level
                0x0000000000018e45                log_get_level
                0x0000000000018ebe                log_level_to_str
 .text          0x0000000000018f00       0xeb build/cooja/mtype123.a(rtimer.o)
                0x0000000000018f00                rtimer_init
                0x0000000000018f0e                rtimer_set
                0x0000000000018f89                rtimer_run_next
 .text          0x0000000000018feb       0x25 build/cooja/mtype123.a(node-id.o)
                0x0000000000018feb                node_id_init
 .text          0x0000000000019010      0x4fb build/cooja/mtype123.a(process.o)
                0x0000000000019010                process_alloc_event
                0x0000000000019025                process_start
                0x00000000000191ff                process_exit
                0x000000000001921c                process_init
                0x00000000000193b1                process_run
                0x00000000000193e4                process_nevents
                0x00000000000193ff                process_post
                0x0000000000019492                process_post_synch
                0x00000000000194c7                process_poll
                0x00000000000194f7                process_is_running
 .text          0x000000000001950b       0xb1 build/cooja/mtype123.a(timer.o)
                0x000000000001950b                timer_set
                0x0000000000019529                timer_reset
                0x0000000000019556                timer_restart
                0x000000000001956b                timer_expired
                0x0000000000019598                timer_remaining
 .text          0x00000000000195bc      0x28f build/cooja/mtype123.a(list.o)
                0x00000000000195bc                list_init
                0x00000000000195cb                list_head
                0x00000000000195d5                list_copy
                0x00000000000195e5                list_tail
                0x000000000001961b                list_add
                0x0000000000019667                list_push
                0x0000000000019693                list_chop
                0x00000000000196fd                list_pop
                0x0000000000019725                list_remove
                0x000000000001978d                list_length
                0x00000000000197bb                list_insert
                0x0000000000019800                list_item_next
                0x0000000000019817                list_contains
 .text          0x000000000001984b      0x1b5 build/cooja/mtype123.a(memb.o)
                0x000000000001984b                memb_init
                0x00000000000198a0                memb_alloc
                0x0000000000019903                memb_free
                0x000000000001997a                memb_inmemb
                0x00000000000199b9                memb_numfree
 .text          0x0000000000019a00      0x41c build/cooja/mtype123.a(button-hal.o)
                0x0000000000019b79                button_hal_get_by_id
                0x0000000000019bb7                button_hal_get_by_index
                0x0000000000019be3                button_hal_get_state
                0x0000000000019c35                button_hal_init
 .text          0x0000000000019e1c      0x1f3 build/cooja/mtype123.a(serial-line.o)
                0x0000000000019e1c                serial_line_input_byte
                0x0000000000019fda                serial_line_init
 .text          0x000000000001a00f      0x168 build/cooja/mtype123.a(gpio-hal.o)
                0x000000000001a00f                gpio_hal_register_handler
                0x000000000001a02c                gpio_hal_event_handler
                0x000000000001a088                gpio_hal_init
                0x000000000001a0a7                gpio_hal_arch_port_toggle_pin
                0x000000000001a0e3                gpio_hal_arch_port_toggle_pins
                0x000000000001a111                gpio_hal_arch_no_port_toggle_pin
                0x000000000001a14f                gpio_hal_arch_no_port_toggle_pins
 .text          0x000000000001a177      0x2e7 build/cooja/mtype123.a(queuebuf.o)
                0x000000000001a181                queuebuf_init
                0x000000000001a1aa                queuebuf_numfree
                0x000000000001a1c2                queuebuf_new_from_packetbuf
                0x000000000001a261                queuebuf_update_attr_from_packetbuf
                0x000000000001a296                queuebuf_update_from_packetbuf
                0x000000000001a2e6                queuebuf_free
                0x000000000001a32f                queuebuf_to_packetbuf
                0x000000000001a39b                queuebuf_dataptr
                0x000000000001a3d5                queuebuf_datalen
                0x000000000001a3f8                queuebuf_addr
                0x000000000001a42d                queuebuf_attr
                0x000000000001a458                queuebuf_debug_print
 .text          0x000000000001a45e      0x407 build/cooja/mtype123.a(packetbuf.o)
                0x000000000001a45e                packetbuf_clear
                0x000000000001a489                packetbuf_copyfrom
                0x000000000001a4d8                packetbuf_copyto
                0x000000000001a56b                packetbuf_hdralloc
                0x000000000001a5e7                packetbuf_hdrreduce
                0x000000000001a62d                packetbuf_set_datalen
                0x000000000001a647                packetbuf_dataptr
                0x000000000001a664                packetbuf_hdrptr
                0x000000000001a66e                packetbuf_datalen
                0x000000000001a67a                packetbuf_hdrlen
                0x000000000001a691                packetbuf_totlen
                0x000000000001a6a7                packetbuf_remaininglen
                0x000000000001a6ba                packetbuf_attr_clear
                0x000000000001a706                packetbuf_attr_copyto
                0x000000000001a75e                packetbuf_attr_copyfrom
                0x000000000001a7b6                packetbuf_set_attr
                0x000000000001a7e0                packetbuf_attr
                0x000000000001a7fa                packetbuf_set_addr
                0x000000000001a82b                packetbuf_addr
                0x000000000001a848                packetbuf_holds_broadcast
 .text          0x000000000001a865       0xef build/cooja/mtype123.a(netstack.o)
                0x000000000001a865                netstack_process_ip_callback
                0x000000000001a8f6                netstack_ip_packet_processor_add
                0x000000000001a919                uip_ds6_ip_packet_processor_rm
                0x000000000001a936                netstack_init
 .text          0x000000000001a954       0x4f build/cooja/mtype123.a(linkaddr.o)
                0x000000000001a954                linkaddr_copy
                0x000000000001a96a                linkaddr_cmp
                0x000000000001a98d                linkaddr_set_node_addr
 .text          0x000000000001a9a3      0x1f6 build/cooja/mtype123.a(csma.o)
 .text          0x000000000001ab99      0x95d build/cooja/mtype123.a(csma-output.o)
                0x000000000001b230                csma_output_packet
                0x000000000001b4bd                csma_output_init
 .text          0x000000000001b4f6      0xc11 build/cooja/mtype123.a(uip-ds6.o)
                0x000000000001b4f6                uip_ds6_default_prefix
                0x000000000001b500                uip_ds6_set_default_prefix
                0x000000000001b52b                uip_ds6_init
                0x000000000001b78d                uip_ds6_periodic
                0x000000000001b814                uip_ds6_list_loop
                0x000000000001b8d4                uip_ds6_prefix_add
                0x000000000001b980                uip_ds6_prefix_rm
                0x000000000001b993                uip_ds6_prefix_lookup
                0x000000000001b9d2                uip_ds6_is_addr_onlink
                0x000000000001ba45                uip_ds6_addr_add
                0x000000000001bb65                uip_ds6_addr_rm
                0x000000000001bc0e                uip_ds6_addr_lookup
                0x000000000001bc47                uip_ds6_get_link_local
                0x000000000001bcc8                uip_ds6_get_global
                0x000000000001bd49                uip_ds6_maddr_add
                0x000000000001bda9                uip_ds6_maddr_rm
                0x000000000001bdbc                uip_ds6_maddr_lookup
                0x000000000001bdf5                uip_ds6_aaddr_add
                0x000000000001be55                uip_ds6_aaddr_rm
                0x000000000001be68                uip_ds6_aaddr_lookup
                0x000000000001bea1                uip_ds6_select_src
                0x000000000001bfea                uip_ds6_set_addr_iid
                0x000000000001c015                uip_ds6_set_lladdr_from_iid
                0x000000000001c03e                get_match_length
                0x000000000001c0cf                uip_ds6_compute_reachable_time
 .text          0x000000000001c107      0x6f7 build/cooja/mtype123.a(tcpip.o)
                0x000000000001c121                tcpip_output
                0x000000000001c1a0                udp_attach
                0x000000000001c1b8                udp_new
                0x000000000001c202                udp_broadcast_new
                0x000000000001c374                tcpip_input
                0x000000000001c504                tcpip_ipv6_output
                0x000000000001c6f8                tcpip_poll_udp
                0x000000000001c716                tcpip_uipcall
 .text          0x000000000001c7fe      0x128 build/cooja/mtype123.a(uip-udp-packet.)
                0x000000000001c7fe                uip_udp_packet_send
                0x000000000001c859                uip_udp_packet_sendto
 .text          0x000000000001c926      0xa3c build/cooja/mtype123.a(uip-ds6-route.o)
                0x000000000001ca10                uip_ds6_notification_add
                0x000000000001ca42                uip_ds6_notification_rm
                0x000000000001ca5f                uip_ds6_route_init
                0x000000000001cafe                uip_ds6_route_nexthop
                0x000000000001cb2d                uip_ds6_route_head
                0x000000000001cb46                uip_ds6_route_next
                0x000000000001cb6f                uip_ds6_route_is_nexthop
                0x000000000001cbb1                uip_ds6_route_num_routes
                0x000000000001cbbb                uip_ds6_route_lookup
                0x000000000001cc92                uip_ds6_route_add
                0x000000000001ced2                uip_ds6_route_rm
                0x000000000001d070                uip_ds6_route_rm_by_nexthop
                0x000000000001d0af                uip_ds6_defrt_head
                0x000000000001d0c8                uip_ds6_defrt_add
                0x000000000001d189                uip_ds6_defrt_rm
                0x000000000001d20a                uip_ds6_defrt_lookup
                0x000000000001d271                uip_ds6_defrt_choose
                0x000000000001d2e7                uip_ds6_defrt_periodic
 .text          0x000000000001d362      0x369 build/cooja/mtype123.a(uip-ds6-nbr.o)
                0x000000000001d362                uip_ds6_neighbors_init
                0x000000000001d386                uip_ds6_nbr_add
                0x000000000001d40c                uip_ds6_nbr_rm
                0x000000000001d457                uip_ds6_nbr_update_ll
                0x000000000001d545                uip_ds6_nbr_get_ipaddr
                0x000000000001d55a                uip_ds6_nbr_get_ll
                0x000000000001d576                uip_ds6_nbr_num
                0x000000000001d5bf                uip_ds6_nbr_head
                0x000000000001d5d8                uip_ds6_nbr_next
                0x000000000001d5f4                uip_ds6_nbr_lookup
                0x000000000001d64c                uip_ds6_nbr_ll_lookup
                0x000000000001d668                uip_ds6_nbr_ipaddr_from_lladdr
                0x000000000001d691                uip_ds6_nbr_lladdr_from_ipaddr
                0x000000000001d6c5                uip_ds6_link_callback
 .text          0x000000000001d6cb     0x1205 build/cooja/mtype123.a(uip6.o)
                0x000000000001d77a                uip_chksum
                0x000000000001d851                uip_icmp6chksum
                0x000000000001d866                uip_udpchksum
                0x000000000001d87b                uip_init
                0x000000000001d8c4                uip_remove_ext_hdr
                0x000000000001d99e                uip_udp_new
                0x000000000001dcb2                uip_process
                0x000000000001e7aa                uip_htons
                0x000000000001e7cc                uip_htonl
                0x000000000001e80a                uip_send
 .text          0x000000000001e8d0      0x6a7 build/cooja/mtype123.a(uip-nd6.o)
                0x000000000001ef5e                uip_nd6_init
 .text          0x000000000001ef77     0x2c17 build/cooja/mtype123.a(sicslowpan.o)
                0x000000000001f57e                netstack_sniffer_add
                0x000000000001f58c                netstack_sniffer_remove
                0x0000000000021b62                sicslowpan_init
                0x0000000000021b84                sicslowpan_get_last_rssi
 .text          0x0000000000021b8e      0x4d1 build/cooja/mtype123.a(uiplib.o)
                0x0000000000021b8e                uiplib_ip6addrconv
                0x0000000000021d46                uiplib_ip4addrconv
                0x0000000000021e09                uiplib_ipaddr_print
                0x0000000000021e5c                uiplib_ipaddr_snprint
 .text          0x000000000002205f      0x4c9 build/cooja/mtype123.a(rpl.o)
                0x000000000002205f                rpl_lollipop_greater_than
                0x00000000000220b9                rpl_get_global_address
                0x00000000000221b1                rpl_link_callback
                0x00000000000221f5                rpl_has_joined
                0x000000000002221a                rpl_is_reachable
                0x000000000002229b                rpl_reset_prefix
                0x0000000000022305                rpl_set_prefix_from_addr
                0x00000000000223ea                rpl_set_prefix
                0x0000000000022504                rpl_set_leaf_only
                0x000000000002251c                rpl_get_leaf_only
 .text          0x0000000000022528     0x138c build/cooja/mtype123.a(rpl-icmp6.o)
                0x000000000002264d                rpl_icmp6_update_nbr_table
                0x00000000000226d6                rpl_icmp6_dis_output
                0x0000000000022d1c                rpl_icmp6_dio_output
                0x000000000002351a                rpl_icmp6_dao_output
                0x00000000000237fb                rpl_icmp6_dao_ack_output
                0x000000000002386b                rpl_icmp6_init
 .text          0x00000000000238b4      0x264 build/cooja/mtype123.a(rpl-dag-root.o)
                0x00000000000238b4                rpl_dag_root_print_links
                0x00000000000239e0                rpl_dag_root_set_prefix
                0x0000000000023a0c                rpl_dag_root_start
                0x0000000000023ae9                rpl_dag_root_is_root
 .text          0x0000000000023b18       0x30 build/cooja/mtype123.a(watchdog.o)
                0x0000000000023b18                watchdog_init
                0x0000000000023b1e                watchdog_start
                0x0000000000023b24                watchdog_periodic
                0x0000000000023b3c                watchdog_stop
                0x0000000000023b42                watchdog_reboot
 .text          0x0000000000023b48       0x4a build/cooja/mtype123.a(int-master.o)
                0x0000000000023b48                int_master_enable
                0x0000000000023b58                int_master_read_and_disable
                0x0000000000023b75                int_master_status_set
                0x0000000000023b83                int_master_is_enabled
 .text          0x0000000000023b92      0x226 build/cooja/mtype123.a(coap-timer-defa)
 .text          0x0000000000023db8       0xc7 build/cooja/mtype123.a(stimer.o)
                0x0000000000023db8                stimer_set
                0x0000000000023dd6                stimer_reset
                0x0000000000023e03                stimer_restart
                0x0000000000023e18                stimer_expired
                0x0000000000023e43                stimer_remaining
                0x0000000000023e67                stimer_elapsed
 .text          0x0000000000023e7f      0x156 build/cooja/mtype123.a(ringbuf.o)
                0x0000000000023e7f                ringbuf_init
                0x0000000000023eb1                ringbuf_put
                0x0000000000023f2f                ringbuf_get
                0x0000000000023f9c                ringbuf_size
                0x0000000000023fae                ringbuf_elements
 .text          0x0000000000023fd5       0x1f build/cooja/mtype123.a(assert.o)
                0x0000000000023fd5                _xassert
 .text          0x0000000000023ff4      0x79b build/cooja/mtype123.a(nbr-table.o)
                0x000000000002446d                nbr_table_register
                0x00000000000244da                nbr_table_is_registered
                0x0000000000024515                nbr_table_head
                0x0000000000024570                nbr_table_next
                0x00000000000245d1                nbr_table_add_lladdr
                0x00000000000246ab                nbr_table_get_from_lladdr
                0x00000000000246f7                nbr_table_remove
                0x000000000002472f                nbr_table_lock
                0x0000000000024749                nbr_table_unlock
                0x0000000000024763                nbr_table_get_lladdr
 .text          0x000000000002478f      0x3a5 build/cooja/mtype123.a(link-stats.o)
                0x000000000002478f                link_stats_from_lladdr
                0x00000000000247ab                link_stats_get_lladdr
                0x00000000000247c7                link_stats_is_fresh
                0x0000000000024803                guess_etx_from_rssi
                0x000000000002487f                link_stats_packet_sent
                0x000000000002499f                link_stats_input_callback
                0x0000000000024aaf                link_stats_reset
                0x0000000000024aff                link_stats_init
 .text          0x0000000000024b34      0x187 build/cooja/mtype123.a(mac-sequence.o)
                0x0000000000024b34                mac_sequence_is_duplicate
                0x0000000000024bd4                mac_sequence_register_seqno
 .text          0x0000000000024cbb       0x23 build/cooja/mtype123.a(mac.o)
                0x0000000000024cbb                mac_call_sent_callback
 .text          0x0000000000024cde      0x432 build/cooja/mtype123.a(framer-802154.o)
                0x0000000000024e6d                framer_802154_setup_params
 .text          0x0000000000025110      0xb6f build/cooja/mtype123.a(frame802154.o)
                0x0000000000025141                frame802154_get_pan_id
                0x000000000002514d                frame802154_set_pan_id
                0x0000000000025167                frame802154_has_panid
                0x0000000000025316                frame802154_check_dest_panid
                0x000000000002539e                frame802154_is_broadcast_addr
                0x00000000000253eb                frame802154_extract_linkaddr
                0x0000000000025650                frame802154_hdrlen
                0x00000000000256c3                frame802154_create_fcf
                0x000000000002577b                frame802154_create
                0x00000000000258f0                frame802154_parse_fcf
                0x00000000000259d2                frame802154_parse
 .text          0x0000000000025c7f       0x2d build/cooja/mtype123.a(csma-security.o)
                0x0000000000025c7f                csma_security_create_frame
                0x0000000000025c9d                csma_security_parse_frame
 .text          0x0000000000025cac      0x4e4 build/cooja/mtype123.a(uipbuf.o)
                0x0000000000025cac                uipbuf_clear
                0x0000000000025cd3                uipbuf_add_ext_hdr
                0x0000000000025d53                uipbuf_set_len
                0x0000000000025d80                uipbuf_set_len_field
                0x0000000000025dac                uipbuf_get_len_field
                0x0000000000025dcc                uipbuf_get_next_header
                0x0000000000025efe                uipbuf_get_last_header
                0x0000000000025f77                uipbuf_search_header
                0x000000000002602d                uipbuf_get_attr
                0x0000000000026054                uipbuf_set_attr
                0x000000000002608b                uipbuf_set_default_attr
                0x00000000000260c2                uipbuf_clear_attr
                0x00000000000260e6                uipbuf_set_attr_flag
                0x0000000000026107                uipbuf_clr_attr_flag
                0x000000000002612e                uipbuf_is_attr_flag
                0x0000000000026152                uipbuf_init
 .text          0x0000000000026190      0x73f build/cooja/mtype123.a(uip-icmp6.o)
                0x0000000000026205                uip_icmp6_input
                0x000000000002625c                uip_icmp6_register_input_handler
                0x00000000000263af                uip_icmp6_error_output
                0x0000000000026660                uip_icmp6_send
                0x0000000000026857                uip_icmp6_echo_reply_callback_add
                0x0000000000026889                uip_icmp6_echo_reply_callback_rm
                0x00000000000268a6                uip_icmp6_init
 .text          0x00000000000268cf      0x69b build/cooja/mtype123.a(uip-sr.o)
                0x00000000000268cf                uip_sr_num_nodes
                0x000000000002695d                uip_sr_get_node
                0x00000000000269b4                uip_sr_is_addr_reachable
                0x0000000000026a62                uip_sr_expire_parent
                0x0000000000026aab                uip_sr_update_node
                0x0000000000026bdb                uip_sr_init
                0x0000000000026c0f                uip_sr_node_head
                0x0000000000026c28                uip_sr_node_next
                0x0000000000026c3e                uip_sr_periodic
                0x0000000000026d44                uip_sr_free_all
                0x0000000000026db4                uip_sr_link_snprint
 .text          0x0000000000026f6a      0x146 build/cooja/mtype123.a(uip-packetqueue)
                0x0000000000026f98                uip_packetqueue_new
                0x0000000000026fa7                uip_packetqueue_alloc
                0x0000000000027002                uip_packetqueue_free
                0x0000000000027049                uip_packetqueue_buf
                0x0000000000027066                uip_packetqueue_buflen
                0x0000000000027087                uip_packetqueue_set_buflen
 .text          0x00000000000270b0      0x1b0 build/cooja/mtype123.a(rpl-nbr-policy.)
                0x000000000002721d                rpl_nbr_policy_find_removable
 .text          0x0000000000027260      0x915 build/cooja/mtype123.a(rpl-neighbor.o)
                0x00000000000272dc                rpl_neighbor_snprint
                0x000000000002758f                rpl_neighbor_print_list
                0x0000000000027644                rpl_neighbor_count
                0x00000000000276eb                rpl_neighbor_get_from_lladdr
                0x0000000000027707                rpl_neighbor_is_acceptable_parent
                0x000000000002773b                rpl_neighbor_get_link_metric
                0x000000000002776f                rpl_neighbor_rank_via_nbr
                0x00000000000277a3                rpl_neighbor_get_lladdr
                0x00000000000277bf                rpl_neighbor_get_ipaddr
                0x00000000000277e6                rpl_neighbor_get_link_stats
                0x000000000002780d                rpl_neighbor_is_fresh
                0x0000000000027834                rpl_neighbor_is_reachable
                0x000000000002787f                rpl_neighbor_is_parent
                0x00000000000278a9                rpl_neighbor_set_preferred_parent
                0x0000000000027940                rpl_neighbor_remove_all
                0x000000000002799c                rpl_neighbor_get_from_ipaddr
                0x0000000000027aaa                rpl_neighbor_select_best
                0x0000000000027b56                rpl_neighbor_init
 .text          0x0000000000027b75      0xe69 build/cooja/mtype123.a(rpl-dag.o)
                0x0000000000027b75                rpl_dag_state_to_str
                0x0000000000027bb4                rpl_dag_get_root_ipaddr
                0x0000000000027bfc                rpl_dag_leave
                0x0000000000027c85                rpl_dag_poison_and_leave
                0x0000000000027c9d                rpl_dag_periodic
                0x0000000000027d25                rpl_is_addr_in_our_dag
                0x0000000000027d69                rpl_get_default_instance
                0x0000000000027d85                rpl_get_any_dag
                0x0000000000027dde                rpl_refresh_routes
                0x0000000000027e1e                rpl_global_repair
                0x0000000000027eb7                rpl_local_repair
                0x0000000000027f01                rpl_dag_ready_to_advertise
                0x0000000000027f44                rpl_dag_update_state
                0x0000000000028671                rpl_process_dio
                0x00000000000286ef                rpl_process_dis
                0x0000000000028734                rpl_process_dao
                0x00000000000287c3                rpl_process_dao_ack
                0x000000000002885a                rpl_process_hbh
                0x00000000000288aa                rpl_dag_init_root
                0x00000000000289be                rpl_dag_init
 .text          0x00000000000289de      0x9e7 build/cooja/mtype123.a(rpl-timers.o)
                0x00000000000289de                rpl_timers_schedule_periodic_dis
                0x0000000000028b2c                rpl_timers_dio_reset
                0x0000000000028c3a                rpl_timers_schedule_unicast_dio
                0x0000000000028d8e                rpl_timers_schedule_dao
                0x0000000000028e4d                rpl_timers_schedule_dao_ack
                0x0000000000028ed3                rpl_timers_notify_dao_ack
                0x0000000000028f31                get_probing_delay
                0x0000000000028f65                get_probing_target
                0x000000000002914f                rpl_schedule_probing
                0x000000000002917d                rpl_schedule_probing_now
                0x00000000000291e7                rpl_timers_unschedule_leaving
                0x000000000002921f                rpl_timers_schedule_leaving
                0x0000000000029260                rpl_timers_init
                0x00000000000292f0                rpl_timers_stop_dag_timers
                0x0000000000029369                rpl_timers_unschedule_state_update
                0x000000000002938d                rpl_timers_schedule_state_update
 .text          0x00000000000293c5      0xb8e build/cooja/mtype123.a(rpl-ext-header.)
                0x00000000000293c5                rpl_ext_header_srh_get_next_hop
                0x00000000000294ac                rpl_ext_header_srh_update
                0x0000000000029a18                rpl_ext_header_hbh_update
                0x0000000000029d18                rpl_ext_header_update
                0x0000000000029da1                rpl_ext_header_remove
 .text          0x0000000000029f53      0x31b build/cooja/mtype123.a(rpl-mrhof.o)
 *fill*         0x000000000002a26e        0x2 
 .text          0x000000000002a270      0x122 /usr/lib/gcc/i686-linux-gnu/5/libgcc.a(_udivdi3.o)
                0x000000000002a270                __udivdi3
 .text          0x000000000002a392        0x0 /usr/lib/gcc/i686-linux-gnu/5/crtendS.o
 .text          0x000000000002a392        0x0 /usr/lib/gcc/i686-linux-gnu/5/../../../i386-linux-gnu/crtn.o
 *(.gnu.warning)

.fini           0x000000000002a394       0x14
 *(SORT(.fini))
 .fini          0x000000000002a394        0xf /usr/lib/gcc/i686-linux-gnu/5/../../../i386-linux-gnu/crti.o
                0x000000000002a394                _fini
 .fini          0x000000000002a3a3        0x5 /usr/lib/gcc/i686-linux-gnu/5/../../../i386-linux-gnu/crtn.o
                [!provide]                        PROVIDE (__etext, .)
                [!provide]                        PROVIDE (_etext, .)
                [!provide]                        PROVIDE (etext, .)

.rodata         0x000000000002a3c0      0xb4b
 *(.rodata .rodata.* .gnu.linkonce.r.*)
 .rodata        0x000000000002a3c0      0x110 humidity_sensor.o
                0x000000000002a3c0                VAR_RANGE
                0x000000000002a3d4                autostart_processes
 .rodata        0x000000000002a4d0        0x8 build/cooja/mtype123.a(beep.o)
                0x000000000002a4d0                beep_interface
 .rodata        0x000000000002a4d8        0xe build/cooja/mtype123.a(leds-arch.o)
                0x000000000002a4d8                leds_interface
                0x000000000002a4e0                leds_arch_leds
 *fill*         0x000000000002a4e6        0x2 
 .rodata        0x000000000002a4e8        0x8 build/cooja/mtype123.a(moteid.o)
                0x000000000002a4e8                moteid_interface
 .rodata        0x000000000002a4f0       0x1c build/cooja/mtype123.a(pir-sensor.o)
                0x000000000002a4f0                pir_interface
                0x000000000002a4fc                pir_sensor
 .rodata        0x000000000002a50c        0xe build/cooja/mtype123.a(rs232.o)
                0x000000000002a50c                rs232_interface
 *fill*         0x000000000002a51a        0x2 
 .rodata        0x000000000002a51c       0x24 build/cooja/mtype123.a(vib-sensor.o)
                0x000000000002a51c                vib_interface
                0x000000000002a530                vib_sensor
 .rodata        0x000000000002a540        0x8 build/cooja/mtype123.a(clock.o)
                0x000000000002a540                clock_interface
 .rodata        0x000000000002a548        0x8 build/cooja/mtype123.a(cooja-log.o)
                0x000000000002a548                simlog_interface
 .rodata        0x000000000002a550       0x2f build/cooja/mtype123.a(cfs-cooja.o)
                0x000000000002a550                cfs_interface
 *fill*         0x000000000002a57f        0x1 
 .rodata        0x000000000002a580       0xb8 build/cooja/mtype123.a(cooja-radio.o)
                0x000000000002a580                radio_interface
                0x000000000002a600                cooja_radio_driver
 .rodata        0x000000000002a638        0x8 build/cooja/mtype123.a(eeprom.o)
                0x000000000002a638                eeprom_interface
 .rodata        0x000000000002a640        0x8 build/cooja/mtype123.a(sensors.o)
 .rodata        0x000000000002a648       0x2c build/cooja/mtype123.a(buttons.o)
                0x000000000002a648                button_interface
                0x000000000002a65c                button_hal_button_count
                0x000000000002a664                button_sensor
 .rodata        0x000000000002a674       0x6d build/cooja/mtype123.a(res_humidity.o)
 .rodata        0x000000000002a6e1       0x41 build/cooja/mtype123.a(coap-engine.o)
 .rodata        0x000000000002a722       0x19 build/cooja/mtype123.a(coap-res-well-k)
 .rodata        0x000000000002a73b       0x11 build/cooja/mtype123.a(coap-observe.o)
 .rodata        0x000000000002a74c       0x35 build/cooja/mtype123.a(coap-uip.o)
 *fill*         0x000000000002a781        0x3 
 .rodata        0x000000000002a784      0x1ac build/cooja/mtype123.a(coap.o)
 .rodata        0x000000000002a930       0xf4 build/cooja/mtype123.a(contiki-main.o)
 .rodata        0x000000000002aa24        0xf build/cooja/mtype123.a(ctimer.o)
 .rodata        0x000000000002aa33        0xc build/cooja/mtype123.a(etimer.o)
 *fill*         0x000000000002aa3f        0x1 
 .rodata        0x000000000002aa40       0xc4 build/cooja/mtype123.a(log.o)
 .rodata        0x000000000002ab04       0x13 build/cooja/mtype123.a(button-hal.o)
 .rodata        0x000000000002ab17        0xe build/cooja/mtype123.a(serial-line.o)
 *fill*         0x000000000002ab25        0x3 
 .rodata        0x000000000002ab28        0x8 build/cooja/mtype123.a(linkaddr.o)
                0x000000000002ab28                linkaddr_null
 .rodata        0x000000000002ab30       0x24 build/cooja/mtype123.a(csma.o)
                0x000000000002ab38                csma_driver
 .rodata        0x000000000002ab54       0x24 build/cooja/mtype123.a(csma-output.o)
 .rodata        0x000000000002ab78        0xd build/cooja/mtype123.a(tcpip.o)
 *fill*         0x000000000002ab85        0x3 
 .rodata        0x000000000002ab88       0xb9 build/cooja/mtype123.a(uip-ds6-route.o)
 *fill*         0x000000000002ac41        0x3 
 .rodata        0x000000000002ac44       0x30 build/cooja/mtype123.a(sicslowpan.o)
                0x000000000002ac44                unc_llconf
                0x000000000002ac48                unc_ctxconf
                0x000000000002ac4c                unc_mxconf
                0x000000000002ac50                llprefix
                0x000000000002ac64                sicslowpan_driver
 .rodata        0x000000000002ac74       0x2d build/cooja/mtype123.a(uiplib.o)
 *fill*         0x000000000002aca1       0x1f 
 .rodata        0x000000000002acc0       0x74 build/cooja/mtype123.a(rpl.o)
                0x000000000002ace0                rpl_lite_driver
 .rodata        0x000000000002ad34       0x20 build/cooja/mtype123.a(coap-timer-defa)
                0x000000000002ad48                coap_timer_default_driver
 .rodata        0x000000000002ad54       0x25 build/cooja/mtype123.a(assert.o)
 *fill*         0x000000000002ad79        0x3 
 .rodata        0x000000000002ad7c        0xc build/cooja/mtype123.a(framer-802154.o)
                0x000000000002ad7c                framer_802154
 .rodata        0x000000000002ad88       0x44 build/cooja/mtype123.a(uip-sr.o)
 .rodata        0x000000000002adcc       0x58 build/cooja/mtype123.a(rpl-neighbor.o)
 .rodata        0x000000000002ae24       0xdb build/cooja/mtype123.a(rpl-dag.o)
 .rodata        0x000000000002aeff        0xc build/cooja/mtype123.a(rpl-timers.o)

.rodata1
 *(.rodata1)

.eh_frame_hdr   0x000000000002af0c     0x1a04
 *(.eh_frame_hdr)
 .eh_frame_hdr  0x000000000002af0c     0x1a04 humidity_sensor.o
                0x000000000002af0c                __GNU_EH_FRAME_HDR
 *(.eh_frame_entry .eh_frame_entry.*)

.eh_frame       0x000000000002c910     0x6988
 *(.eh_frame)
 .eh_frame      0x000000000002c910       0x3c /usr/lib/gcc/i686-linux-gnu/5/../../../i386-linux-gnu/crti.o
                                         0x40 (size before relaxing)
 .eh_frame      0x000000000002c94c       0x40 humidity_sensor.o
                                         0x58 (size before relaxing)
 .eh_frame      0x000000000002c98c      0x178 build/cooja/mtype123.o
                                        0x190 (size before relaxing)
 .eh_frame      0x000000000002cb04       0x40 build/cooja/mtype123.a(simEnvChange.o)
                                         0x58 (size before relaxing)
 .eh_frame      0x000000000002cb44       0x60 build/cooja/mtype123.a(cooja_mt.o)
                                         0x78 (size before relaxing)
 .eh_frame      0x000000000002cba4       0x80 build/cooja/mtype123.a(cooja_mtarch.o)
                                         0x98 (size before relaxing)
 .eh_frame      0x000000000002cc24       0xc8 build/cooja/mtype123.a(rtimer-arch.o)
                                         0xe0 (size before relaxing)
 .eh_frame      0x000000000002ccec      0x160 build/cooja/mtype123.a(beep.o)
                                        0x178 (size before relaxing)
 .eh_frame      0x000000000002ce4c       0x80 build/cooja/mtype123.a(leds-arch.o)
                                         0x98 (size before relaxing)
 .eh_frame      0x000000000002cecc       0x40 build/cooja/mtype123.a(moteid.o)
                                         0x58 (size before relaxing)
 .eh_frame      0x000000000002cf0c       0xa0 build/cooja/mtype123.a(pir-sensor.o)
                                         0xb8 (size before relaxing)
 .eh_frame      0x000000000002cfac      0x100 build/cooja/mtype123.a(rs232.o)
                                        0x118 (size before relaxing)
 .eh_frame      0x000000000002d0ac       0xa0 build/cooja/mtype123.a(vib-sensor.o)
                                         0xb8 (size before relaxing)
 .eh_frame      0x000000000002d14c       0xc0 build/cooja/mtype123.a(clock.o)
                                         0xd8 (size before relaxing)
 .eh_frame      0x000000000002d20c      0x120 build/cooja/mtype123.a(cooja-log.o)
                                        0x138 (size before relaxing)
 .eh_frame      0x000000000002d32c      0x160 build/cooja/mtype123.a(cfs-cooja.o)
                                        0x178 (size before relaxing)
 .eh_frame      0x000000000002d48c      0x340 build/cooja/mtype123.a(cooja-radio.o)
                                        0x358 (size before relaxing)
 .eh_frame      0x000000000002d7cc       0xa0 build/cooja/mtype123.a(eeprom.o)
                                         0xb8 (size before relaxing)
 .eh_frame      0x000000000002d86c       0x40 build/cooja/mtype123.a(random.o)
                                         0x58 (size before relaxing)
 .eh_frame      0x000000000002d8ac       0xc0 build/cooja/mtype123.a(sensors.o)
                                         0xd8 (size before relaxing)
 .eh_frame      0x000000000002d96c      0x120 build/cooja/mtype123.a(leds.o)
                                        0x138 (size before relaxing)
 .eh_frame      0x000000000002da8c      0x220 build/cooja/mtype123.a(gpio-hal-arch.o)
                                        0x238 (size before relaxing)
 .eh_frame      0x000000000002dcac       0xa0 build/cooja/mtype123.a(buttons.o)
                                         0xb8 (size before relaxing)
 .eh_frame      0x000000000002dd4c       0x40 build/cooja/mtype123.a(res_humidity.o)
                                         0x58 (size before relaxing)
 .eh_frame      0x000000000002dd8c       0x44 build/cooja/mtype123.a(coap-blocking-a)
                                         0x5c (size before relaxing)
 .eh_frame      0x000000000002ddd0      0x220 build/cooja/mtype123.a(coap-engine.o)
                                        0x238 (size before relaxing)
 .eh_frame      0x000000000002dff0       0x24 build/cooja/mtype123.a(coap-res-well-k)
                                         0x3c (size before relaxing)
 .eh_frame      0x000000000002e014      0x188 build/cooja/mtype123.a(coap-observe.o)
                                        0x1a0 (size before relaxing)
 .eh_frame      0x000000000002e19c      0x100 build/cooja/mtype123.a(coap-transactio)
                                        0x118 (size before relaxing)
 .eh_frame      0x000000000002e29c      0x250 build/cooja/mtype123.a(coap-uip.o)
                                        0x268 (size before relaxing)
 .eh_frame      0x000000000002e4ec      0x114 build/cooja/mtype123.a(coap-timer.o)
                                        0x12c (size before relaxing)
 .eh_frame      0x000000000002e600      0x6ec build/cooja/mtype123.a(coap.o)
                                        0x704 (size before relaxing)
 .eh_frame      0x000000000002ecec       0x30 build/cooja/mtype123.a(contiki-main.o)
                                         0x48 (size before relaxing)
 .eh_frame      0x000000000002ed1c       0x40 build/cooja/mtype123.a(autostart.o)
                                         0x58 (size before relaxing)
 .eh_frame      0x000000000002ed5c      0x100 build/cooja/mtype123.a(ctimer.o)
                                        0x118 (size before relaxing)
 .eh_frame      0x000000000002ee5c       0x60 build/cooja/mtype123.a(energest.o)
                                         0x78 (size before relaxing)
 .eh_frame      0x000000000002eebc      0x1e0 build/cooja/mtype123.a(etimer.o)
                                        0x1f8 (size before relaxing)
 .eh_frame      0x000000000002f09c      0x100 build/cooja/mtype123.a(log.o)
                                        0x118 (size before relaxing)
 .eh_frame      0x000000000002f19c       0x60 build/cooja/mtype123.a(rtimer.o)
                                         0x78 (size before relaxing)
 .eh_frame      0x000000000002f1fc       0x20 build/cooja/mtype123.a(node-id.o)
                                         0x38 (size before relaxing)
 .eh_frame      0x000000000002f21c      0x1c4 build/cooja/mtype123.a(process.o)
                                        0x1dc (size before relaxing)
 .eh_frame      0x000000000002f3e0       0xa4 build/cooja/mtype123.a(timer.o)
                                         0xbc (size before relaxing)
 .eh_frame      0x000000000002f484      0x1a0 build/cooja/mtype123.a(list.o)
                                        0x1b8 (size before relaxing)
 .eh_frame      0x000000000002f624       0xa0 build/cooja/mtype123.a(memb.o)
                                         0xb8 (size before relaxing)
 .eh_frame      0x000000000002f6c4      0x144 build/cooja/mtype123.a(button-hal.o)
                                        0x15c (size before relaxing)
 .eh_frame      0x000000000002f808       0x60 build/cooja/mtype123.a(serial-line.o)
                                         0x78 (size before relaxing)
 .eh_frame      0x000000000002f868       0xe0 build/cooja/mtype123.a(gpio-hal.o)
                                         0xf8 (size before relaxing)
 .eh_frame      0x000000000002f948      0x1a0 build/cooja/mtype123.a(queuebuf.o)
                                        0x1b8 (size before relaxing)
 .eh_frame      0x000000000002fae8      0x28c build/cooja/mtype123.a(packetbuf.o)
                                        0x2a4 (size before relaxing)
 .eh_frame      0x000000000002fd74       0x80 build/cooja/mtype123.a(netstack.o)
                                         0x98 (size before relaxing)
 .eh_frame      0x000000000002fdf4       0x60 build/cooja/mtype123.a(linkaddr.o)
                                         0x78 (size before relaxing)
 .eh_frame      0x000000000002fe54       0xe0 build/cooja/mtype123.a(csma.o)
                                         0xf8 (size before relaxing)
 .eh_frame      0x000000000002ff34      0x1d0 build/cooja/mtype123.a(csma-output.o)
                                        0x1e8 (size before relaxing)
 .eh_frame      0x0000000000030104      0x328 build/cooja/mtype123.a(uip-ds6.o)
                                        0x340 (size before relaxing)
 .eh_frame      0x000000000003042c      0x244 build/cooja/mtype123.a(tcpip.o)
                                        0x25c (size before relaxing)
 .eh_frame      0x0000000000030670       0x40 build/cooja/mtype123.a(uip-udp-packet.)
                                         0x58 (size before relaxing)
 .eh_frame      0x00000000000306b0      0x2e0 build/cooja/mtype123.a(uip-ds6-route.o)
                                        0x2f8 (size before relaxing)
 .eh_frame      0x0000000000030990      0x1c0 build/cooja/mtype123.a(uip-ds6-nbr.o)
                                        0x1d8 (size before relaxing)
 .eh_frame      0x0000000000030b50      0x1e8 build/cooja/mtype123.a(uip6.o)
                                        0x200 (size before relaxing)
 .eh_frame      0x0000000000030d38       0x84 build/cooja/mtype123.a(uip-nd6.o)
                                         0x9c (size before relaxing)
 .eh_frame      0x0000000000030dbc      0x2f8 build/cooja/mtype123.a(sicslowpan.o)
                                        0x310 (size before relaxing)
 .eh_frame      0x00000000000310b4       0x88 build/cooja/mtype123.a(uiplib.o)
                                         0xa0 (size before relaxing)
 .eh_frame      0x000000000003113c      0x1e0 build/cooja/mtype123.a(rpl.o)
                                        0x1f8 (size before relaxing)
 .eh_frame      0x000000000003131c      0x1c4 build/cooja/mtype123.a(rpl-icmp6.o)
                                        0x1dc (size before relaxing)
 .eh_frame      0x00000000000314e0       0xa0 build/cooja/mtype123.a(rpl-dag-root.o)
                                         0xb8 (size before relaxing)
 .eh_frame      0x0000000000031580       0xa0 build/cooja/mtype123.a(watchdog.o)
                                         0xb8 (size before relaxing)
 .eh_frame      0x0000000000031620       0x80 build/cooja/mtype123.a(int-master.o)
                                         0x98 (size before relaxing)
 .eh_frame      0x00000000000316a0       0xa4 build/cooja/mtype123.a(coap-timer-defa)
                                         0xbc (size before relaxing)
 .eh_frame      0x0000000000031744       0xc4 build/cooja/mtype123.a(stimer.o)
                                         0xdc (size before relaxing)
 .eh_frame      0x0000000000031808       0xa0 build/cooja/mtype123.a(ringbuf.o)
                                         0xb8 (size before relaxing)
 .eh_frame      0x00000000000318a8       0x20 build/cooja/mtype123.a(assert.o)
                                         0x38 (size before relaxing)
 .eh_frame      0x00000000000318c8      0x2ac build/cooja/mtype123.a(nbr-table.o)
                                        0x2c4 (size before relaxing)
 .eh_frame      0x0000000000031b74      0x120 build/cooja/mtype123.a(link-stats.o)
                                        0x138 (size before relaxing)
 .eh_frame      0x0000000000031c94       0x48 build/cooja/mtype123.a(mac-sequence.o)
                                         0x60 (size before relaxing)
 .eh_frame      0x0000000000031cdc       0x20 build/cooja/mtype123.a(mac.o)
                                         0x38 (size before relaxing)
 .eh_frame      0x0000000000031cfc       0xa4 build/cooja/mtype123.a(framer-802154.o)
                                         0xbc (size before relaxing)
 .eh_frame      0x0000000000031da0      0x1a4 build/cooja/mtype123.a(frame802154.o)
                                        0x1bc (size before relaxing)
 .eh_frame      0x0000000000031f44       0x40 build/cooja/mtype123.a(csma-security.o)
                                         0x58 (size before relaxing)
 .eh_frame      0x0000000000031f84      0x200 build/cooja/mtype123.a(uipbuf.o)
                                        0x218 (size before relaxing)
 .eh_frame      0x0000000000032184      0x150 build/cooja/mtype123.a(uip-icmp6.o)
                                        0x168 (size before relaxing)
 .eh_frame      0x00000000000322d4      0x184 build/cooja/mtype123.a(uip-sr.o)
                                        0x19c (size before relaxing)
 .eh_frame      0x0000000000032458       0xe0 build/cooja/mtype123.a(uip-packetqueue)
                                         0xf8 (size before relaxing)
 .eh_frame      0x0000000000032538       0x80 build/cooja/mtype123.a(rpl-nbr-policy.)
                                         0x98 (size before relaxing)
 .eh_frame      0x00000000000325b8      0x2d4 build/cooja/mtype123.a(rpl-neighbor.o)
                                        0x2ec (size before relaxing)
 .eh_frame      0x000000000003288c      0x370 build/cooja/mtype123.a(rpl-dag.o)
                                        0x388 (size before relaxing)
 .eh_frame      0x0000000000032bfc      0x3a8 build/cooja/mtype123.a(rpl-timers.o)
                                        0x3c0 (size before relaxing)
 .eh_frame      0x0000000000032fa4      0x124 build/cooja/mtype123.a(rpl-ext-header.)
                                        0x13c (size before relaxing)
 .eh_frame      0x00000000000330c8      0x148 build/cooja/mtype123.a(rpl-mrhof.o)
                                        0x160 (size before relaxing)
 .eh_frame      0x0000000000033210       0x84 /usr/lib/gcc/i686-linux-gnu/5/libgcc.a(_udivdi3.o)
                                         0x9c (size before relaxing)
 .eh_frame      0x0000000000033294        0x4 /usr/lib/gcc/i686-linux-gnu/5/crtendS.o
 *(.eh_frame.*)

.gcc_except_table
 *(.gcc_except_table .gcc_except_table.*)

.gnu_extab
 *(.gnu_extab*)

.exception_ranges
 *(.exception_ranges .exception_ranges*)
                0x0000000000034f10                . = DATA_SEGMENT_ALIGN (0x1000, 0x1000)

.eh_frame
 *(.eh_frame)
 *(.eh_frame.*)

.gnu_extab
 *(.gnu_extab)

.gcc_except_table
 *(.gcc_except_table .gcc_except_table.*)

.exception_ranges
 *(.exception_ranges .exception_ranges*)

.tdata
 *(.tdata .tdata.* .gnu.linkonce.td.*)

.tbss
 *(.tbss .tbss.* .gnu.linkonce.tb.*)
 *(.tcommon)

.preinit_array
 *(.preinit_array)

.init_array     0x0000000000034f10        0x4
 *(SORT(.init_array.*) SORT(.ctors.*))
 *(.init_array EXCLUDE_FILE(*crtend?.o *crtend.o *crtbegin?.o *crtbegin.o) .ctors)
 .init_array    0x0000000000034f10        0x4 /usr/lib/gcc/i686-linux-gnu/5/crtbeginS.o

.fini_array     0x0000000000034f14        0x4
 *(SORT(.fini_array.*) SORT(.dtors.*))
 *(.fini_array EXCLUDE_FILE(*crtend?.o *crtend.o *crtbegin?.o *crtbegin.o) .dtors)
 .fini_array    0x0000000000034f14        0x4 /usr/lib/gcc/i686-linux-gnu/5/crtbeginS.o

.ctors
 *crtbegin.o(.ctors)
 *crtbegin?.o(.ctors)
 *(EXCLUDE_FILE(*crtend?.o *crtend.o) .ctors)
 *(SORT(.ctors.*))
 *(.ctors)

.dtors
 *crtbegin.o(.dtors)
 *crtbegin?.o(.dtors)
 *(EXCLUDE_FILE(*crtend?.o *crtend.o) .dtors)
 *(SORT(.dtors.*))
 *(.dtors)

.jcr            0x0000000000034f18        0x4
 *(.jcr)
 .jcr           0x0000000000034f18        0x0 /usr/lib/gcc/i686-linux-gnu/5/crtbeginS.o
 .jcr           0x0000000000034f18        0x4 /usr/lib/gcc/i686-linux-gnu/5/crtendS.o

.data.rel.ro
 *(.data.rel.ro.local* .gnu.linkonce.d.rel.ro.local.*)
 *(.data.rel.ro .data.rel.ro.* .gnu.linkonce.d.rel.ro.*)

.dynamic        0x0000000000034f1c       0xd0
 *(.dynamic)
 .dynamic       0x0000000000034f1c       0xd0 /usr/lib/gcc/i686-linux-gnu/5/../../../i386-linux-gnu/crti.o
                0x0000000000034f1c                _DYNAMIC

.got            0x0000000000034fec       0x14
 *(.got)
 .got           0x0000000000034fec       0x14 /usr/lib/gcc/i686-linux-gnu/5/../../../i386-linux-gnu/crti.o
 *(.igot)
                0x0000000000035ff4                . = DATA_SEGMENT_RELRO_END (., (SIZEOF (.got.plt) >= 0xc)?0xc:0x0)

.got.plt        0x0000000000035000        0xc
 *(.got.plt)
 .got.plt       0x0000000000035000        0xc /usr/lib/gcc/i686-linux-gnu/5/../../../i386-linux-gnu/crti.o
                0x0000000000035000                _GLOBAL_OFFSET_TABLE_
 *(.igot.plt)

.data           0x0000000000035020      0x484
 *(.data .data.* .gnu.linkonce.d.*)
 .data          0x0000000000035020        0x0 /usr/lib/gcc/i686-linux-gnu/5/../../../i386-linux-gnu/crti.o
 .data          0x0000000000035020        0x0 /usr/lib/gcc/i686-linux-gnu/5/crtbeginS.o
 .data.rel.local
                0x0000000000035020        0x4 /usr/lib/gcc/i686-linux-gnu/5/crtbeginS.o
                0x0000000000035020                __dso_handle
 .data          0x0000000000035024       0x10 humidity_sensor.o
                0x0000000000035024                humidity_sensor
 *fill*         0x0000000000035034        0xc 
 .data          0x0000000000035040       0x44 build/cooja/mtype123.o
                0x0000000000035040                simInterfaces
                0x0000000000035074                sensors
 .data          0x0000000000035084        0x0 build/cooja/mtype123.a(simEnvChange.o)
 .data          0x0000000000035084        0x0 build/cooja/mtype123.a(cooja_mt.o)
 .data          0x0000000000035084        0x0 build/cooja/mtype123.a(cooja_mtarch.o)
 .data          0x0000000000035084        0x0 build/cooja/mtype123.a(rtimer-arch.o)
 .data          0x0000000000035084        0x0 build/cooja/mtype123.a(beep.o)
 .data          0x0000000000035084        0x0 build/cooja/mtype123.a(leds-arch.o)
 .data          0x0000000000035084        0x0 build/cooja/mtype123.a(moteid.o)
 .data          0x0000000000035084        0x0 build/cooja/mtype123.a(pir-sensor.o)
 .data          0x0000000000035084        0x0 build/cooja/mtype123.a(rs232.o)
 .data          0x0000000000035084        0x0 build/cooja/mtype123.a(vib-sensor.o)
 .data          0x0000000000035084        0x0 build/cooja/mtype123.a(clock.o)
 .data          0x0000000000035084        0x0 build/cooja/mtype123.a(cooja-log.o)
 .data          0x0000000000035084        0x0 build/cooja/mtype123.a(cfs-cooja.o)
 .data          0x0000000000035084       0x2c build/cooja/mtype123.a(cooja-radio.o)
                0x0000000000035084                simRadioHWOn
                0x0000000000035088                simSignalStrength
                0x000000000003508c                simLastSignalStrength
                0x0000000000035090                simPower
                0x0000000000035094                simRadioChannel
                0x0000000000035098                simLQI
                0x00000000000350a0                cooja_radio_process
 .data          0x00000000000350b0        0x0 build/cooja/mtype123.a(eeprom.o)
 .data          0x00000000000350b0        0x0 build/cooja/mtype123.a(random.o)
 .data          0x00000000000350b0       0x10 build/cooja/mtype123.a(sensors.o)
                0x00000000000350b0                sensors_process
 .data          0x00000000000350c0        0x0 build/cooja/mtype123.a(leds.o)
 .data          0x00000000000350c0        0x0 build/cooja/mtype123.a(gpio-hal-arch.o)
 .data          0x00000000000350c0       0x78 build/cooja/mtype123.a(buttons.o)
                0x00000000000350c0                simButtonIsActive
                0x0000000000035130                button_hal_buttons
 *fill*         0x0000000000035138        0x8 
 .data          0x0000000000035140       0x44 build/cooja/mtype123.a(res_humidity.o)
                0x0000000000035140                humidity
                0x0000000000035144                last_humidity
                0x0000000000035160                res_humidity
 .data          0x0000000000035184        0x0 build/cooja/mtype123.a(coap-blocking-a)
 .data          0x0000000000035184        0x8 build/cooja/mtype123.a(coap-engine.o)
 *fill*         0x000000000003518c       0x14 
 .data          0x00000000000351a0       0x24 build/cooja/mtype123.a(coap-res-well-k)
                0x00000000000351a0                res_well_known_core
 .data          0x00000000000351c4       0x10 build/cooja/mtype123.a(coap-observe.o)
 .data          0x00000000000351d4       0x10 build/cooja/mtype123.a(coap-transactio)
 .data          0x00000000000351e4       0x10 build/cooja/mtype123.a(coap-uip.o)
                0x00000000000351e4                coap_engine
 .data          0x00000000000351f4        0x4 build/cooja/mtype123.a(coap-timer.o)
 .data          0x00000000000351f8        0x4 build/cooja/mtype123.a(coap.o)
                0x00000000000351f8                coap_error_message
 .data          0x00000000000351fc        0x0 build/cooja/mtype123.a(contiki-main.o)
 .data          0x00000000000351fc        0x0 build/cooja/mtype123.a(autostart.o)
 .data          0x00000000000351fc       0x14 build/cooja/mtype123.a(ctimer.o)
                0x0000000000035200                ctimer_process
 .data          0x0000000000035210        0x0 build/cooja/mtype123.a(energest.o)
 .data          0x0000000000035210       0x10 build/cooja/mtype123.a(etimer.o)
                0x0000000000035210                etimer_process
 .data          0x0000000000035220       0xbc build/cooja/mtype123.a(log.o)
                0x0000000000035220                curr_log_level_main
                0x0000000000035240                all_modules
 .data          0x00000000000352dc        0x0 build/cooja/mtype123.a(rtimer.o)
 .data          0x00000000000352dc        0x0 build/cooja/mtype123.a(node-id.o)
 .data          0x00000000000352dc        0x0 build/cooja/mtype123.a(process.o)
 .data          0x00000000000352dc        0x0 build/cooja/mtype123.a(timer.o)
 .data          0x00000000000352dc        0x0 build/cooja/mtype123.a(list.o)
 .data          0x00000000000352dc        0x0 build/cooja/mtype123.a(memb.o)
 .data          0x00000000000352dc       0x10 build/cooja/mtype123.a(button-hal.o)
                0x00000000000352dc                button_hal_process
 .data          0x00000000000352ec       0x10 build/cooja/mtype123.a(serial-line.o)
                0x00000000000352ec                serial_line_process
 .data          0x00000000000352fc        0x4 build/cooja/mtype123.a(gpio-hal.o)
 .data          0x0000000000035300       0x18 build/cooja/mtype123.a(queuebuf.o)
 .data          0x0000000000035318        0x4 build/cooja/mtype123.a(packetbuf.o)
 .data          0x000000000003531c        0x4 build/cooja/mtype123.a(netstack.o)
 .data          0x0000000000035320        0x0 build/cooja/mtype123.a(linkaddr.o)
 .data          0x0000000000035320        0x0 build/cooja/mtype123.a(csma.o)
 .data          0x0000000000035320       0x28 build/cooja/mtype123.a(csma-output.o)
 .data          0x0000000000035348        0x0 build/cooja/mtype123.a(uip-ds6.o)
 .data          0x0000000000035348       0x10 build/cooja/mtype123.a(tcpip.o)
                0x0000000000035348                tcpip_process
 .data          0x0000000000035358        0x0 build/cooja/mtype123.a(uip-udp-packet.)
 .data          0x0000000000035358       0x44 build/cooja/mtype123.a(uip-ds6-route.o)
                0x0000000000035368                nbr_routes
 .data          0x000000000003539c       0x14 build/cooja/mtype123.a(uip-ds6-nbr.o)
 .data          0x00000000000353b0        0x0 build/cooja/mtype123.a(uip6.o)
 .data          0x00000000000353b0        0xc build/cooja/mtype123.a(uip-nd6.o)
 .data          0x00000000000353bc        0x0 build/cooja/mtype123.a(sicslowpan.o)
 .data          0x00000000000353bc        0x0 build/cooja/mtype123.a(uiplib.o)
 .data          0x00000000000353bc        0x0 build/cooja/mtype123.a(rpl.o)
 .data          0x00000000000353bc       0x30 build/cooja/mtype123.a(rpl-icmp6.o)
 .data          0x00000000000353ec        0x0 build/cooja/mtype123.a(rpl-dag-root.o)
 .data          0x00000000000353ec        0x0 build/cooja/mtype123.a(watchdog.o)
 .data          0x00000000000353ec        0x0 build/cooja/mtype123.a(int-master.o)
 .data          0x00000000000353ec       0x10 build/cooja/mtype123.a(coap-timer-defa)
                0x00000000000353ec                coap_timer_process
 .data          0x00000000000353fc        0x0 build/cooja/mtype123.a(stimer.o)
 .data          0x00000000000353fc        0x0 build/cooja/mtype123.a(ringbuf.o)
 .data          0x00000000000353fc        0x0 build/cooja/mtype123.a(assert.o)
 .data          0x00000000000353fc       0x10 build/cooja/mtype123.a(nbr-table.o)
 .data          0x000000000003540c       0x14 build/cooja/mtype123.a(link-stats.o)
 .data          0x0000000000035420        0x0 build/cooja/mtype123.a(mac-sequence.o)
 .data          0x0000000000035420        0x0 build/cooja/mtype123.a(mac.o)
 .data          0x0000000000035420        0x0 build/cooja/mtype123.a(framer-802154.o)
 .data          0x0000000000035420        0x2 build/cooja/mtype123.a(frame802154.o)
 .data          0x0000000000035422        0x0 build/cooja/mtype123.a(csma-security.o)
 .data          0x0000000000035422        0x0 build/cooja/mtype123.a(uipbuf.o)
 *fill*         0x0000000000035422        0x2 
 .data          0x0000000000035424       0x20 build/cooja/mtype123.a(uip-icmp6.o)
 .data          0x0000000000035444       0x10 build/cooja/mtype123.a(uip-sr.o)
 .data          0x0000000000035454        0xc build/cooja/mtype123.a(uip-packetqueue)
 .data          0x0000000000035460        0x0 build/cooja/mtype123.a(rpl-nbr-policy.)
 .data          0x0000000000035460       0x14 build/cooja/mtype123.a(rpl-neighbor.o)
                0x0000000000035470                rpl_neighbors
 .data          0x0000000000035474        0x0 build/cooja/mtype123.a(rpl-dag.o)
 .data          0x0000000000035474        0x0 build/cooja/mtype123.a(rpl-timers.o)
 .data          0x0000000000035474        0x0 build/cooja/mtype123.a(rpl-ext-header.)
 *fill*         0x0000000000035474        0xc 
 .data          0x0000000000035480       0x24 build/cooja/mtype123.a(rpl-mrhof.o)
                0x0000000000035480                rpl_mrhof
 .data          0x00000000000354a4        0x0 /usr/lib/gcc/i686-linux-gnu/5/libgcc.a(_udivdi3.o)
 .data          0x00000000000354a4        0x0 /usr/lib/gcc/i686-linux-gnu/5/crtendS.o
 .data          0x00000000000354a4        0x0 /usr/lib/gcc/i686-linux-gnu/5/../../../i386-linux-gnu/crtn.o

.tm_clone_table
                0x00000000000354a4        0x0
 .tm_clone_table
                0x00000000000354a4        0x0 /usr/lib/gcc/i686-linux-gnu/5/crtbeginS.o
 .tm_clone_table
                0x00000000000354a4        0x0 /usr/lib/gcc/i686-linux-gnu/5/crtendS.o

.data1
 *(.data1)
                0x00000000000354a4                _edata = .
                [!provide]                        PROVIDE (edata, .)
                0x00000000000354a4                . = .
                0x00000000000354a4                __bss_start = .

.bss            0x00000000000354c0     0xf264
 *(.dynbss)
 .dynbss        0x00000000000354c0        0x0 /usr/lib/gcc/i686-linux-gnu/5/../../../i386-linux-gnu/crti.o
 *(.bss .bss.* .gnu.linkonce.b.*)
 .bss           0x00000000000354c0        0x0 /usr/lib/gcc/i686-linux-gnu/5/../../../i386-linux-gnu/crti.o
 .bss           0x00000000000354c0        0x1 /usr/lib/gcc/i686-linux-gnu/5/crtbeginS.o
 *fill*         0x00000000000354c1       0x1f 
 .bss           0x00000000000354e0      0x11c humidity_sensor.o
 *fill*         0x00000000000355fc        0x4 
 .bss           0x0000000000035600     0x2030 build/cooja/mtype123.o
 .bss           0x0000000000037630        0x1 build/cooja/mtype123.a(simEnvChange.o)
                0x0000000000037630                simDontFallAsleep
 *fill*         0x0000000000037631        0x3 
 .bss           0x0000000000037634        0x4 build/cooja/mtype123.a(cooja_mt.o)
 .bss           0x0000000000037638        0x4 build/cooja/mtype123.a(cooja_mtarch.o)
 .bss           0x000000000003763c        0x0 build/cooja/mtype123.a(rtimer-arch.o)
 .bss           0x000000000003763c        0x0 build/cooja/mtype123.a(beep.o)
 .bss           0x000000000003763c        0x1 build/cooja/mtype123.a(leds-arch.o)
                0x000000000003763c                simLedsValue
 .bss           0x000000000003763d        0x0 build/cooja/mtype123.a(moteid.o)
 .bss           0x000000000003763d        0x1 build/cooja/mtype123.a(pir-sensor.o)
                0x000000000003763d                simPirValue
 *fill*         0x000000000003763e        0x2 
 .bss           0x0000000000037640        0x4 build/cooja/mtype123.a(rs232.o)
 .bss           0x0000000000037644        0x1 build/cooja/mtype123.a(vib-sensor.o)
                0x0000000000037644                simVibValue
 .bss           0x0000000000037645        0x0 build/cooja/mtype123.a(clock.o)
 *fill*         0x0000000000037645       0x1b 
 .bss           0x0000000000037660     0x2020 build/cooja/mtype123.a(cooja-log.o)
 .bss           0x0000000000039680      0xfc0 build/cooja/mtype123.a(cfs-cooja.o)
                0x0000000000039680                simCFSData
                0x000000000003a620                simCFSSize
                0x000000000003a624                simCFSChanged
                0x000000000003a628                simCFSRead
                0x000000000003a62c                simCFSWritten
 .bss           0x000000000003a640       0x24 build/cooja/mtype123.a(cooja-radio.o)
                0x000000000003a640                simReceiving
                0x000000000003a644                simInSize
                0x000000000003a648                simLastPacketTimestamp
                0x000000000003a650                simOutSize
 .bss           0x000000000003a664        0xc build/cooja/mtype123.a(eeprom.o)
                0x000000000003a664                simEEPROMChanged
                0x000000000003a668                simEEPROMRead
                0x000000000003a66c                simEEPROMWritten
 .bss           0x000000000003a670        0x0 build/cooja/mtype123.a(random.o)
 .bss           0x000000000003a670        0xc build/cooja/mtype123.a(sensors.o)
 .bss           0x000000000003a67c        0x0 build/cooja/mtype123.a(leds.o)
 .bss           0x000000000003a67c       0x24 build/cooja/mtype123.a(gpio-hal-arch.o)
 .bss           0x000000000003a6a0        0x0 build/cooja/mtype123.a(buttons.o)
 .bss           0x000000000003a6a0        0x0 build/cooja/mtype123.a(res_humidity.o)
 .bss           0x000000000003a6a0        0x0 build/cooja/mtype123.a(coap-blocking-a)
 .bss           0x000000000003a6a0      0x190 build/cooja/mtype123.a(coap-engine.o)
 .bss           0x000000000003a830        0x0 build/cooja/mtype123.a(coap-res-well-k)
 *fill*         0x000000000003a830       0x10 
 .bss           0x000000000003a840      0x120 build/cooja/mtype123.a(coap-observe.o)
 .bss           0x000000000003a960      0x334 build/cooja/mtype123.a(coap-transactio)
 .bss           0x000000000003ac94       0x18 build/cooja/mtype123.a(coap-uip.o)
 .bss           0x000000000003acac        0x5 build/cooja/mtype123.a(coap-timer.o)
 *fill*         0x000000000003acb1        0x3 
 .bss           0x000000000003acb4        0x6 build/cooja/mtype123.a(coap.o)
                0x000000000003acb4                coap_status_code
 .bss           0x000000000003acba        0x0 build/cooja/mtype123.a(contiki-main.o)
 .bss           0x000000000003acba        0x0 build/cooja/mtype123.a(autostart.o)
 *fill*         0x000000000003acba        0x2 
 .bss           0x000000000003acbc        0x5 build/cooja/mtype123.a(ctimer.o)
 .bss           0x000000000003acc1        0x0 build/cooja/mtype123.a(energest.o)
 *fill*         0x000000000003acc1        0x3 
 .bss           0x000000000003acc4        0x8 build/cooja/mtype123.a(etimer.o)
 .bss           0x000000000003accc       0x2c build/cooja/mtype123.a(log.o)
                0x000000000003accc                curr_log_level_rpl
                0x000000000003acd0                curr_log_level_tcpip
                0x000000000003acd4                curr_log_level_ipv6
                0x000000000003acd8                curr_log_level_6lowpan
                0x000000000003acdc                curr_log_level_nullnet
                0x000000000003ace0                curr_log_level_mac
                0x000000000003ace4                curr_log_level_framer
                0x000000000003ace8                curr_log_level_6top
                0x000000000003acec                curr_log_level_coap
                0x000000000003acf0                curr_log_level_snmp
                0x000000000003acf4                curr_log_level_lwm2m
 .bss           0x000000000003acf8        0x4 build/cooja/mtype123.a(rtimer.o)
 .bss           0x000000000003acfc        0x2 build/cooja/mtype123.a(node-id.o)
                0x000000000003acfc                node_id
 *fill*         0x000000000003acfe        0x2 
 .bss           0x000000000003ad00      0x1a1 build/cooja/mtype123.a(process.o)
                0x000000000003ad00                process_list
                0x000000000003ad04                process_current
 .bss           0x000000000003aea1        0x0 build/cooja/mtype123.a(timer.o)
 .bss           0x000000000003aea1        0x0 build/cooja/mtype123.a(list.o)
 .bss           0x000000000003aea1        0x0 build/cooja/mtype123.a(memb.o)
 *fill*         0x000000000003aea1        0x3 
 .bss           0x000000000003aea4       0x10 build/cooja/mtype123.a(button-hal.o)
 *fill*         0x000000000003aeb4        0xc 
 .bss           0x000000000003aec0      0x140 build/cooja/mtype123.a(serial-line.o)
 .bss           0x000000000003b000        0x4 build/cooja/mtype123.a(gpio-hal.o)
 *fill*         0x000000000003b004       0x1c 
 .bss           0x000000000003b020     0x2c80 build/cooja/mtype123.a(queuebuf.o)
 .bss           0x000000000003dca0       0xa0 build/cooja/mtype123.a(packetbuf.o)
 .bss           0x000000000003dd40        0x4 build/cooja/mtype123.a(netstack.o)
 .bss           0x000000000003dd44        0x0 build/cooja/mtype123.a(linkaddr.o)
 .bss           0x000000000003dd44        0x0 build/cooja/mtype123.a(csma.o)
 *fill*         0x000000000003dd44       0x1c 
 .bss           0x000000000003dd60      0x726 build/cooja/mtype123.a(csma-output.o)
 *fill*         0x000000000003e486        0x2 
 .bss           0x000000000003e488       0x30 build/cooja/mtype123.a(uip-ds6.o)
 .bss           0x000000000003e4b8       0x10 build/cooja/mtype123.a(tcpip.o)
 .bss           0x000000000003e4c8        0x0 build/cooja/mtype123.a(uip-udp-packet.)
 *fill*         0x000000000003e4c8       0x18 
 .bss           0x000000000003e4e0      0x2a4 build/cooja/mtype123.a(uip-ds6-route.o)
 *fill*         0x000000000003e784       0x1c 
 .bss           0x000000000003e7a0       0xf0 build/cooja/mtype123.a(uip-ds6-nbr.o)
 .bss           0x000000000003e890        0x8 build/cooja/mtype123.a(uip6.o)
                0x000000000003e890                uip_ext_bitmap
                0x000000000003e892                uip_ext_len
                0x000000000003e894                uip_last_proto
 .bss           0x000000000003e898       0x10 build/cooja/mtype123.a(uip-nd6.o)
 *fill*         0x000000000003e8a8       0x18 
 .bss           0x000000000003e8c0      0x724 build/cooja/mtype123.a(sicslowpan.o)
 .bss           0x000000000003efe4        0x0 build/cooja/mtype123.a(uiplib.o)
 .bss           0x000000000003efe4        0x1 build/cooja/mtype123.a(rpl.o)