Archive member included to satisfy reference by file (symbol)

build/cooja/mtype988.a(simEnvChange.o)
                              build/cooja/mtype988.o (simDontFallAsleep)
build/cooja/mtype988.a(cooja_mt.o)
                              build/cooja/mtype988.o (cooja_mt_start)
build/cooja/mtype988.a(cooja_mtarch.o)
                              build/cooja/mtype988.a(cooja_mt.o) (cooja_mtarch_start)
build/cooja/mtype988.a(rtimer-arch.o)
                              build/cooja/mtype988.o (rtimer_arch_check)
build/cooja/mtype988.a(beep.o)
                              build/cooja/mtype988.o (beep_interface)
build/cooja/mtype988.a(leds-arch.o)
                              build/cooja/mtype988.o (leds_interface)
build/cooja/mtype988.a(moteid.o)
                              build/cooja/mtype988.o (moteid_interface)
build/cooja/mtype988.a(pir-sensor.o)
                              build/cooja/mtype988.o (pir_interface)
build/cooja/mtype988.a(rs232.o)
                              build/cooja/mtype988.o (rs232_interface)
build/cooja/mtype988.a(vib-sensor.o)
                              build/cooja/mtype988.o (vib_interface)
build/cooja/mtype988.a(clock.o)
                              build/cooja/mtype988.o (clock_interface)
build/cooja/mtype988.a(cooja-log.o)
                              build/cooja/mtype988.o (simlog_interface)
build/cooja/mtype988.a(cfs-cooja.o)
                              build/cooja/mtype988.o (cfs_interface)
build/cooja/mtype988.a(cooja-radio.o)
                              build/cooja/mtype988.o (radio_interface)
build/cooja/mtype988.a(eeprom.o)
                              build/cooja/mtype988.o (eeprom_interface)
build/cooja/mtype988.a(random.o)
                              build/cooja/mtype988.a(moteid.o) (random_init)
build/cooja/mtype988.a(sensors.o)
                              build/cooja/mtype988.a(pir-sensor.o) (sensors_changed)
build/cooja/mtype988.a(leds.o)
                              build/cooja/mtype988.a(leds-arch.o) (leds_get)
build/cooja/mtype988.a(gpio-hal-arch.o)
                              build/cooja/mtype988.a(leds-arch.o) (gpio_hal_arch_register_pin_callback)
build/cooja/mtype988.a(buttons.o)
                              build/cooja/mtype988.o (button_interface)
build/cooja/mtype988.a(res_humidity.o)
                              humidity_sensor.o (humidity)
build/cooja/mtype988.a(coap-blocking-a)
                              humidity_sensor.o (coap_blocking_request)
build/cooja/mtype988.a(coap-engine.o)
                              humidity_sensor.o (coap_activate_resource)
build/cooja/mtype988.a(coap-res-well-k)
                              build/cooja/mtype988.a(coap-engine.o) (res_well_known_core)
build/cooja/mtype988.a(coap-observe.o)
                              build/cooja/mtype988.a(coap-engine.o) (coap_remove_observer_by_mid)
build/cooja/mtype988.a(coap-transactio)
                              build/cooja/mtype988.a(coap-blocking-a) (coap_send_transaction)
build/cooja/mtype988.a(coap-uip.o)
                              humidity_sensor.o (coap_endpoint_print)
build/cooja/mtype988.a(coap-timer.o)
                              build/cooja/mtype988.a(coap-transactio) (coap_timer_stop)
build/cooja/mtype988.a(coap.o)
                              build/cooja/mtype988.a(coap-engine.o) (coap_status_code)
build/cooja/mtype988.a(contiki-main.o)
                              build/cooja/mtype988.o (main)
build/cooja/mtype988.a(autostart.o)
                              build/cooja/mtype988.a(contiki-main.o) (autostart_start)
build/cooja/mtype988.a(ctimer.o)
                              build/cooja/mtype988.a(contiki-main.o) (ctimer_init)
build/cooja/mtype988.a(energest.o)
                              build/cooja/mtype988.a(contiki-main.o) (energest_init)
build/cooja/mtype988.a(etimer.o)
                              build/cooja/mtype988.a(contiki-main.o) (etimer_process)
build/cooja/mtype988.a(log.o)
                              build/cooja/mtype988.a(contiki-main.o) (curr_log_level_main)
build/cooja/mtype988.a(rtimer.o)
                              build/cooja/mtype988.a(contiki-main.o) (rtimer_init)
build/cooja/mtype988.a(node-id.o)
                              build/cooja/mtype988.a(contiki-main.o) (node_id)
build/cooja/mtype988.a(process.o)
                              build/cooja/mtype988.a(coap-blocking-a) (process_current)
build/cooja/mtype988.a(timer.o)
                              build/cooja/mtype988.a(etimer.o) (timer_set)
build/cooja/mtype988.a(list.o)
                              build/cooja/mtype988.a(coap-engine.o) (list_init)
build/cooja/mtype988.a(memb.o)
                              build/cooja/mtype988.a(coap-observe.o) (memb_alloc)
build/cooja/mtype988.a(button-hal.o)
                              build/cooja/mtype988.o (button_hal_init)
build/cooja/mtype988.a(serial-line.o)
                              build/cooja/mtype988.a(rs232.o) (serial_line_input_byte)
build/cooja/mtype988.a(gpio-hal.o)
[...]
Memory Configuration

Name             Origin             Length             Attributes
*default*        0x0000000000000000 0xffffffffffffffff

Linker script and memory map

LOAD /usr/lib/gcc/i686-linux-gnu/5/../../../i386-linux-gnu/crti.o
LOAD /usr/lib/gcc/i686-linux-gnu/5/crtbeginS.o
LOAD humidity_sensor.o
LOAD build/cooja/mtype988.o
LOAD build/cooja/mtype988.a
LOAD /usr/lib/gcc/i686-linux-gnu/5/libgcc.a
LOAD /usr/lib/gcc/i686-linux-gnu/5/libgcc_s.so
LOAD /usr/lib/gcc/i686-linux-gnu/5/../../../i386-linux-gnu/libc.so
START GROUP
LOAD /lib/i386-linux-gnu/libc.so.6
LOAD /usr/lib/i386-linux-gnu/libc_nonshared.a
LOAD /lib/i386-linux-gnu/ld-linux.so.2
END GROUP
LOAD /usr/lib/gcc/i686-linux-gnu/5/libgcc.a
LOAD /usr/lib/gcc/i686-linux-gnu/5/libgcc_s.so
LOAD /usr/lib/gcc/i686-linux-gnu/5/crtendS.o
LOAD /usr/lib/gcc/i686-linux-gnu/5/../../../i386-linux-gnu/crtn.o
                0x0000000000000114                . = (0x0 + SIZEOF_HEADERS)

.note.gnu.build-id
                0x0000000000000114       0x24
 *(.note.gnu.build-id)
 .note.gnu.build-id
                0x0000000000000114       0x24 /usr/lib/gcc/i686-linux-gnu/5/../../../i386-linux-gnu/crti.o

.hash
 *(.hash)

.gnu.hash       0x0000000000000138     0x15a4
 *(.gnu.hash)
 .gnu.hash      0x0000000000000138     0x15a4 /usr/lib/gcc/i686-linux-gnu/5/../../../i386-linux-gnu/crti.o

.dynsym         0x00000000000016dc     0x2f10
 *(.dynsym)
 .dynsym        0x00000000000016dc     0x2f10 /usr/lib/gcc/i686-linux-gnu/5/../../../i386-linux-gnu/crti.o

.dynstr         0x00000000000045ec     0x36c2
 *(.dynstr)
 .dynstr        0x00000000000045ec     0x36c2 /usr/lib/gcc/i686-linux-gnu/5/../../../i386-linux-gnu/crti.o

.gnu.version    0x0000000000007cae      0x5e2
 *(.gnu.version)
 .gnu.version   0x0000000000007cae      0x5e2 /usr/lib/gcc/i686-linux-gnu/5/../../../i386-linux-gnu/crti.o

.gnu.version_d  0x0000000000008290        0x0
 *(.gnu.version_d)
 .gnu.version_d
                0x0000000000008290        0x0 /usr/lib/gcc/i686-linux-gnu/5/../../../i386-linux-gnu/crti.o

.gnu.version_r  0x0000000000008290       0x40
 *(.gnu.version_r)
 .gnu.version_r
                0x0000000000008290       0x40 /usr/lib/gcc/i686-linux-gnu/5/../../../i386-linux-gnu/crti.o

.rel.dyn        0x00000000000082d0     0x93d8
 *(.rel.init)
 .rel.init      0x00000000000082d0        0x0 /usr/lib/gcc/i686-linux-gnu/5/../../../i386-linux-gnu/crti.o
 *(.rel.text .rel.text.* .rel.gnu.linkonce.t.*)
 .rel.text      0x00000000000082d0     0x89e8 /usr/lib/gcc/i686-linux-gnu/5/../../../i386-linux-gnu/crti.o
 *(.rel.fini)
 .rel.fini      0x0000000000010cb8        0x0 /usr/lib/gcc/i686-linux-gnu/5/../../../i386-linux-gnu/crti.o
 *(.rel.rodata .rel.rodata.* .rel.gnu.linkonce.r.*)
 .rel.rodata    0x0000000000010cb8      0x588 /usr/lib/gcc/i686-linux-gnu/5/../../../i386-linux-gnu/crti.o
 *(.rel.data.rel.ro .rel.data.rel.ro.* .rel.gnu.linkonce.d.rel.ro.*)
 *(.rel.data .rel.data.* .rel.gnu.linkonce.d.*)
 .rel.data.rel.local
                0x0000000000011240        0x8 /usr/lib/gcc/i686-linux-gnu/5/../../../i386-linux-gnu/crti.o
 .rel.data      0x0000000000011248      0x428 /usr/lib/gcc/i686-linux-gnu/5/../../../i386-linux-gnu/crti.o
 *(.rel.tdata .rel.tdata.* .rel.gnu.linkonce.td.*)
 *(.rel.tbss .rel.tbss.* .rel.gnu.linkonce.tb.*)
 *(.rel.ctors)
 *(.rel.dtors)
 *(.rel.got)
 .rel.got       0x0000000000011670       0x28 /usr/lib/gcc/i686-linux-gnu/5/../../../i386-linux-gnu/crti.o
 *(.rel.bss .rel.bss.* .rel.gnu.linkonce.b.*)
 *(.rel.ifunc)
 .rel.ifunc     0x0000000000011698        0x0 /usr/lib/gcc/i686-linux-gnu/5/../../../i386-linux-gnu/crti.o
 .rel.fini_array
                0x0000000000011698        0x8 /usr/lib/gcc/i686-linux-gnu/5/../../../i386-linux-gnu/crti.o
 .rel.init_array
                0x00000000000116a0        0x8 /usr/lib/gcc/i686-linux-gnu/5/../../../i386-linux-gnu/crti.o

.rel.plt        0x00000000000116a8        0x0
 *(.rel.plt)
 .rel.plt       0x00000000000116a8        0x0 /usr/lib/gcc/i686-linux-gnu/5/../../../i386-linux-gnu/crti.o
 *(.rel.iplt)

.init           0x00000000000116a8       0x23
 *(SORT(.init))
 .init          0x00000000000116a8       0x1e /usr/lib/gcc/i686-linux-gnu/5/../../../i386-linux-gnu/crti.o
                0x00000000000116a8                _init
 .init          0x00000000000116c6        0x5 /usr/lib/gcc/i686-linux-gnu/5/../../../i386-linux-gnu/crtn.o

.plt            0x00000000000116d0       0x10
 *(.plt)
 .plt           0x00000000000116d0       0x10 /usr/lib/gcc/i686-linux-gnu/5/../../../i386-linux-gnu/crti.o
 *(.iplt)

.plt.got        0x00000000000116e0       0x10
 *(.plt.got)
 .plt.got       0x00000000000116e0       0x10 /usr/lib/gcc/i686-linux-gnu/5/../../../i386-linux-gnu/crti.o

.text           0x00000000000116f0    0x18cf2
 *(.text.unlikely .text.*_unlikely .text.unlikely.*)
 .text.unlikely
                0x00000000000116f0        0x0 /usr/lib/gcc/i686-linux-gnu/5/crtbeginS.o
 .text.unlikely
                0x00000000000116f0        0x0 /usr/lib/gcc/i686-linux-gnu/5/libgcc.a(_udivdi3.o)
 *(.text.exit .text.exit.*)
 *(.text.startup .text.startup.*)
 *(.text.hot .text.hot.*)
 *(.text .stub .text.* .gnu.linkonce.t.*)
 .text          0x00000000000116f0        0x0 /usr/lib/gcc/i686-linux-gnu/5/../../../i386-linux-gnu/crti.o
 .gnu.linkonce.t.__x86.get_pc_thunk.bx
                0x00000000000116f0        0x4 /usr/lib/gcc/i686-linux-gnu/5/../../../i386-linux-gnu/crti.o
                0x00000000000116f0                __x86.get_pc_thunk.bx
 *fill*         0x00000000000116f4        0xc 
 .text          0x0000000000011700      0x11c /usr/lib/gcc/i686-linux-gnu/5/crtbeginS.o
 .text.__x86.get_pc_thunk.dx
                0x000000000001181c        0x4 /usr/lib/gcc/i686-linux-gnu/5/crtbeginS.o
                0x000000000001181c                __x86.get_pc_thunk.dx
 .text          0x0000000000011820      0x410 humidity_sensor.o
 .text          0x0000000000011c30      0x283 build/cooja/mtype988.o
                0x0000000000011cc2                platform_init_stage_one
                0x0000000000011cd5                platform_init_stage_two
                0x0000000000011ce8                platform_init_stage_three
                0x0000000000011cfb                platform_main_loop
                0x0000000000011d6e                Java_org_contikios_cooja_corecomm_Lib8_init
                0x0000000000011da5                Java_org_contikios_cooja_corecomm_Lib8_getMemory
                0x0000000000011dd8                Java_org_contikios_cooja_corecomm_Lib8_setMemory
                0x0000000000011e38                Java_org_contikios_cooja_corecomm_Lib8_tick
                0x0000000000011ea0                Java_org_contikios_cooja_corecomm_Lib8_setReferenceAddress
 .text          0x0000000000011eb3       0x65 build/cooja/mtype988.a(simEnvChange.o)
                0x0000000000011eb3                doActionsBeforeTick
                0x0000000000011ee5                doActionsAfterTick
 .text          0x0000000000011f18       0x83 build/cooja/mtype988.a(cooja_mt.o)
                0x0000000000011f18                cooja_mt_start
                0x0000000000011f42                cooja_mt_exec
                0x0000000000011f78                cooja_mt_yield
 .text          0x0000000000011f9b       0xbe build/cooja/mtype988.a(cooja_mtarch.o)
                0x0000000000011f9b                cooja_mtarch_start
                0x000000000001200e                cooja_sw
                0x0000000000012031                cooja_mtarch_exec
                0x000000000001204e                cooja_mtarch_yield
 .text          0x0000000000012059       0xc5 build/cooja/mtype988.a(rtimer-arch.o)
                0x0000000000012059                rtimer_arch_init
                0x000000000001207d                rtimer_arch_schedule
                0x00000000000120ad                rtimer_arch_next
                0x00000000000120bd                rtimer_arch_pending
                0x00000000000120c7                rtimer_arch_check
                0x000000000001210e                rtimer_arch_now
 .text          0x000000000001211e       0x81 build/cooja/mtype988.a(beep.o)
                0x000000000001211e                beep_alarm
                0x000000000001212b                beep_beep
                0x0000000000012138                beep
                0x0000000000012145                beep_down
                0x0000000000012152                beep_on
                0x000000000001215f                beep_off
                0x000000000001216c                beep_spinup
                0x0000000000012179                beep_quick
                0x0000000000012186                beep_long
 .text          0x000000000001219f       0x65 build/cooja/mtype988.a(leds-arch.o)
                0x00000000000121b2                leds_arch_init
 .text          0x0000000000012204       0x35 build/cooja/mtype988.a(moteid.o)
 .text          0x0000000000012239       0xb7 build/cooja/mtype988.a(pir-sensor.o)
 .text          0x00000000000122f0      0x148 build/cooja/mtype988.a(rs232.o)
                0x00000000000122f0                rs232_init
                0x00000000000122f6                rs232_set_speed
                0x0000000000012305                rs232_set_input
                0x0000000000012313                rs232_send
                0x0000000000012337                rs232_print
                0x0000000000012353                slip_arch_writeb
 .text          0x0000000000012438       0xb7 build/cooja/mtype988.a(vib-sensor.o)
 .text          0x00000000000124ef       0x38 build/cooja/mtype988.a(clock.o)
                0x00000000000124ef                clock_init
                0x00000000000124f5                clock_time
                0x00000000000124ff                clock_seconds
                0x0000000000012515                clock_delay
 .text          0x0000000000012527      0x219 build/cooja/mtype988.a(cooja-log.o)
                0x0000000000012527                simlog_char
                0x000000000001256a                simlog
                0x00000000000125e0                log_message
                0x0000000000012611                log_set_putchar_with_slip
                0x000000000001261f                log_putchar
                0x000000000001269a                log_puts
                0x00000000000126c2                log_printf
 .text          0x0000000000012740      0x2b9 build/cooja/mtype988.a(cfs-cooja.o)
                0x0000000000012740                cfs_open
                0x00000000000127a9                cfs_close
                0x00000000000127b6                cfs_read
                0x000000000001284b                cfs_write
                0x0000000000012927                cfs_seek
                0x00000000000129af                cfs_remove
                0x00000000000129d3                cfs_opendir
                0x00000000000129dd                cfs_readdir
                0x00000000000129e7                cfs_closedir
 .text          0x00000000000129f9      0x620 build/cooja/mtype988.a(cooja-radio.o)
                0x0000000000012a3b                radio_set_channel
                0x0000000000012a49                radio_set_txpower
                0x0000000000012a61                radio_signal_strength_last
                0x0000000000012a6b                radio_signal_strength_current
                0x0000000000012a75                radio_LQI
 .text          0x0000000000013019       0xee build/cooja/mtype988.a(eeprom.o)
                0x0000000000013019                eeprom_init
                0x000000000001301f                eeprom_read
                0x000000000001308d                eeprom_write
 .text          0x0000000000013107       0x2d build/cooja/mtype988.a(random.o)
                0x0000000000013107                random_init
                0x0000000000013127                random_rand
 .text          0x0000000000013134      0x29c build/cooja/mtype988.a(sensors.o)
                0x000000000001316f                sensors_first
                0x0000000000013179                sensors_next
                0x0000000000013193                sensors_changed
                0x00000000000131c7                sensors_find
 .text          0x00000000000133d0      0x349 build/cooja/mtype988.a(leds.o)
                0x00000000000133d0                leds_init
                0x0000000000013417                leds_single_on
                0x0000000000013476                leds_single_off
                0x00000000000134d5                leds_single_toggle
                0x0000000000013507                leds_on
                0x0000000000013589                leds_off
                0x000000000001360b                leds_toggle
                0x0000000000013660                leds_set
                0x000000000001368c                leds_get
 .text          0x0000000000013719      0x343 build/cooja/mtype988.a(gpio-hal-arch.o)
                0x0000000000013719                gpio_hal_arch_register_pin_callback
                0x0000000000013785                gpio_hal_arch_init
                0x00000000000137ca                gpio_hal_arch_no_port_interrupt_enable
                0x00000000000137fa                gpio_hal_arch_no_port_interrupt_disable
                0x000000000001382a                gpio_hal_arch_no_port_pin_cfg_set
                0x000000000001384f                gpio_hal_arch_no_port_pin_cfg_get
                0x0000000000013875                gpio_hal_arch_no_port_pin_set_input
                0x0000000000013887                gpio_hal_arch_no_port_pin_set_output
                0x0000000000013899                gpio_hal_arch_no_port_set_pin
                0x00000000000138ba                gpio_hal_arch_no_port_clear_pin
                0x00000000000138db                gpio_hal_arch_no_port_read_pin
                0x0000000000013901                gpio_hal_arch_no_port_write_pin
                0x000000000001392b                gpio_hal_arch_no_port_set_pins
                0x0000000000013972                gpio_hal_arch_no_port_clear_pins
                0x00000000000139b9                gpio_hal_arch_no_port_read_pins
                0x00000000000139fc                gpio_hal_arch_no_port_write_pins
 .text          0x0000000000013a5c       0x89 build/cooja/mtype988.a(buttons.o)
 .text          0x0000000000013ae5      0x144 build/cooja/mtype988.a(res_humidity.o)
 .text          0x0000000000013c29      0x27b build/cooja/mtype988.a(coap-blocking-a)
                0x0000000000013c29                coap_blocking_request_callback
                0x0000000000013c53                coap_blocking_request
 .text          0x0000000000013ea4      0xbea build/cooja/mtype988.a(coap-engine.o)
                0x0000000000013f39                coap_add_handler
                0x0000000000013f56                coap_remove_handler
                0x0000000000013f73                coap_call_handlers
                0x000000000001407b                coap_receive
                0x0000000000014676                coap_engine_init
                0x00000000000146d4                coap_activate_resource
                0x000000000001477f                coap_get_first_resource
                0x0000000000014798                coap_get_next_resource
 .text          0x0000000000014a8e      0x2d9 build/cooja/mtype988.a(coap-res-well-k)
 .text          0x0000000000014d67      0x96a build/cooja/mtype988.a(coap-observe.o)
                0x0000000000014e7c                coap_remove_observer
                0x0000000000014eac                coap_remove_observer_by_client
                0x0000000000014f14                coap_remove_observer_by_token
                0x0000000000014fa7                coap_remove_observer_by_uri
                0x000000000001504e                coap_remove_observer_by_mid
                0x00000000000150ca                coap_notify_observers
                0x00000000000150e3                coap_notify_observers_sub
                0x000000000001554d                coap_observe_handler
                0x0000000000015668                coap_has_observers
 .text          0x00000000000156d1      0x2c6 build/cooja/mtype988.a(coap-transactio)
                0x0000000000015737                coap_new_transaction
                0x000000000001579d                coap_send_transaction
                0x00000000000158fe                coap_clear_transaction
                0x0000000000015946                coap_get_transaction_by_mid
 .text          0x0000000000015997      0x733 build/cooja/mtype988.a(coap-uip.o)
                0x0000000000015997                coap_endpoint_log
                0x0000000000015a1d                coap_endpoint_print
                0x0000000000015aa3                coap_endpoint_snprint
                0x0000000000015bd6                coap_endpoint_copy
                0x0000000000015c13                coap_endpoint_cmp
                0x0000000000015d21                coap_endpoint_parse
                0x0000000000015f0c                coap_endpoint_is_secure
                0x0000000000015f1b                coap_endpoint_is_connected
                0x0000000000015f4f                coap_endpoint_connect
                0x0000000000015f6b                coap_endpoint_disconnect
                0x0000000000015f71                coap_databuf
                0x0000000000015f7b                coap_transport_init
                0x0000000000015fcb                coap_sendto
 .text          0x00000000000160ca      0x324 build/cooja/mtype988.a(coap-timer.o)
                0x00000000000161c7                coap_timer_stop
                0x00000000000161f2                coap_timer_set
                0x0000000000016235                coap_timer_reset
                0x0000000000016278                coap_timer_time_to_next_expiration
                0x00000000000162e4                coap_timer_run
                0x00000000000163b0                coap_timer_init
 .text          0x00000000000163ee     0x1c53 build/cooja/mtype988.a(coap.o)
                0x000000000001695b                coap_init_connection
                0x000000000001696f                coap_get_mid
                0x000000000001698b                coap_init_message
                0x00000000000169d4                coap_serialize_message
                0x0000000000017056                coap_parse_message
                0x00000000000176bd                coap_get_query_variable
                0x00000000000176ff                coap_get_post_variable
                0x0000000000017743                coap_set_status_code
                0x0000000000017768                coap_set_token
                0x00000000000177af                coap_get_header_content_format
                0x00000000000177e0                coap_set_header_content_format
                0x0000000000017803                coap_get_header_accept
                0x0000000000017834                coap_set_header_accept
                0x0000000000017857                coap_get_header_max_age
                0x0000000000017888                coap_set_header_max_age
                0x00000000000178a8                coap_get_header_etag
                0x00000000000178da                coap_set_header_etag
                0x0000000000017931                coap_get_header_if_match
                0x0000000000017963                coap_set_header_if_match
                0x00000000000179ba                coap_get_header_if_none_match
                0x00000000000179d4                coap_set_header_if_none_match
                0x00000000000179eb                coap_get_header_proxy_uri
                0x0000000000017a19                coap_set_header_proxy_uri
                0x0000000000017a56                coap_get_header_uri_host
                0x0000000000017a84                coap_set_header_uri_host
                0x0000000000017ac1                coap_get_header_uri_path
                0x0000000000017aef                coap_set_header_uri_path
                0x0000000000017b3c                coap_get_header_uri_query
                0x0000000000017b70                coap_set_header_uri_query
                0x0000000000017bc6                coap_get_header_location_path
                0x0000000000017bf4                coap_set_header_location_path
                0x0000000000017c8d                coap_get_header_location_query
                0x0000000000017cbb                coap_set_header_location_query
                0x0000000000017d08                coap_get_header_observe
                0x0000000000017d37                coap_set_header_observe
                0x0000000000017d57                coap_get_header_block2
                0x0000000000017dc3                coap_set_header_block2
                0x0000000000017e3a                coap_get_header_block1
                0x0000000000017eaf                coap_set_header_block1
                0x0000000000017f2a                coap_get_header_size2
                0x0000000000017f5a                coap_set_header_size2
                0x0000000000017f7d                coap_get_header_size1
                0x0000000000017fad                coap_set_header_size1
                0x0000000000017fd0                coap_get_payload
                0x000000000001800a                coap_set_payload
 .text          0x0000000000018041      0x332 build/cooja/mtype988.a(contiki-main.o)
                0x0000000000018041                main
 .text          0x0000000000018373       0x92 build/cooja/mtype988.a(autostart.o)
                0x0000000000018373                autostart_start
                0x00000000000183bd                autostart_exit
 .text          0x0000000000018405      0x355 build/cooja/mtype988.a(ctimer.o)
                0x000000000001852d                ctimer_init
                0x0000000000018560                ctimer_set
                0x0000000000018586                ctimer_set_with_process
                0x0000000000018603                ctimer_reset
                0x0000000000018657                ctimer_restart
                0x00000000000186ab                ctimer_stop
                0x00000000000186fb                ctimer_expired
 .text          0x000000000001875a       0x1b build/cooja/mtype988.a(energest.o)
                0x000000000001875a                energest_init
                0x0000000000018760                energest_flush
                0x0000000000018766                energest_get_total_time
 .text          0x0000000000018775      0x43f build/cooja/mtype988.a(etimer.o)
                0x0000000000018999                etimer_request_poll
                0x0000000000018a22                etimer_set
                0x0000000000018a4b                etimer_reset_with_new_interval
                0x0000000000018a7a                etimer_reset
                0x0000000000018aa0                etimer_restart
                0x0000000000018ac6                etimer_adjust
                0x0000000000018ae3                etimer_expired
                0x0000000000018af6                etimer_expiration_time
                0x0000000000018b08                etimer_start_time
                0x0000000000018b12                etimer_pending
                0x0000000000018b24                etimer_next_expiration_time
                0x0000000000018b3e                etimer_stop
 .text          0x0000000000018bb4      0x394 build/cooja/mtype988.a(log.o)
                0x0000000000018bb4                log_6addr
                0x0000000000018c07                log_6addr_compact_snprint
                0x0000000000018ca5                log_6addr_compact
                0x0000000000018cf8                log_lladdr
                0x0000000000018d6a                log_lladdr_compact
                0x0000000000018dd2                log_set_level
                0x0000000000018e8d                log_get_level
                0x0000000000018f06                log_level_to_str
 .text          0x0000000000018f48       0xeb build/cooja/mtype988.a(rtimer.o)
                0x0000000000018f48                rtimer_init
                0x0000000000018f56                rtimer_set
                0x0000000000018fd1                rtimer_run_next
 .text          0x0000000000019033       0x25 build/cooja/mtype988.a(node-id.o)
                0x0000000000019033                node_id_init
 .text          0x0000000000019058      0x4fb build/cooja/mtype988.a(process.o)
                0x0000000000019058                process_alloc_event
                0x000000000001906d                process_start
                0x0000000000019247                process_exit
                0x0000000000019264                process_init
                0x00000000000193f9                process_run
                0x000000000001942c                process_nevents
                0x0000000000019447                process_post
                0x00000000000194da                process_post_synch
                0x000000000001950f                process_poll
                0x000000000001953f                process_is_running
 .text          0x0000000000019553       0xb1 build/cooja/mtype988.a(timer.o)
                0x0000000000019553                timer_set
                0x0000000000019571                timer_reset
                0x000000000001959e                timer_restart
                0x00000000000195b3                timer_expired
                0x00000000000195e0                timer_remaining
 .text          0x0000000000019604      0x28f build/cooja/mtype988.a(list.o)
                0x0000000000019604                list_init
                0x0000000000019613                list_head
                0x000000000001961d                list_copy
                0x000000000001962d                list_tail
                0x0000000000019663                list_add
                0x00000000000196af                list_push
                0x00000000000196db                list_chop
                0x0000000000019745                list_pop
                0x000000000001976d                list_remove
                0x00000000000197d5                list_length
                0x0000000000019803                list_insert
                0x0000000000019848                list_item_next
                0x000000000001985f                list_contains
 .text          0x0000000000019893      0x1b5 build/cooja/mtype988.a(memb.o)
                0x0000000000019893                memb_init
                0x00000000000198e8                memb_alloc
                0x000000000001994b                memb_free
                0x00000000000199c2                memb_inmemb
                0x0000000000019a01                memb_numfree
 .text          0x0000000000019a48      0x41c build/cooja/mtype988.a(button-hal.o)
                0x0000000000019bc1                button_hal_get_by_id
                0x0000000000019bff                button_hal_get_by_index
                0x0000000000019c2b                button_hal_get_state
                0x0000000000019c7d                button_hal_init
 .text          0x0000000000019e64      0x1f3 build/cooja/mtype988.a(serial-line.o)
                0x0000000000019e64                serial_line_input_byte
                0x000000000001a022                serial_line_init
 .text          0x000000000001a057      0x168 build/cooja/mtype988.a(gpio-hal.o)
                0x000000000001a057                gpio_hal_register_handler
                0x000000000001a074                gpio_hal_event_handler
                0x000000000001a0d0                gpio_hal_init
                0x000000000001a0ef                gpio_hal_arch_port_toggle_pin
                0x000000000001a12b                gpio_hal_arch_port_toggle_pins
                0x000000000001a159                gpio_hal_arch_no_port_toggle_pin
                0x000000000001a197                gpio_hal_arch_no_port_toggle_pins
 .text          0x000000000001a1bf      0x2e7 build/cooja/mtype988.a(queuebuf.o)
                0x000000000001a1c9                queuebuf_init
                0x000000000001a1f2                queuebuf_numfree
                0x000000000001a20a                queuebuf_new_from_packetbuf
                0x000000000001a2a9                queuebuf_update_attr_from_packetbuf
                0x000000000001a2de                queuebuf_update_from_packetbuf
                0x000000000001a32e                queuebuf_free
                0x000000000001a377                queuebuf_to_packetbuf
                0x000000000001a3e3                queuebuf_dataptr
                0x000000000001a41d                queuebuf_datalen
                0x000000000001a440                queuebuf_addr
                0x000000000001a475                queuebuf_attr
                0x000000000001a4a0                queuebuf_debug_print
 .text          0x000000000001a4a6      0x407 build/cooja/mtype988.a(packetbuf.o)
                0x000000000001a4a6                packetbuf_clear
                0x000000000001a4d1                packetbuf_copyfrom
                0x000000000001a520                packetbuf_copyto
                0x000000000001a5b3                packetbuf_hdralloc
                0x000000000001a62f                packetbuf_hdrreduce
                0x000000000001a675                packetbuf_set_datalen
                0x000000000001a68f                packetbuf_dataptr
                0x000000000001a6ac                packetbuf_hdrptr
                0x000000000001a6b6                packetbuf_datalen
                0x000000000001a6c2                packetbuf_hdrlen
                0x000000000001a6d9                packetbuf_totlen
                0x000000000001a6ef                packetbuf_remaininglen
                0x000000000001a702                packetbuf_attr_clear
                0x000000000001a74e                packetbuf_attr_copyto
                0x000000000001a7a6                packetbuf_attr_copyfrom
                0x000000000001a7fe                packetbuf_set_attr
                0x000000000001a828                packetbuf_attr
                0x000000000001a842                packetbuf_set_addr
                0x000000000001a873                packetbuf_addr
                0x000000000001a890                packetbuf_holds_broadcast
 .text          0x000000000001a8ad       0xef build/cooja/mtype988.a(netstack.o)
                0x000000000001a8ad                netstack_process_ip_callback
                0x000000000001a93e                netstack_ip_packet_processor_add
                0x000000000001a961                uip_ds6_ip_packet_processor_rm
                0x000000000001a97e                netstack_init
 .text          0x000000000001a99c       0x4f build/cooja/mtype988.a(linkaddr.o)
                0x000000000001a99c                linkaddr_copy
                0x000000000001a9b2                linkaddr_cmp
                0x000000000001a9d5                linkaddr_set_node_addr
 .text          0x000000000001a9eb      0x1f6 build/cooja/mtype988.a(csma.o)
 .text          0x000000000001abe1      0x95d build/cooja/mtype988.a(csma-output.o)
                0x000000000001b278                csma_output_packet
                0x000000000001b505                csma_output_init
 .text          0x000000000001b53e      0xc11 build/cooja/mtype988.a(uip-ds6.o)
                0x000000000001b53e                uip_ds6_default_prefix
                0x000000000001b548                uip_ds6_set_default_prefix
                0x000000000001b573                uip_ds6_init
                0x000000000001b7d5                uip_ds6_periodic
                0x000000000001b85c                uip_ds6_list_loop
                0x000000000001b91c                uip_ds6_prefix_add
                0x000000000001b9c8                uip_ds6_prefix_rm
                0x000000000001b9db                uip_ds6_prefix_lookup
                0x000000000001ba1a                uip_ds6_is_addr_onlink
                0x000000000001ba8d                uip_ds6_addr_add
                0x000000000001bbad                uip_ds6_addr_rm
                0x000000000001bc56                uip_ds6_addr_lookup
                0x000000000001bc8f                uip_ds6_get_link_local
                0x000000000001bd10                uip_ds6_get_global
                0x000000000001bd91                uip_ds6_maddr_add
                0x000000000001bdf1                uip_ds6_maddr_rm
                0x000000000001be04                uip_ds6_maddr_lookup
                0x000000000001be3d                uip_ds6_aaddr_add
                0x000000000001be9d                uip_ds6_aaddr_rm
                0x000000000001beb0                uip_ds6_aaddr_lookup
                0x000000000001bee9                uip_ds6_select_src
                0x000000000001c032                uip_ds6_set_addr_iid
                0x000000000001c05d                uip_ds6_set_lladdr_from_iid
                0x000000000001c086                get_match_length
                0x000000000001c117                uip_ds6_compute_reachable_time
 .text          0x000000000001c14f      0x6f7 build/cooja/mtype988.a(tcpip.o)
                0x000000000001c169                tcpip_output
                0x000000000001c1e8                udp_attach
                0x000000000001c200                udp_new
                0x000000000001c24a                udp_broadcast_new
                0x000000000001c3bc                tcpip_input
                0x000000000001c54c                tcpip_ipv6_output
                0x000000000001c740                tcpip_poll_udp
                0x000000000001c75e                tcpip_uipcall
 .text          0x000000000001c846      0x128 build/cooja/mtype988.a(uip-udp-packet.)
                0x000000000001c846                uip_udp_packet_send
                0x000000000001c8a1                uip_udp_packet_sendto
 .text          0x000000000001c96e      0xa3c build/cooja/mtype988.a(uip-ds6-route.o)
                0x000000000001ca58                uip_ds6_notification_add
                0x000000000001ca8a                uip_ds6_notification_rm
                0x000000000001caa7                uip_ds6_route_init
                0x000000000001cb46                uip_ds6_route_nexthop
                0x000000000001cb75                uip_ds6_route_head
                0x000000000001cb8e                uip_ds6_route_next
                0x000000000001cbb7                uip_ds6_route_is_nexthop
                0x000000000001cbf9                uip_ds6_route_num_routes
                0x000000000001cc03                uip_ds6_route_lookup
                0x000000000001ccda                uip_ds6_route_add
                0x000000000001cf1a                uip_ds6_route_rm
                0x000000000001d0b8                uip_ds6_route_rm_by_nexthop
                0x000000000001d0f7                uip_ds6_defrt_head
                0x000000000001d110                uip_ds6_defrt_add
                0x000000000001d1d1                uip_ds6_defrt_rm
                0x000000000001d252                uip_ds6_defrt_lookup
                0x000000000001d2b9                uip_ds6_defrt_choose
                0x000000000001d32f                uip_ds6_defrt_periodic
 .text          0x000000000001d3aa      0x369 build/cooja/mtype988.a(uip-ds6-nbr.o)
                0x000000000001d3aa                uip_ds6_neighbors_init
                0x000000000001d3ce                uip_ds6_nbr_add
                0x000000000001d454                uip_ds6_nbr_rm
                0x000000000001d49f                uip_ds6_nbr_update_ll
                0x000000000001d58d                uip_ds6_nbr_get_ipaddr
                0x000000000001d5a2                uip_ds6_nbr_get_ll
                0x000000000001d5be                uip_ds6_nbr_num
                0x000000000001d607                uip_ds6_nbr_head
                0x000000000001d620                uip_ds6_nbr_next
                0x000000000001d63c                uip_ds6_nbr_lookup
                0x000000000001d694                uip_ds6_nbr_ll_lookup
                0x000000000001d6b0                uip_ds6_nbr_ipaddr_from_lladdr
                0x000000000001d6d9                uip_ds6_nbr_lladdr_from_ipaddr
                0x000000000001d70d                uip_ds6_link_callback
 .text          0x000000000001d713     0x1205 build/cooja/mtype988.a(uip6.o)
                0x000000000001d7c2                uip_chksum
                0x000000000001d899                uip_icmp6chksum
                0x000000000001d8ae                uip_udpchksum
                0x000000000001d8c3                uip_init
                0x000000000001d90c                uip_remove_ext_hdr
                0x000000000001d9e6                uip_udp_new
                0x000000000001dcfa                uip_process
                0x000000000001e7f2                uip_htons
                0x000000000001e814                uip_htonl
                0x000000000001e852                uip_send
 .text          0x000000000001e918      0x6a7 build/cooja/mtype988.a(uip-nd6.o)
                0x000000000001efa6                uip_nd6_init
 .text          0x000000000001efbf     0x2c17 build/cooja/mtype988.a(sicslowpan.o)
                0x000000000001f5c6                netstack_sniffer_add
                0x000000000001f5d4                netstack_sniffer_remove
                0x0000000000021baa                sicslowpan_init
                0x0000000000021bcc                sicslowpan_get_last_rssi
 .text          0x0000000000021bd6      0x4d1 build/cooja/mtype988.a(uiplib.o)
                0x0000000000021bd6                uiplib_ip6addrconv
                0x0000000000021d8e                uiplib_ip4addrconv
                0x0000000000021e51                uiplib_ipaddr_print
                0x0000000000021ea4                uiplib_ipaddr_snprint
 .text          0x00000000000220a7      0x4c9 build/cooja/mtype988.a(rpl.o)
                0x00000000000220a7                rpl_lollipop_greater_than
                0x0000000000022101                rpl_get_global_address
                0x00000000000221f9                rpl_link_callback
                0x000000000002223d                rpl_has_joined
                0x0000000000022262                rpl_is_reachable
                0x00000000000222e3                rpl_reset_prefix
                0x000000000002234d                rpl_set_prefix_from_addr
                0x0000000000022432                rpl_set_prefix
                0x000000000002254c                rpl_set_leaf_only
                0x0000000000022564                rpl_get_leaf_only
 .text          0x0000000000022570     0x138c build/cooja/mtype988.a(rpl-icmp6.o)
                0x0000000000022695                rpl_icmp6_update_nbr_table
                0x000000000002271e                rpl_icmp6_dis_output
                0x0000000000022d64                rpl_icmp6_dio_output
                0x0000000000023562                rpl_icmp6_dao_output
                0x0000000000023843                rpl_icmp6_dao_ack_output
                0x00000000000238b3                rpl_icmp6_init
 .text          0x00000000000238fc      0x264 build/cooja/mtype988.a(rpl-dag-root.o)
                0x00000000000238fc                rpl_dag_root_print_links
                0x0000000000023a28                rpl_dag_root_set_prefix
                0x0000000000023a54                rpl_dag_root_start
                0x0000000000023b31                rpl_dag_root_is_root
 .text          0x0000000000023b60       0x30 build/cooja/mtype988.a(watchdog.o)
                0x0000000000023b60                watchdog_init
                0x0000000000023b66                watchdog_start
                0x0000000000023b6c                watchdog_periodic
                0x0000000000023b84                watchdog_stop
                0x0000000000023b8a                watchdog_reboot
 .text          0x0000000000023b90       0x4a build/cooja/mtype988.a(int-master.o)
                0x0000000000023b90                int_master_enable
                0x0000000000023ba0                int_master_read_and_disable
                0x0000000000023bbd                int_master_status_set
                0x0000000000023bcb                int_master_is_enabled
 .text          0x0000000000023bda      0x226 build/cooja/mtype988.a(coap-timer-defa)
 .text          0x0000000000023e00       0xc7 build/cooja/mtype988.a(stimer.o)
                0x0000000000023e00                stimer_set
                0x0000000000023e1e                stimer_reset
                0x0000000000023e4b                stimer_restart
                0x0000000000023e60                stimer_expired
                0x0000000000023e8b                stimer_remaining
                0x0000000000023eaf                stimer_elapsed
 .text          0x0000000000023ec7      0x156 build/cooja/mtype988.a(ringbuf.o)
                0x0000000000023ec7                ringbuf_init
                0x0000000000023ef9                ringbuf_put
                0x0000000000023f77                ringbuf_get
                0x0000000000023fe4                ringbuf_size
                0x0000000000023ff6                ringbuf_elements
 .text          0x000000000002401d       0x1f build/cooja/mtype988.a(assert.o)
                0x000000000002401d                _xassert
 .text          0x000000000002403c      0x79b build/cooja/mtype988.a(nbr-table.o)
                0x00000000000244b5                nbr_table_register
                0x0000000000024522                nbr_table_is_registered
                0x000000000002455d                nbr_table_head
                0x00000000000245b8                nbr_table_next
                0x0000000000024619                nbr_table_add_lladdr
                0x00000000000246f3                nbr_table_get_from_lladdr
                0x000000000002473f                nbr_table_remove
                0x0000000000024777                nbr_table_lock
                0x0000000000024791                nbr_table_unlock
                0x00000000000247ab                nbr_table_get_lladdr
 .text          0x00000000000247d7      0x3a5 build/cooja/mtype988.a(link-stats.o)
                0x00000000000247d7                link_stats_from_lladdr
                0x00000000000247f3                link_stats_get_lladdr
                0x000000000002480f                link_stats_is_fresh
                0x000000000002484b                guess_etx_from_rssi
                0x00000000000248c7                link_stats_packet_sent
                0x00000000000249e7                link_stats_input_callback
                0x0000000000024af7                link_stats_reset
                0x0000000000024b47                link_stats_init
 .text          0x0000000000024b7c      0x187 build/cooja/mtype988.a(mac-sequence.o)
                0x0000000000024b7c                mac_sequence_is_duplicate
                0x0000000000024c1c                mac_sequence_register_seqno
 .text          0x0000000000024d03       0x23 build/cooja/mtype988.a(mac.o)
                0x0000000000024d03                mac_call_sent_callback
 .text          0x0000000000024d26      0x432 build/cooja/mtype988.a(framer-802154.o)
                0x0000000000024eb5                framer_802154_setup_params
 .text          0x0000000000025158      0xb6f build/cooja/mtype988.a(frame802154.o)
                0x0000000000025189                frame802154_get_pan_id
                0x0000000000025195                frame802154_set_pan_id
                0x00000000000251af                frame802154_has_panid
                0x000000000002535e                frame802154_check_dest_panid
                0x00000000000253e6                frame802154_is_broadcast_addr
                0x0000000000025433                frame802154_extract_linkaddr
                0x0000000000025698                frame802154_hdrlen
                0x000000000002570b                frame802154_create_fcf
                0x00000000000257c3                frame802154_create
                0x0000000000025938                frame802154_parse_fcf
                0x0000000000025a1a                frame802154_parse
 .text          0x0000000000025cc7       0x2d build/cooja/mtype988.a(csma-security.o)
                0x0000000000025cc7                csma_security_create_frame
                0x0000000000025ce5                csma_security_parse_frame
 .text          0x0000000000025cf4      0x4e4 build/cooja/mtype988.a(uipbuf.o)
                0x0000000000025cf4                uipbuf_clear
                0x0000000000025d1b                uipbuf_add_ext_hdr
                0x0000000000025d9b                uipbuf_set_len
                0x0000000000025dc8                uipbuf_set_len_field
                0x0000000000025df4                uipbuf_get_len_field
                0x0000000000025e14                uipbuf_get_next_header
                0x0000000000025f46                uipbuf_get_last_header
                0x0000000000025fbf                uipbuf_search_header
                0x0000000000026075                uipbuf_get_attr
                0x000000000002609c                uipbuf_set_attr
                0x00000000000260d3                uipbuf_set_default_attr
                0x000000000002610a                uipbuf_clear_attr
                0x000000000002612e                uipbuf_set_attr_flag
                0x000000000002614f                uipbuf_clr_attr_flag
                0x0000000000026176                uipbuf_is_attr_flag
                0x000000000002619a                uipbuf_init
 .text          0x00000000000261d8      0x73f build/cooja/mtype988.a(uip-icmp6.o)
                0x000000000002624d                uip_icmp6_input
                0x00000000000262a4                uip_icmp6_register_input_handler
                0x00000000000263f7                uip_icmp6_error_output
                0x00000000000266a8                uip_icmp6_send
                0x000000000002689f                uip_icmp6_echo_reply_callback_add
                0x00000000000268d1                uip_icmp6_echo_reply_callback_rm
                0x00000000000268ee                uip_icmp6_init
 .text          0x0000000000026917      0x69b build/cooja/mtype988.a(uip-sr.o)
                0x0000000000026917                uip_sr_num_nodes
                0x00000000000269a5                uip_sr_get_node
                0x00000000000269fc                uip_sr_is_addr_reachable
                0x0000000000026aaa                uip_sr_expire_parent
                0x0000000000026af3                uip_sr_update_node
                0x0000000000026c23                uip_sr_init
                0x0000000000026c57                uip_sr_node_head
                0x0000000000026c70                uip_sr_node_next
                0x0000000000026c86                uip_sr_periodic
                0x0000000000026d8c                uip_sr_free_all
                0x0000000000026dfc                uip_sr_link_snprint
 .text          0x0000000000026fb2      0x146 build/cooja/mtype988.a(uip-packetqueue)
                0x0000000000026fe0                uip_packetqueue_new
                0x0000000000026fef                uip_packetqueue_alloc
                0x000000000002704a                uip_packetqueue_free
                0x0000000000027091                uip_packetqueue_buf
                0x00000000000270ae                uip_packetqueue_buflen
                0x00000000000270cf                uip_packetqueue_set_buflen
 .text          0x00000000000270f8      0x1b0 build/cooja/mtype988.a(rpl-nbr-policy.)
                0x0000000000027265                rpl_nbr_policy_find_removable
 .text          0x00000000000272a8      0x915 build/cooja/mtype988.a(rpl-neighbor.o)
                0x0000000000027324                rpl_neighbor_snprint
                0x00000000000275d7                rpl_neighbor_print_list
                0x000000000002768c                rpl_neighbor_count
                0x0000000000027733                rpl_neighbor_get_from_lladdr
                0x000000000002774f                rpl_neighbor_is_acceptable_parent
                0x0000000000027783                rpl_neighbor_get_link_metric
                0x00000000000277b7                rpl_neighbor_rank_via_nbr
                0x00000000000277eb                rpl_neighbor_get_lladdr
                0x0000000000027807                rpl_neighbor_get_ipaddr
                0x000000000002782e                rpl_neighbor_get_link_stats
                0x0000000000027855                rpl_neighbor_is_fresh
                0x000000000002787c                rpl_neighbor_is_reachable
                0x00000000000278c7                rpl_neighbor_is_parent
                0x00000000000278f1                rpl_neighbor_set_preferred_parent
                0x0000000000027988                rpl_neighbor_remove_all
                0x00000000000279e4                rpl_neighbor_get_from_ipaddr
                0x0000000000027af2                rpl_neighbor_select_best
                0x0000000000027b9e                rpl_neighbor_init
 .text          0x0000000000027bbd      0xe69 build/cooja/mtype988.a(rpl-dag.o)
                0x0000000000027bbd                rpl_dag_state_to_str
                0x0000000000027bfc                rpl_dag_get_root_ipaddr
                0x0000000000027c44                rpl_dag_leave
                0x0000000000027ccd                rpl_dag_poison_and_leave
                0x0000000000027ce5                rpl_dag_periodic
                0x0000000000027d6d                rpl_is_addr_in_our_dag
                0x0000000000027db1                rpl_get_default_instance
                0x0000000000027dcd                rpl_get_any_dag
                0x0000000000027e26                rpl_refresh_routes
                0x0000000000027e66                rpl_global_repair
                0x0000000000027eff                rpl_local_repair
                0x0000000000027f49                rpl_dag_ready_to_advertise
                0x0000000000027f8c                rpl_dag_update_state
                0x00000000000286b9                rpl_process_dio
                0x0000000000028737                rpl_process_dis
                0x000000000002877c                rpl_process_dao
                0x000000000002880b                rpl_process_dao_ack
                0x00000000000288a2                rpl_process_hbh
                0x00000000000288f2                rpl_dag_init_root
                0x0000000000028a06                rpl_dag_init
 .text          0x0000000000028a26      0x9e7 build/cooja/mtype988.a(rpl-timers.o)
                0x0000000000028a26                rpl_timers_schedule_periodic_dis
                0x0000000000028b74                rpl_timers_dio_reset
                0x0000000000028c82                rpl_timers_schedule_unicast_dio
                0x0000000000028dd6                rpl_timers_schedule_dao
                0x0000000000028e95                rpl_timers_schedule_dao_ack
                0x0000000000028f1b                rpl_timers_notify_dao_ack
                0x0000000000028f79                get_probing_delay
                0x0000000000028fad                get_probing_target
                0x0000000000029197                rpl_schedule_probing
                0x00000000000291c5                rpl_schedule_probing_now
                0x000000000002922f                rpl_timers_unschedule_leaving
                0x0000000000029267                rpl_timers_schedule_leaving
                0x00000000000292a8                rpl_timers_init
                0x0000000000029338                rpl_timers_stop_dag_timers
                0x00000000000293b1                rpl_timers_unschedule_state_update
                0x00000000000293d5                rpl_timers_schedule_state_update
 .text          0x000000000002940d      0xb8e build/cooja/mtype988.a(rpl-ext-header.)
                0x000000000002940d                rpl_ext_header_srh_get_next_hop
                0x00000000000294f4                rpl_ext_header_srh_update
                0x0000000000029a60                rpl_ext_header_hbh_update
                0x0000000000029d60                rpl_ext_header_update
                0x0000000000029de9                rpl_ext_header_remove
 .text          0x0000000000029f9b      0x31b build/cooja/mtype988.a(rpl-mrhof.o)
 *fill*         0x000000000002a2b6        0xa 
 .text          0x000000000002a2c0      0x122 /usr/lib/gcc/i686-linux-gnu/5/libgcc.a(_udivdi3.o)
                0x000000000002a2c0                __udivdi3
 .text          0x000000000002a3e2        0x0 /usr/lib/gcc/i686-linux-gnu/5/crtendS.o
 .text          0x000000000002a3e2        0x0 /usr/lib/gcc/i686-linux-gnu/5/../../../i386-linux-gnu/crtn.o
 *(.gnu.warning)

.fini           0x000000000002a3e4       0x14
 *(SORT(.fini))
 .fini          0x000000000002a3e4        0xf /usr/lib/gcc/i686-linux-gnu/5/../../../i386-linux-gnu/crti.o
                0x000000000002a3e4                _fini
 .fini          0x000000000002a3f3        0x5 /usr/lib/gcc/i686-linux-gnu/5/../../../i386-linux-gnu/crtn.o
                [!provide]                        PROVIDE (__etext, .)
                [!provide]                        PROVIDE (_etext, .)
                [!provide]                        PROVIDE (etext, .)

.rodata         0x000000000002a400      0xb4b
 *(.rodata .rodata.* .gnu.linkonce.r.*)
 .rodata        0x000000000002a400      0x108 humidity_sensor.o
                0x000000000002a400                VAR_RANGE
                0x000000000002a414                autostart_processes
 .rodata        0x000000000002a508        0x8 build/cooja/mtype988.a(beep.o)
                0x000000000002a508                beep_interface
 .rodata        0x000000000002a510        0xe build/cooja/mtype988.a(leds-arch.o)
                0x000000000002a510                leds_interface
                0x000000000002a518                leds_arch_leds
 *fill*         0x000000000002a51e        0x2 
 .rodata        0x000000000002a520        0x8 build/cooja/mtype988.a(moteid.o)
                0x000000000002a520                moteid_interface
 .rodata        0x000000000002a528       0x1c build/cooja/mtype988.a(pir-sensor.o)
                0x000000000002a528                pir_interface
                0x000000000002a534                pir_sensor
 .rodata        0x000000000002a544        0xe build/cooja/mtype988.a(rs232.o)
                0x000000000002a544                rs232_interface
 *fill*         0x000000000002a552        0x2 
 .rodata        0x000000000002a554       0x24 build/cooja/mtype988.a(vib-sensor.o)
                0x000000000002a554                vib_interface
                0x000000000002a568                vib_sensor
 .rodata        0x000000000002a578        0x8 build/cooja/mtype988.a(clock.o)
                0x000000000002a578                clock_interface
 .rodata        0x000000000002a580        0x8 build/cooja/mtype988.a(cooja-log.o)
                0x000000000002a580                simlog_interface
 .rodata        0x000000000002a588       0x2f build/cooja/mtype988.a(cfs-cooja.o)
                0x000000000002a588                cfs_interface
 *fill*         0x000000000002a5b7        0x9 
 .rodata        0x000000000002a5c0       0xb8 build/cooja/mtype988.a(cooja-radio.o)
                0x000000000002a5c0                radio_interface
                0x000000000002a640                cooja_radio_driver
 .rodata        0x000000000002a678        0x8 build/cooja/mtype988.a(eeprom.o)
                0x000000000002a678                eeprom_interface
 .rodata        0x000000000002a680        0x8 build/cooja/mtype988.a(sensors.o)
 .rodata        0x000000000002a688       0x2c build/cooja/mtype988.a(buttons.o)
                0x000000000002a688                button_interface
                0x000000000002a69c                button_hal_button_count
                0x000000000002a6a4                button_sensor
 .rodata        0x000000000002a6b4       0x6d build/cooja/mtype988.a(res_humidity.o)
 .rodata        0x000000000002a721       0x41 build/cooja/mtype988.a(coap-engine.o)
 .rodata        0x000000000002a762       0x19 build/cooja/mtype988.a(coap-res-well-k)
 .rodata        0x000000000002a77b       0x11 build/cooja/mtype988.a(coap-observe.o)
 .rodata        0x000000000002a78c       0x35 build/cooja/mtype988.a(coap-uip.o)
 *fill*         0x000000000002a7c1        0x3 
 .rodata        0x000000000002a7c4      0x1ac build/cooja/mtype988.a(coap.o)
 .rodata        0x000000000002a970       0xf4 build/cooja/mtype988.a(contiki-main.o)
 .rodata        0x000000000002aa64        0xf build/cooja/mtype988.a(ctimer.o)
 .rodata        0x000000000002aa73        0xc build/cooja/mtype988.a(etimer.o)
 *fill*         0x000000000002aa7f        0x1 
 .rodata        0x000000000002aa80       0xc4 build/cooja/mtype988.a(log.o)
 .rodata        0x000000000002ab44       0x13 build/cooja/mtype988.a(button-hal.o)
 .rodata        0x000000000002ab57        0xe build/cooja/mtype988.a(serial-line.o)
 *fill*         0x000000000002ab65        0x3 
 .rodata        0x000000000002ab68        0x8 build/cooja/mtype988.a(linkaddr.o)
                0x000000000002ab68                linkaddr_null
 .rodata        0x000000000002ab70       0x24 build/cooja/mtype988.a(csma.o)
                0x000000000002ab78                csma_driver
 .rodata        0x000000000002ab94       0x24 build/cooja/mtype988.a(csma-output.o)
 .rodata        0x000000000002abb8        0xd build/cooja/mtype988.a(tcpip.o)
 *fill*         0x000000000002abc5        0x3 
 .rodata        0x000000000002abc8       0xb9 build/cooja/mtype988.a(uip-ds6-route.o)
 *fill*         0x000000000002ac81        0x3 
 .rodata        0x000000000002ac84       0x30 build/cooja/mtype988.a(sicslowpan.o)
                0x000000000002ac84                unc_llconf
                0x000000000002ac88                unc_ctxconf
                0x000000000002ac8c                unc_mxconf
                0x000000000002ac90                llprefix
                0x000000000002aca4                sicslowpan_driver
 .rodata        0x000000000002acb4       0x2d build/cooja/mtype988.a(uiplib.o)
 *fill*         0x000000000002ace1       0x1f 
 .rodata        0x000000000002ad00       0x74 build/cooja/mtype988.a(rpl.o)
                0x000000000002ad20                rpl_lite_driver
 .rodata        0x000000000002ad74       0x20 build/cooja/mtype988.a(coap-timer-defa)
                0x000000000002ad88                coap_timer_default_driver
 .rodata        0x000000000002ad94       0x25 build/cooja/mtype988.a(assert.o)
 *fill*         0x000000000002adb9        0x3 
 .rodata        0x000000000002adbc        0xc build/cooja/mtype988.a(framer-802154.o)
                0x000000000002adbc                framer_802154
 .rodata        0x000000000002adc8       0x44 build/cooja/mtype988.a(uip-sr.o)
 .rodata        0x000000000002ae0c       0x58 build/cooja/mtype988.a(rpl-neighbor.o)
 .rodata        0x000000000002ae64       0xdb build/cooja/mtype988.a(rpl-dag.o)
 .rodata        0x000000000002af3f        0xc build/cooja/mtype988.a(rpl-timers.o)

.rodata1
 *(.rodata1)

.eh_frame_hdr   0x000000000002af4c     0x1a04
 *(.eh_frame_hdr)
 .eh_frame_hdr  0x000000000002af4c     0x1a04 humidity_sensor.o
                0x000000000002af4c                __GNU_EH_FRAME_HDR
 *(.eh_frame_entry .eh_frame_entry.*)

.eh_frame       0x000000000002c950     0x6988
 *(.eh_frame)
 .eh_frame      0x000000000002c950       0x3c /usr/lib/gcc/i686-linux-gnu/5/../../../i386-linux-gnu/crti.o
                                         0x40 (size before relaxing)
 .eh_frame      0x000000000002c98c       0x40 humidity_sensor.o
                                         0x58 (size before relaxing)
 .eh_frame      0x000000000002c9cc      0x178 build/cooja/mtype988.o
                                        0x190 (size before relaxing)
 .eh_frame      0x000000000002cb44       0x40 build/cooja/mtype988.a(simEnvChange.o)
                                         0x58 (size before relaxing)
 .eh_frame      0x000000000002cb84       0x60 build/cooja/mtype988.a(cooja_mt.o)
                                         0x78 (size before relaxing)
 .eh_frame      0x000000000002cbe4       0x80 build/cooja/mtype988.a(cooja_mtarch.o)
                                         0x98 (size before relaxing)
 .eh_frame      0x000000000002cc64       0xc8 build/cooja/mtype988.a(rtimer-arch.o)
                                         0xe0 (size before relaxing)
 .eh_frame      0x000000000002cd2c      0x160 build/cooja/mtype988.a(beep.o)
                                        0x178 (size before relaxing)
 .eh_frame      0x000000000002ce8c       0x80 build/cooja/mtype988.a(leds-arch.o)
                                         0x98 (size before relaxing)
 .eh_frame      0x000000000002cf0c       0x40 build/cooja/mtype988.a(moteid.o)
                                         0x58 (size before relaxing)
 .eh_frame      0x000000000002cf4c       0xa0 build/cooja/mtype988.a(pir-sensor.o)
                                         0xb8 (size before relaxing)
 .eh_frame      0x000000000002cfec      0x100 build/cooja/mtype988.a(rs232.o)
                                        0x118 (size before relaxing)
 .eh_frame      0x000000000002d0ec       0xa0 build/cooja/mtype988.a(vib-sensor.o)
                                         0xb8 (size before relaxing)
 .eh_frame      0x000000000002d18c       0xc0 build/cooja/mtype988.a(clock.o)
                                         0xd8 (size before relaxing)
 .eh_frame      0x000000000002d24c      0x120 build/cooja/mtype988.a(cooja-log.o)
                                        0x138 (size before relaxing)
 .eh_frame      0x000000000002d36c      0x160 build/cooja/mtype988.a(cfs-cooja.o)
                                        0x178 (size before relaxing)
 .eh_frame      0x000000000002d4cc      0x340 build/cooja/mtype988.a(cooja-radio.o)
                                        0x358 (size before relaxing)
 .eh_frame      0x000000000002d80c       0xa0 build/cooja/mtype988.a(eeprom.o)
                                         0xb8 (size before relaxing)
 .eh_frame      0x000000000002d8ac       0x40 build/cooja/mtype988.a(random.o)
                                         0x58 (size before relaxing)
 .eh_frame      0x000000000002d8ec       0xc0 build/cooja/mtype988.a(sensors.o)
                                         0xd8 (size before relaxing)
 .eh_frame      0x000000000002d9ac      0x120 build/cooja/mtype988.a(leds.o)
                                        0x138 (size before relaxing)
 .eh_frame      0x000000000002dacc      0x220 build/cooja/mtype988.a(gpio-hal-arch.o)
                                        0x238 (size before relaxing)
 .eh_frame      0x000000000002dcec       0xa0 build/cooja/mtype988.a(buttons.o)
                                         0xb8 (size before relaxing)
 .eh_frame      0x000000000002dd8c       0x40 build/cooja/mtype988.a(res_humidity.o)
                                         0x58 (size before relaxing)
 .eh_frame      0x000000000002ddcc       0x44 build/cooja/mtype988.a(coap-blocking-a)
                                         0x5c (size before relaxing)
 .eh_frame      0x000000000002de10      0x220 build/cooja/mtype988.a(coap-engine.o)
                                        0x238 (size before relaxing)
 .eh_frame      0x000000000002e030       0x24 build/cooja/mtype988.a(coap-res-well-k)
                                         0x3c (size before relaxing)
 .eh_frame      0x000000000002e054      0x188 build/cooja/mtype988.a(coap-observe.o)
                                        0x1a0 (size before relaxing)
 .eh_frame      0x000000000002e1dc      0x100 build/cooja/mtype988.a(coap-transactio)
                                        0x118 (size before relaxing)
 .eh_frame      0x000000000002e2dc      0x250 build/cooja/mtype988.a(coap-uip.o)
                                        0x268 (size before relaxing)
 .eh_frame      0x000000000002e52c      0x114 build/cooja/mtype988.a(coap-timer.o)
                                        0x12c (size before relaxing)
 .eh_frame      0x000000000002e640      0x6ec build/cooja/mtype988.a(coap.o)
                                        0x704 (size before relaxing)
 .eh_frame      0x000000000002ed2c       0x30 build/cooja/mtype988.a(contiki-main.o)
                                         0x48 (size before relaxing)
 .eh_frame      0x000000000002ed5c       0x40 build/cooja/mtype988.a(autostart.o)
                                         0x58 (size before relaxing)
 .eh_frame      0x000000000002ed9c      0x100 build/cooja/mtype988.a(ctimer.o)
                                        0x118 (size before relaxing)
 .eh_frame      0x000000000002ee9c       0x60 build/cooja/mtype988.a(energest.o)
                                         0x78 (size before relaxing)
 .eh_frame      0x000000000002eefc      0x1e0 build/cooja/mtype988.a(etimer.o)
                                        0x1f8 (size before relaxing)
 .eh_frame      0x000000000002f0dc      0x100 build/cooja/mtype988.a(log.o)
                                        0x118 (size before relaxing)
 .eh_frame      0x000000000002f1dc       0x60 build/cooja/mtype988.a(rtimer.o)
                                         0x78 (size before relaxing)
 .eh_frame      0x000000000002f23c       0x20 build/cooja/mtype988.a(node-id.o)
                                         0x38 (size before relaxing)
 .eh_frame      0x000000000002f25c      0x1c4 build/cooja/mtype988.a(process.o)
                                        0x1dc (size before relaxing)
 .eh_frame      0x000000000002f420       0xa4 build/cooja/mtype988.a(timer.o)
                                         0xbc (size before relaxing)
 .eh_frame      0x000000000002f4c4      0x1a0 build/cooja/mtype988.a(list.o)
                                        0x1b8 (size before relaxing)
 .eh_frame      0x000000000002f664       0xa0 build/cooja/mtype988.a(memb.o)
                                         0xb8 (size before relaxing)
 .eh_frame      0x000000000002f704      0x144 build/cooja/mtype988.a(button-hal.o)
                                        0x15c (size before relaxing)
 .eh_frame      0x000000000002f848       0x60 build/cooja/mtype988.a(serial-line.o)
                                         0x78 (size before relaxing)
 .eh_frame      0x000000000002f8a8       0xe0 build/cooja/mtype988.a(gpio-hal.o)
                                         0xf8 (size before relaxing)
 .eh_frame      0x000000000002f988      0x1a0 build/cooja/mtype988.a(queuebuf.o)
                                        0x1b8 (size before relaxing)
 .eh_frame      0x000000000002fb28      0x28c build/cooja/mtype988.a(packetbuf.o)
                                        0x2a4 (size before relaxing)
 .eh_frame      0x000000000002fdb4       0x80 build/cooja/mtype988.a(netstack.o)
                                         0x98 (size before relaxing)
 .eh_frame      0x000000000002fe34       0x60 build/cooja/mtype988.a(linkaddr.o)
                                         0x78 (size before relaxing)
 .eh_frame      0x000000000002fe94       0xe0 build/cooja/mtype988.a(csma.o)
                                         0xf8 (size before relaxing)
 .eh_frame      0x000000000002ff74      0x1d0 build/cooja/mtype988.a(csma-output.o)
                                        0x1e8 (size before relaxing)
 .eh_frame      0x0000000000030144      0x328 build/cooja/mtype988.a(uip-ds6.o)
                                        0x340 (size before relaxing)
 .eh_frame      0x000000000003046c      0x244 build/cooja/mtype988.a(tcpip.o)
                                        0x25c (size before relaxing)
 .eh_frame      0x00000000000306b0       0x40 build/cooja/mtype988.a(uip-udp-packet.)
                                         0x58 (size before relaxing)
 .eh_frame      0x00000000000306f0      0x2e0 build/cooja/mtype988.a(uip-ds6-route.o)
                                        0x2f8 (size before relaxing)
 .eh_frame      0x00000000000309d0      0x1c0 build/cooja/mtype988.a(uip-ds6-nbr.o)
                                        0x1d8 (size before relaxing)
 .eh_frame      0x0000000000030b90      0x1e8 build/cooja/mtype988.a(uip6.o)
                                        0x200 (size before relaxing)
 .eh_frame      0x0000000000030d78       0x84 build/cooja/mtype988.a(uip-nd6.o)
                                         0x9c (size before relaxing)
 .eh_frame      0x0000000000030dfc      0x2f8 build/cooja/mtype988.a(sicslowpan.o)
                                        0x310 (size before relaxing)
 .eh_frame      0x00000000000310f4       0x88 build/cooja/mtype988.a(uiplib.o)
                                         0xa0 (size before relaxing)
 .eh_frame      0x000000000003117c      0x1e0 build/cooja/mtype988.a(rpl.o)
                                        0x1f8 (size before relaxing)
 .eh_frame      0x000000000003135c      0x1c4 build/cooja/mtype988.a(rpl-icmp6.o)
                                        0x1dc (size before relaxing)
 .eh_frame      0x0000000000031520       0xa0 build/cooja/mtype988.a(rpl-dag-root.o)
                                         0xb8 (size before relaxing)
 .eh_frame      0x00000000000315c0       0xa0 build/cooja/mtype988.a(watchdog.o)
                                         0xb8 (size before relaxing)
 .eh_frame      0x0000000000031660       0x80 build/cooja/mtype988.a(int-master.o)
                                         0x98 (size before relaxing)
 .eh_frame      0x00000000000316e0       0xa4 build/cooja/mtype988.a(coap-timer-defa)
                                         0xbc (size before relaxing)
 .eh_frame      0x0000000000031784       0xc4 build/cooja/mtype988.a(stimer.o)
                                         0xdc (size before relaxing)
 .eh_frame      0x0000000000031848       0xa0 build/cooja/mtype988.a(ringbuf.o)
                                         0xb8 (size before relaxing)
 .eh_frame      0x00000000000318e8       0x20 build/cooja/mtype988.a(assert.o)
                                         0x38 (size before relaxing)
 .eh_frame      0x0000000000031908      0x2ac build/cooja/mtype988.a(nbr-table.o)
                                        0x2c4 (size before relaxing)
 .eh_frame      0x0000000000031bb4      0x120 build/cooja/mtype988.a(link-stats.o)
                                        0x138 (size before relaxing)
 .eh_frame      0x0000000000031cd4       0x48 build/cooja/mtype988.a(mac-sequence.o)
                                         0x60 (size before relaxing)
 .eh_frame      0x0000000000031d1c       0x20 build/cooja/mtype988.a(mac.o)
                                         0x38 (size before relaxing)
 .eh_frame      0x0000000000031d3c       0xa4 build/cooja/mtype988.a(framer-802154.o)
                                         0xbc (size before relaxing)
 .eh_frame      0x0000000000031de0      0x1a4 build/cooja/mtype988.a(frame802154.o)
                                        0x1bc (size before relaxing)
 .eh_frame      0x0000000000031f84       0x40 build/cooja/mtype988.a(csma-security.o)
                                         0x58 (size before relaxing)
 .eh_frame      0x0000000000031fc4      0x200 build/cooja/mtype988.a(uipbuf.o)
                                        0x218 (size before relaxing)
 .eh_frame      0x00000000000321c4      0x150 build/cooja/mtype988.a(uip-icmp6.o)
                                        0x168 (size before relaxing)
 .eh_frame      0x0000000000032314      0x184 build/cooja/mtype988.a(uip-sr.o)
                                        0x19c (size before relaxing)
 .eh_frame      0x0000000000032498       0xe0 build/cooja/mtype988.a(uip-packetqueue)
                                         0xf8 (size before relaxing)
 .eh_frame      0x0000000000032578       0x80 build/cooja/mtype988.a(rpl-nbr-policy.)
                                         0x98 (size before relaxing)
 .eh_frame      0x00000000000325f8      0x2d4 build/cooja/mtype988.a(rpl-neighbor.o)
                                        0x2ec (size before relaxing)
 .eh_frame      0x00000000000328cc      0x370 build/cooja/mtype988.a(rpl-dag.o)
                                        0x388 (size before relaxing)
 .eh_frame      0x0000000000032c3c      0x3a8 build/cooja/mtype988.a(rpl-timers.o)
                                        0x3c0 (size before relaxing)
 .eh_frame      0x0000000000032fe4      0x124 build/cooja/mtype988.a(rpl-ext-header.)
                                        0x13c (size before relaxing)
 .eh_frame      0x0000000000033108      0x148 build/cooja/mtype988.a(rpl-mrhof.o)
                                        0x160 (size before relaxing)
 .eh_frame      0x0000000000033250       0x84 /usr/lib/gcc/i686-linux-gnu/5/libgcc.a(_udivdi3.o)
                                         0x9c (size before relaxing)
 .eh_frame      0x00000000000332d4        0x4 /usr/lib/gcc/i686-linux-gnu/5/crtendS.o
 *(.eh_frame.*)

.gcc_except_table
 *(.gcc_except_table .gcc_except_table.*)

.gnu_extab
 *(.gnu_extab*)

.exception_ranges
 *(.exception_ranges .exception_ranges*)
                0x0000000000034f10                . = DATA_SEGMENT_ALIGN (0x1000, 0x1000)

.eh_frame
 *(.eh_frame)
 *(.eh_frame.*)

.gnu_extab
 *(.gnu_extab)

.gcc_except_table
 *(.gcc_except_table .gcc_except_table.*)

.exception_ranges
 *(.exception_ranges .exception_ranges*)

.tdata
 *(.tdata .tdata.* .gnu.linkonce.td.*)

.tbss
 *(.tbss .tbss.* .gnu.linkonce.tb.*)
 *(.tcommon)

.preinit_array
 *(.preinit_array)

.init_array     0x0000000000034f10        0x4
 *(SORT(.init_array.*) SORT(.ctors.*))
 *(.init_array EXCLUDE_FILE(*crtend?.o *crtend.o *crtbegin?.o *crtbegin.o) .ctors)
 .init_array    0x0000000000034f10        0x4 /usr/lib/gcc/i686-linux-gnu/5/crtbeginS.o

.fini_array     0x0000000000034f14        0x4
 *(SORT(.fini_array.*) SORT(.dtors.*))
 *(.fini_array EXCLUDE_FILE(*crtend?.o *crtend.o *crtbegin?.o *crtbegin.o) .dtors)
 .fini_array    0x0000000000034f14        0x4 /usr/lib/gcc/i686-linux-gnu/5/crtbeginS.o

.ctors
 *crtbegin.o(.ctors)
 *crtbegin?.o(.ctors)
 *(EXCLUDE_FILE(*crtend?.o *crtend.o) .ctors)
 *(SORT(.ctors.*))
 *(.ctors)

.dtors
 *crtbegin.o(.dtors)
 *crtbegin?.o(.dtors)
 *(EXCLUDE_FILE(*crtend?.o *crtend.o) .dtors)
 *(SORT(.dtors.*))
 *(.dtors)

.jcr            0x0000000000034f18        0x4
 *(.jcr)
 .jcr           0x0000000000034f18        0x0 /usr/lib/gcc/i686-linux-gnu/5/crtbeginS.o
 .jcr           0x0000000000034f18        0x4 /usr/lib/gcc/i686-linux-gnu/5/crtendS.o

.data.rel.ro
 *(.data.rel.ro.local* .gnu.linkonce.d.rel.ro.local.*)
 *(.data.rel.ro .data.rel.ro.* .gnu.linkonce.d.rel.ro.*)

.dynamic        0x0000000000034f1c       0xd0
 *(.dynamic)
 .dynamic       0x0000000000034f1c       0xd0 /usr/lib/gcc/i686-linux-gnu/5/../../../i386-linux-gnu/crti.o
                0x0000000000034f1c                _DYNAMIC

.got            0x0000000000034fec       0x14
 *(.got)
 .got           0x0000000000034fec       0x14 /usr/lib/gcc/i686-linux-gnu/5/../../../i386-linux-gnu/crti.o
 *(.igot)
                0x0000000000035ff4                . = DATA_SEGMENT_RELRO_END (., (SIZEOF (.got.plt) >= 0xc)?0xc:0x0)

.got.plt        0x0000000000035000        0xc
 *(.got.plt)
 .got.plt       0x0000000000035000        0xc /usr/lib/gcc/i686-linux-gnu/5/../../../i386-linux-gnu/crti.o
                0x0000000000035000                _GLOBAL_OFFSET_TABLE_
 *(.igot.plt)

.data           0x0000000000035020      0x484
 *(.data .data.* .gnu.linkonce.d.*)
 .data          0x0000000000035020        0x0 /usr/lib/gcc/i686-linux-gnu/5/../../../i386-linux-gnu/crti.o
 .data          0x0000000000035020        0x0 /usr/lib/gcc/i686-linux-gnu/5/crtbeginS.o
 .data.rel.local
                0x0000000000035020        0x4 /usr/lib/gcc/i686-linux-gnu/5/crtbeginS.o
                0x0000000000035020                __dso_handle
 .data          0x0000000000035024       0x10 humidity_sensor.o
                0x0000000000035024                humidity_sensor
 *fill*         0x0000000000035034        0xc 
 .data          0x0000000000035040       0x44 build/cooja/mtype988.o
                0x0000000000035040                simInterfaces
                0x0000000000035074                sensors
 .data          0x0000000000035084        0x0 build/cooja/mtype988.a(simEnvChange.o)
 .data          0x0000000000035084        0x0 build/cooja/mtype988.a(cooja_mt.o)
 .data          0x0000000000035084        0x0 build/cooja/mtype988.a(cooja_mtarch.o)
 .data          0x0000000000035084        0x0 build/cooja/mtype988.a(rtimer-arch.o)
 .data          0x0000000000035084        0x0 build/cooja/mtype988.a(beep.o)
 .data          0x0000000000035084        0x0 build/cooja/mtype988.a(leds-arch.o)
 .data          0x0000000000035084        0x0 build/cooja/mtype988.a(moteid.o)
 .data          0x0000000000035084        0x0 build/cooja/mtype988.a(pir-sensor.o)
 .data          0x0000000000035084        0x0 build/cooja/mtype988.a(rs232.o)
 .data          0x0000000000035084        0x0 build/cooja/mtype988.a(vib-sensor.o)
 .data          0x0000000000035084        0x0 build/cooja/mtype988.a(clock.o)
 .data          0x0000000000035084        0x0 build/cooja/mtype988.a(cooja-log.o)
 .data          0x0000000000035084        0x0 build/cooja/mtype988.a(cfs-cooja.o)
 .data          0x0000000000035084       0x2c build/cooja/mtype988.a(cooja-radio.o)
                0x0000000000035084                simRadioHWOn
                0x0000000000035088                simSignalStrength
                0x000000000003508c                simLastSignalStrength
                0x0000000000035090                simPower
                0x0000000000035094                simRadioChannel
                0x0000000000035098                simLQI
                0x00000000000350a0                cooja_radio_process
 .data          0x00000000000350b0        0x0 build/cooja/mtype988.a(eeprom.o)
 .data          0x00000000000350b0        0x0 build/cooja/mtype988.a(random.o)
 .data          0x00000000000350b0       0x10 build/cooja/mtype988.a(sensors.o)
                0x00000000000350b0                sensors_process
 .data          0x00000000000350c0        0x0 build/cooja/mtype988.a(leds.o)
 .data          0x00000000000350c0        0x0 build/cooja/mtype988.a(gpio-hal-arch.o)
 .data          0x00000000000350c0       0x78 build/cooja/mtype988.a(buttons.o)
                0x00000000000350c0                simButtonIsActive
                0x0000000000035130                button_hal_buttons
 *fill*         0x0000000000035138        0x8 
 .data          0x0000000000035140       0x44 build/cooja/mtype988.a(res_humidity.o)
                0x0000000000035140                humidity
                0x0000000000035144                last_humidity
                0x0000000000035160                res_humidity
 .data          0x0000000000035184        0x0 build/cooja/mtype988.a(coap-blocking-a)
 .data          0x0000000000035184        0x8 build/cooja/mtype988.a(coap-engine.o)
 *fill*         0x000000000003518c       0x14 
 .data          0x00000000000351a0       0x24 build/cooja/mtype988.a(coap-res-well-k)
                0x00000000000351a0                res_well_known_core
 .data          0x00000000000351c4       0x10 build/cooja/mtype988.a(coap-observe.o)
 .data          0x00000000000351d4       0x10 build/cooja/mtype988.a(coap-transactio)
 .data          0x00000000000351e4       0x10 build/cooja/mtype988.a(coap-uip.o)
                0x00000000000351e4                coap_engine
 .data          0x00000000000351f4        0x4 build/cooja/mtype988.a(coap-timer.o)
 .data          0x00000000000351f8        0x4 build/cooja/mtype988.a(coap.o)
                0x00000000000351f8                coap_error_message
 .data          0x00000000000351fc        0x0 build/cooja/mtype988.a(contiki-main.o)
 .data          0x00000000000351fc        0x0 build/cooja/mtype988.a(autostart.o)
 .data          0x00000000000351fc       0x14 build/cooja/mtype988.a(ctimer.o)
                0x0000000000035200                ctimer_process
 .data          0x0000000000035210        0x0 build/cooja/mtype988.a(energest.o)
 .data          0x0000000000035210       0x10 build/cooja/mtype988.a(etimer.o)
                0x0000000000035210                etimer_process
 .data          0x0000000000035220       0xbc build/cooja/mtype988.a(log.o)
                0x0000000000035220                curr_log_level_main
                0x0000000000035240                all_modules
 .data          0x00000000000352dc        0x0 build/cooja/mtype988.a(rtimer.o)
 .data          0x00000000000352dc        0x0 build/cooja/mtype988.a(node-id.o)
 .data          0x00000000000352dc        0x0 build/cooja/mtype988.a(process.o)
 .data          0x00000000000352dc        0x0 build/cooja/mtype988.a(timer.o)
 .data          0x00000000000352dc        0x0 build/cooja/mtype988.a(list.o)
 .data          0x00000000000352dc        0x0 build/cooja/mtype988.a(memb.o)
 .data          0x00000000000352dc       0x10 build/cooja/mtype988.a(button-hal.o)
                0x00000000000352dc                button_hal_process
 .data          0x00000000000352ec       0x10 build/cooja/mtype988.a(serial-line.o)
                0x00000000000352ec                serial_line_process
 .data          0x00000000000352fc        0x4 build/cooja/mtype988.a(gpio-hal.o)
 .data          0x0000000000035300       0x18 build/cooja/mtype988.a(queuebuf.o)
 .data          0x0000000000035318        0x4 build/cooja/mtype988.a(packetbuf.o)
 .data          0x000000000003531c        0x4 build/cooja/mtype988.a(netstack.o)
 .data          0x0000000000035320        0x0 build/cooja/mtype988.a(linkaddr.o)
 .data          0x0000000000035320        0x0 build/cooja/mtype988.a(csma.o)
 .data          0x0000000000035320       0x28 build/cooja/mtype988.a(csma-output.o)
 .data          0x0000000000035348        0x0 build/cooja/mtype988.a(uip-ds6.o)
 .data          0x0000000000035348       0x10 build/cooja/mtype988.a(tcpip.o)
                0x0000000000035348                tcpip_process
 .data          0x0000000000035358        0x0 build/cooja/mtype988.a(uip-udp-packet.)
 .data          0x0000000000035358       0x44 build/cooja/mtype988.a(uip-ds6-route.o)
                0x0000000000035368                nbr_routes
 .data          0x000000000003539c       0x14 build/cooja/mtype988.a(uip-ds6-nbr.o)
 .data          0x00000000000353b0        0x0 build/cooja/mtype988.a(uip6.o)
 .data          0x00000000000353b0        0xc build/cooja/mtype988.a(uip-nd6.o)
 .data          0x00000000000353bc        0x0 build/cooja/mtype988.a(sicslowpan.o)
 .data          0x00000000000353bc        0x0 build/cooja/mtype988.a(uiplib.o)
 .data          0x00000000000353bc        0x0 build/cooja/mtype988.a(rpl.o)
 .data          0x00000000000353bc       0x30 build/cooja/mtype988.a(rpl-icmp6.o)
 .data          0x00000000000353ec        0x0 build/cooja/mtype988.a(rpl-dag-root.o)
 .data          0x00000000000353ec        0x0 build/cooja/mtype988.a(watchdog.o)
 .data          0x00000000000353ec        0x0 build/cooja/mtype988.a(int-master.o)
 .data          0x00000000000353ec       0x10 build/cooja/mtype988.a(coap-timer-defa)
                0x00000000000353ec                coap_timer_process
 .data          0x00000000000353fc        0x0 build/cooja/mtype988.a(stimer.o)
 .data          0x00000000000353fc        0x0 build/cooja/mtype988.a(ringbuf.o)
 .data          0x00000000000353fc        0x0 build/cooja/mtype988.a(assert.o)
 .data          0x00000000000353fc       0x10 build/cooja/mtype988.a(nbr-table.o)
 .data          0x000000000003540c       0x14 build/cooja/mtype988.a(link-stats.o)
 .data          0x0000000000035420        0x0 build/cooja/mtype988.a(mac-sequence.o)
 .data          0x0000000000035420        0x0 build/cooja/mtype988.a(mac.o)
 .data          0x0000000000035420        0x0 build/cooja/mtype988.a(framer-802154.o)
 .data          0x0000000000035420        0x2 build/cooja/mtype988.a(frame802154.o)
 .data          0x0000000000035422        0x0 build/cooja/mtype988.a(csma-security.o)
 .data          0x0000000000035422        0x0 build/cooja/mtype988.a(uipbuf.o)
 *fill*         0x0000000000035422        0x2 
 .data          0x0000000000035424       0x20 build/cooja/mtype988.a(uip-icmp6.o)
 .data          0x0000000000035444       0x10 build/cooja/mtype988.a(uip-sr.o)
 .data          0x0000000000035454        0xc build/cooja/mtype988.a(uip-packetqueue)
 .data          0x0000000000035460        0x0 build/cooja/mtype988.a(rpl-nbr-policy.)
 .data          0x0000000000035460       0x14 build/cooja/mtype988.a(rpl-neighbor.o)
                0x0000000000035470                rpl_neighbors
 .data          0x0000000000035474        0x0 build/cooja/mtype988.a(rpl-dag.o)
 .data          0x0000000000035474        0x0 build/cooja/mtype988.a(rpl-timers.o)
 .data          0x0000000000035474        0x0 build/cooja/mtype988.a(rpl-ext-header.)
 *fill*         0x0000000000035474        0xc 
 .data          0x0000000000035480       0x24 build/cooja/mtype988.a(rpl-mrhof.o)
                0x0000000000035480                rpl_mrhof
 .data          0x00000000000354a4        0x0 /usr/lib/gcc/i686-linux-gnu/5/libgcc.a(_udivdi3.o)
 .data          0x00000000000354a4        0x0 /usr/lib/gcc/i686-linux-gnu/5/crtendS.o
 .data          0x00000000000354a4        0x0 /usr/lib/gcc/i686-linux-gnu/5/../../../i386-linux-gnu/crtn.o

.tm_clone_table
                0x00000000000354a4        0x0
 .tm_clone_table
                0x00000000000354a4        0x0 /usr/lib/gcc/i686-linux-gnu/5/crtbeginS.o
 .tm_clone_table
                0x00000000000354a4        0x0 /usr/lib/gcc/i686-linux-gnu/5/crtendS.o

.data1
 *(.data1)
                0x00000000000354a4                _edata = .
                [!provide]                        PROVIDE (edata, .)
                0x00000000000354a4                . = .
                0x00000000000354a4                __bss_start = .

.bss            0x00000000000354c0     0xf264
 *(.dynbss)
 .dynbss        0x00000000000354c0        0x0 /usr/lib/gcc/i686-linux-gnu/5/../../../i386-linux-gnu/crti.o
 *(.bss .bss.* .gnu.linkonce.b.*)
 .bss           0x00000000000354c0        0x0 /usr/lib/gcc/i686-linux-gnu/5/../../../i386-linux-gnu/crti.o
 .bss           0x00000000000354c0        0x1 /usr/lib/gcc/i686-linux-gnu/5/crtbeginS.o
 *fill*         0x00000000000354c1       0x1f 
 .bss           0x00000000000354e0      0x11c humidity_sensor.o
 *fill*         0x00000000000355fc        0x4 
 .bss           0x0000000000035600     0x2030 build/cooja/mtype988.o
 .bss           0x0000000000037630        0x1 build/cooja/mtype988.a(simEnvChange.o)
                0x0000000000037630                simDontFallAsleep
 *fill*         0x0000000000037631        0x3 
 .bss           0x0000000000037634        0x4 build/cooja/mtype988.a(cooja_mt.o)
 .bss           0x0000000000037638        0x4 build/cooja/mtype988.a(cooja_mtarch.o)
 .bss           0x000000000003763c        0x0 build/cooja/mtype988.a(rtimer-arch.o)
 .bss           0x000000000003763c        0x0 build/cooja/mtype988.a(beep.o)
 .bss           0x000000000003763c        0x1 build/cooja/mtype988.a(leds-arch.o)
                0x000000000003763c                simLedsValue
 .bss           0x000000000003763d        0x0 build/cooja/mtype988.a(moteid.o)
 .bss           0x000000000003763d        0x1 build/cooja/mtype988.a(pir-sensor.o)
                0x000000000003763d                simPirValue
 *fill*         0x000000000003763e        0x2 
 .bss           0x0000000000037640        0x4 build/cooja/mtype988.a(rs232.o)
 .bss           0x0000000000037644        0x1 build/cooja/mtype988.a(vib-sensor.o)
                0x0000000000037644                simVibValue
 .bss           0x0000000000037645        0x0 build/cooja/mtype988.a(clock.o)
 *fill*         0x0000000000037645       0x1b 
 .bss           0x0000000000037660     0x2020 build/cooja/mtype988.a(cooja-log.o)
 .bss           0x0000000000039680      0xfc0 build/cooja/mtype988.a(cfs-cooja.o)
                0x0000000000039680                simCFSData
                0x000000000003a620                simCFSSize
                0x000000000003a624                simCFSChanged
                0x000000000003a628                simCFSRead
                0x000000000003a62c                simCFSWritten
 .bss           0x000000000003a640       0x24 build/cooja/mtype988.a(cooja-radio.o)
                0x000000000003a640                simReceiving
                0x000000000003a644                simInSize
                0x000000000003a648                simLastPacketTimestamp
                0x000000000003a650                simOutSize
 .bss           0x000000000003a664        0xc build/cooja/mtype988.a(eeprom.o)
                0x000000000003a664                simEEPROMChanged
                0x000000000003a668                simEEPROMRead
                0x000000000003a66c                simEEPROMWritten
 .bss           0x000000000003a670        0x0 build/cooja/mtype988.a(random.o)
 .bss           0x000000000003a670        0xc build/cooja/mtype988.a(sensors.o)
 .bss           0x000000000003a67c        0x0 build/cooja/mtype988.a(leds.o)
 .bss           0x000000000003a67c       0x24 build/cooja/mtype988.a(gpio-hal-arch.o)
 .bss           0x000000000003a6a0        0x0 build/cooja/mtype988.a(buttons.o)
 .bss           0x000000000003a6a0        0x0 build/cooja/mtype988.a(res_humidity.o)
 .bss           0x000000000003a6a0        0x0 build/cooja/mtype988.a(coap-blocking-a)
 .bss           0x000000000003a6a0      0x190 build/cooja/mtype988.a(coap-engine.o)
 .bss           0x000000000003a830        0x0 build/cooja/mtype988.a(coap-res-well-k)
 *fill*         0x000000000003a830       0x10 
 .bss           0x000000000003a840      0x120 build/cooja/mtype988.a(coap-observe.o)
 .bss           0x000000000003a960      0x334 build/cooja/mtype988.a(coap-transactio)
 .bss           0x000000000003ac94       0x18 build/cooja/mtype988.a(coap-uip.o)
 .bss           0x000000000003acac        0x5 build/cooja/mtype988.a(coap-timer.o)
 *fill*         0x000000000003acb1        0x3 
 .bss           0x000000000003acb4        0x6 build/cooja/mtype988.a(coap.o)
                0x000000000003acb4                coap_status_code
 .bss           0x000000000003acba        0x0 build/cooja/mtype988.a(contiki-main.o)
 .bss           0x000000000003acba        0x0 build/cooja/mtype988.a(autostart.o)
 *fill*         0x000000000003acba        0x2 
 .bss           0x000000000003acbc        0x5 build/cooja/mtype988.a(ctimer.o)
 .bss           0x000000000003acc1        0x0 build/cooja/mtype988.a(energest.o)
 *fill*         0x000000000003acc1        0x3 
 .bss           0x000000000003acc4        0x8 build/cooja/mtype988.a(etimer.o)
 .bss           0x000000000003accc       0x2c build/cooja/mtype988.a(log.o)
                0x000000000003accc                curr_log_level_rpl
                0x000000000003acd0                curr_log_level_tcpip
                0x000000000003acd4                curr_log_level_ipv6
                0x000000000003acd8                curr_log_level_6lowpan
                0x000000000003acdc                curr_log_level_nullnet
                0x000000000003ace0                curr_log_level_mac
                0x000000000003ace4                curr_log_level_framer
                0x000000000003ace8                curr_log_level_6top
                0x000000000003acec                curr_log_level_coap
                0x000000000003acf0                curr_log_level_snmp
                0x000000000003acf4                curr_log_level_lwm2m
 .bss           0x000000000003acf8        0x4 build/cooja/mtype988.a(rtimer.o)
 .bss           0x000000000003acfc        0x2 build/cooja/mtype988.a(node-id.o)
                0x000000000003acfc                node_id
 *fill*         0x000000000003acfe        0x2 
 .bss           0x000000000003ad00      0x1a1 build/cooja/mtype988.a(process.o)
                0x000000000003ad00                process_list
                0x000000000003ad04                process_current
 .bss           0x000000000003aea1        0x0 build/cooja/mtype988.a(timer.o)
 .bss           0x000000000003aea1        0x0 build/cooja/mtype988.a(list.o)
 .bss           0x000000000003aea1        0x0 build/cooja/mtype988.a(memb.o)
 *fill*         0x000000000003aea1        0x3 
 .bss           0x000000000003aea4       0x10 build/cooja/mtype988.a(button-hal.o)
 *fill*         0x000000000003aeb4        0xc 
 .bss           0x000000000003aec0      0x140 build/cooja/mtype988.a(serial-line.o)
 .bss           0x000000000003b000        0x4 build/cooja/mtype988.a(gpio-hal.o)
 *fill*         0x000000000003b004       0x1c 
 .bss           0x000000000003b020     0x2c80 build/cooja/mtype988.a(queuebuf.o)
 .bss           0x000000000003dca0       0xa0 build/cooja/mtype988.a(packetbuf.o)
 .bss           0x000000000003dd40        0x4 build/cooja/mtype988.a(netstack.o)
 .bss           0x000000000003dd44        0x0 build/cooja/mtype988.a(linkaddr.o)
 .bss           0x000000000003dd44        0x0 build/cooja/mtype988.a(csma.o)
 *fill*         0x000000000003dd44       0x1c 
 .bss           0x000000000003dd60      0x726 build/cooja/mtype988.a(csma-output.o)
 *fill*         0x000000000003e486        0x2 
 .bss           0x000000000003e488       0x30 build/cooja/mtype988.a(uip-ds6.o)
 .bss           0x000000000003e4b8       0x10 build/cooja/mtype988.a(tcpip.o)
 .bss           0x000000000003e4c8        0x0 build/cooja/mtype988.a(uip-udp-packet.)
 *fill*         0x000000000003e4c8       0x18 
 .bss           0x000000000003e4e0      0x2a4 build/cooja/mtype988.a(uip-ds6-route.o)
 *fill*         0x000000000003e784       0x1c 
 .bss           0x000000000003e7a0       0xf0 build/cooja/mtype988.a(uip-ds6-nbr.o)
 .bss           0x000000000003e890        0x8 build/cooja/mtype988.a(uip6.o)
                0x000000000003e890                uip_ext_bitmap
                0x000000000003e892                uip_ext_len
                0x000000000003e894                uip_last_proto
 .bss           0x000000000003e898       0x10 build/cooja/mtype988.a(uip-nd6.o)
 *fill*         0x000000000003e8a8       0x18 
 .bss           0x000000000003e8c0      0x724 build/cooja/mtype988.a(sicslowpan.o)
 .bss           0x000000000003efe4        0x0 build/cooja/mtype988.a(uiplib.o)
 .bss           0x000000000003efe4        0x1 build/cooja/mtype988.a(rpl.o)