Archive member included to satisfy reference by file (symbol)

build/cooja/mtype586.a(simEnvChange.o)
                              build/cooja/mtype586.o (simDontFallAsleep)
build/cooja/mtype586.a(cooja_mt.o)
                              build/cooja/mtype586.o (cooja_mt_start)
build/cooja/mtype586.a(cooja_mtarch.o)
                              build/cooja/mtype586.a(cooja_mt.o) (cooja_mtarch_start)
build/cooja/mtype586.a(rtimer-arch.o)
                              build/cooja/mtype586.o (rtimer_arch_check)
build/cooja/mtype586.a(beep.o)
                              build/cooja/mtype586.o (beep_interface)
build/cooja/mtype586.a(leds-arch.o)
                              build/cooja/mtype586.o (leds_interface)
build/cooja/mtype586.a(moteid.o)
                              build/cooja/mtype586.o (moteid_interface)
build/cooja/mtype586.a(pir-sensor.o)
                              build/cooja/mtype586.o (pir_interface)
build/cooja/mtype586.a(rs232.o)
                              build/cooja/mtype586.o (rs232_interface)
build/cooja/mtype586.a(vib-sensor.o)
                              build/cooja/mtype586.o (vib_interface)
build/cooja/mtype586.a(clock.o)
                              build/cooja/mtype586.o (clock_interface)
build/cooja/mtype586.a(cooja-log.o)
                              build/cooja/mtype586.o (simlog_interface)
build/cooja/mtype586.a(cfs-cooja.o)
                              build/cooja/mtype586.o (cfs_interface)
build/cooja/mtype586.a(cooja-radio.o)
                              build/cooja/mtype586.o (radio_interface)
build/cooja/mtype586.a(eeprom.o)
                              build/cooja/mtype586.o (eeprom_interface)
build/cooja/mtype586.a(random.o)
                              build/cooja/mtype586.a(moteid.o) (random_init)
build/cooja/mtype586.a(sensors.o)
                              build/cooja/mtype586.a(pir-sensor.o) (sensors_changed)
build/cooja/mtype586.a(leds.o)
                              build/cooja/mtype586.a(leds-arch.o) (leds_get)
build/cooja/mtype586.a(gpio-hal-arch.o)
                              build/cooja/mtype586.a(leds-arch.o) (gpio_hal_arch_register_pin_callback)
build/cooja/mtype586.a(buttons.o)
                              build/cooja/mtype586.o (button_interface)
build/cooja/mtype586.a(res_humidity.o)
                              humidity_sensor.o (humidity)
build/cooja/mtype586.a(coap-blocking-a)
                              humidity_sensor.o (coap_blocking_request)
build/cooja/mtype586.a(coap-engine.o)
                              humidity_sensor.o (coap_activate_resource)
build/cooja/mtype586.a(coap-res-well-k)
                              build/cooja/mtype586.a(coap-engine.o) (res_well_known_core)
build/cooja/mtype586.a(coap-observe.o)
                              build/cooja/mtype586.a(coap-engine.o) (coap_remove_observer_by_mid)
build/cooja/mtype586.a(coap-transactio)
                              build/cooja/mtype586.a(coap-blocking-a) (coap_send_transaction)
build/cooja/mtype586.a(coap-uip.o)
                              build/cooja/mtype586.a(coap-observe.o) (coap_endpoint_copy)
build/cooja/mtype586.a(coap-timer.o)
                              build/cooja/mtype586.a(coap-transactio) (coap_timer_stop)
build/cooja/mtype586.a(coap.o)
                              build/cooja/mtype586.a(coap-engine.o) (coap_status_code)
build/cooja/mtype586.a(contiki-main.o)
                              build/cooja/mtype586.o (main)
build/cooja/mtype586.a(autostart.o)
                              build/cooja/mtype586.a(contiki-main.o) (autostart_start)
build/cooja/mtype586.a(ctimer.o)
                              build/cooja/mtype586.a(contiki-main.o) (ctimer_init)
build/cooja/mtype586.a(energest.o)
                              build/cooja/mtype586.a(contiki-main.o) (energest_init)
build/cooja/mtype586.a(etimer.o)
                              build/cooja/mtype586.a(contiki-main.o) (etimer_process)
build/cooja/mtype586.a(log.o)
                              build/cooja/mtype586.a(contiki-main.o) (curr_log_level_main)
build/cooja/mtype586.a(rtimer.o)
                              build/cooja/mtype586.a(contiki-main.o) (rtimer_init)
build/cooja/mtype586.a(node-id.o)
                              build/cooja/mtype586.a(contiki-main.o) (node_id)
build/cooja/mtype586.a(process.o)
                              build/cooja/mtype586.a(coap-blocking-a) (process_current)
build/cooja/mtype586.a(timer.o)
                              build/cooja/mtype586.a(etimer.o) (timer_set)
build/cooja/mtype586.a(list.o)
                              build/cooja/mtype586.a(coap-engine.o) (list_init)
build/cooja/mtype586.a(memb.o)
                              build/cooja/mtype586.a(coap-observe.o) (memb_alloc)
build/cooja/mtype586.a(button-hal.o)
                              build/cooja/mtype586.o (button_hal_init)
build/cooja/mtype586.a(serial-line.o)
                              build/cooja/mtype586.a(rs232.o) (serial_line_input_byte)
build/cooja/mtype586.a(gpio-hal.o)
[...]
Memory Configuration

Name             Origin             Length             Attributes
*default*        0x0000000000000000 0xffffffffffffffff

Linker script and memory map

LOAD /usr/lib/gcc/i686-linux-gnu/5/../../../i386-linux-gnu/crti.o
LOAD /usr/lib/gcc/i686-linux-gnu/5/crtbeginS.o
LOAD humidity_sensor.o
LOAD build/cooja/mtype586.o
LOAD build/cooja/mtype586.a
LOAD /usr/lib/gcc/i686-linux-gnu/5/libgcc.a
LOAD /usr/lib/gcc/i686-linux-gnu/5/libgcc_s.so
LOAD /usr/lib/gcc/i686-linux-gnu/5/../../../i386-linux-gnu/libc.so
START GROUP
LOAD /lib/i386-linux-gnu/libc.so.6
LOAD /usr/lib/i386-linux-gnu/libc_nonshared.a
LOAD /lib/i386-linux-gnu/ld-linux.so.2
END GROUP
LOAD /usr/lib/gcc/i686-linux-gnu/5/libgcc.a
LOAD /usr/lib/gcc/i686-linux-gnu/5/libgcc_s.so
LOAD /usr/lib/gcc/i686-linux-gnu/5/crtendS.o
LOAD /usr/lib/gcc/i686-linux-gnu/5/../../../i386-linux-gnu/crtn.o
                0x0000000000000114                . = (0x0 + SIZEOF_HEADERS)

.note.gnu.build-id
                0x0000000000000114       0x24
 *(.note.gnu.build-id)
 .note.gnu.build-id
                0x0000000000000114       0x24 /usr/lib/gcc/i686-linux-gnu/5/../../../i386-linux-gnu/crti.o

.hash
 *(.hash)

.gnu.hash       0x0000000000000138     0x15a4
 *(.gnu.hash)
 .gnu.hash      0x0000000000000138     0x15a4 /usr/lib/gcc/i686-linux-gnu/5/../../../i386-linux-gnu/crti.o

.dynsym         0x00000000000016dc     0x2f10
 *(.dynsym)
 .dynsym        0x00000000000016dc     0x2f10 /usr/lib/gcc/i686-linux-gnu/5/../../../i386-linux-gnu/crti.o

.dynstr         0x00000000000045ec     0x36c7
 *(.dynstr)
 .dynstr        0x00000000000045ec     0x36c7 /usr/lib/gcc/i686-linux-gnu/5/../../../i386-linux-gnu/crti.o

.gnu.version    0x0000000000007cb4      0x5e2
 *(.gnu.version)
 .gnu.version   0x0000000000007cb4      0x5e2 /usr/lib/gcc/i686-linux-gnu/5/../../../i386-linux-gnu/crti.o

.gnu.version_d  0x0000000000008298        0x0
 *(.gnu.version_d)
 .gnu.version_d
                0x0000000000008298        0x0 /usr/lib/gcc/i686-linux-gnu/5/../../../i386-linux-gnu/crti.o

.gnu.version_r  0x0000000000008298       0x40
 *(.gnu.version_r)
 .gnu.version_r
                0x0000000000008298       0x40 /usr/lib/gcc/i686-linux-gnu/5/../../../i386-linux-gnu/crti.o

.rel.dyn        0x00000000000082d8     0x93b0
 *(.rel.init)
 .rel.init      0x00000000000082d8        0x0 /usr/lib/gcc/i686-linux-gnu/5/../../../i386-linux-gnu/crti.o
 *(.rel.text .rel.text.* .rel.gnu.linkonce.t.*)
 .rel.text      0x00000000000082d8     0x89c0 /usr/lib/gcc/i686-linux-gnu/5/../../../i386-linux-gnu/crti.o
 *(.rel.fini)
 .rel.fini      0x0000000000010c98        0x0 /usr/lib/gcc/i686-linux-gnu/5/../../../i386-linux-gnu/crti.o
 *(.rel.rodata .rel.rodata.* .rel.gnu.linkonce.r.*)
 .rel.rodata    0x0000000000010c98      0x588 /usr/lib/gcc/i686-linux-gnu/5/../../../i386-linux-gnu/crti.o
 *(.rel.data.rel.ro .rel.data.rel.ro.* .rel.gnu.linkonce.d.rel.ro.*)
 *(.rel.data .rel.data.* .rel.gnu.linkonce.d.*)
 .rel.data.rel.local
                0x0000000000011220        0x8 /usr/lib/gcc/i686-linux-gnu/5/../../../i386-linux-gnu/crti.o
 .rel.data      0x0000000000011228      0x428 /usr/lib/gcc/i686-linux-gnu/5/../../../i386-linux-gnu/crti.o
 *(.rel.tdata .rel.tdata.* .rel.gnu.linkonce.td.*)
 *(.rel.tbss .rel.tbss.* .rel.gnu.linkonce.tb.*)
 *(.rel.ctors)
 *(.rel.dtors)
 *(.rel.got)
 .rel.got       0x0000000000011650       0x28 /usr/lib/gcc/i686-linux-gnu/5/../../../i386-linux-gnu/crti.o
 *(.rel.bss .rel.bss.* .rel.gnu.linkonce.b.*)
 *(.rel.ifunc)
 .rel.ifunc     0x0000000000011678        0x0 /usr/lib/gcc/i686-linux-gnu/5/../../../i386-linux-gnu/crti.o
 .rel.fini_array
                0x0000000000011678        0x8 /usr/lib/gcc/i686-linux-gnu/5/../../../i386-linux-gnu/crti.o
 .rel.init_array
                0x0000000000011680        0x8 /usr/lib/gcc/i686-linux-gnu/5/../../../i386-linux-gnu/crti.o

.rel.plt        0x0000000000011688        0x0
 *(.rel.plt)
 .rel.plt       0x0000000000011688        0x0 /usr/lib/gcc/i686-linux-gnu/5/../../../i386-linux-gnu/crti.o
 *(.rel.iplt)

.init           0x0000000000011688       0x23
 *(SORT(.init))
 .init          0x0000000000011688       0x1e /usr/lib/gcc/i686-linux-gnu/5/../../../i386-linux-gnu/crti.o
                0x0000000000011688                _init
 .init          0x00000000000116a6        0x5 /usr/lib/gcc/i686-linux-gnu/5/../../../i386-linux-gnu/crtn.o

.plt            0x00000000000116b0       0x10
 *(.plt)
 .plt           0x00000000000116b0       0x10 /usr/lib/gcc/i686-linux-gnu/5/../../../i386-linux-gnu/crti.o
 *(.iplt)

.plt.got        0x00000000000116c0       0x10
 *(.plt.got)
 .plt.got       0x00000000000116c0       0x10 /usr/lib/gcc/i686-linux-gnu/5/../../../i386-linux-gnu/crti.o

.text           0x00000000000116d0    0x18cc2
 *(.text.unlikely .text.*_unlikely .text.unlikely.*)
 .text.unlikely
                0x00000000000116d0        0x0 /usr/lib/gcc/i686-linux-gnu/5/crtbeginS.o
 .text.unlikely
                0x00000000000116d0        0x0 /usr/lib/gcc/i686-linux-gnu/5/libgcc.a(_udivdi3.o)
 *(.text.exit .text.exit.*)
 *(.text.startup .text.startup.*)
 *(.text.hot .text.hot.*)
 *(.text .stub .text.* .gnu.linkonce.t.*)
 .text          0x00000000000116d0        0x0 /usr/lib/gcc/i686-linux-gnu/5/../../../i386-linux-gnu/crti.o
 .gnu.linkonce.t.__x86.get_pc_thunk.bx
                0x00000000000116d0        0x4 /usr/lib/gcc/i686-linux-gnu/5/../../../i386-linux-gnu/crti.o
                0x00000000000116d0                __x86.get_pc_thunk.bx
 *fill*         0x00000000000116d4        0xc 
 .text          0x00000000000116e0      0x11c /usr/lib/gcc/i686-linux-gnu/5/crtbeginS.o
 .text.__x86.get_pc_thunk.dx
                0x00000000000117fc        0x4 /usr/lib/gcc/i686-linux-gnu/5/crtbeginS.o
                0x00000000000117fc                __x86.get_pc_thunk.dx
 .text          0x0000000000011800      0x3ca humidity_sensor.o
 .text          0x0000000000011bca      0x283 build/cooja/mtype586.o
                0x0000000000011c5c                platform_init_stage_one
                0x0000000000011c6f                platform_init_stage_two
                0x0000000000011c82                platform_init_stage_three
                0x0000000000011c95                platform_main_loop
                0x0000000000011d08                Java_org_contikios_cooja_corecomm_Lib26_init
                0x0000000000011d3f                Java_org_contikios_cooja_corecomm_Lib26_getMemory
                0x0000000000011d72                Java_org_contikios_cooja_corecomm_Lib26_setMemory
                0x0000000000011dd2                Java_org_contikios_cooja_corecomm_Lib26_tick
                0x0000000000011e3a                Java_org_contikios_cooja_corecomm_Lib26_setReferenceAddress
 .text          0x0000000000011e4d       0x65 build/cooja/mtype586.a(simEnvChange.o)
                0x0000000000011e4d                doActionsBeforeTick
                0x0000000000011e7f                doActionsAfterTick
 .text          0x0000000000011eb2       0x83 build/cooja/mtype586.a(cooja_mt.o)
                0x0000000000011eb2                cooja_mt_start
                0x0000000000011edc                cooja_mt_exec
                0x0000000000011f12                cooja_mt_yield
 .text          0x0000000000011f35       0xbe build/cooja/mtype586.a(cooja_mtarch.o)
                0x0000000000011f35                cooja_mtarch_start
                0x0000000000011fa8                cooja_sw
                0x0000000000011fcb                cooja_mtarch_exec
                0x0000000000011fe8                cooja_mtarch_yield
 .text          0x0000000000011ff3       0xc5 build/cooja/mtype586.a(rtimer-arch.o)
                0x0000000000011ff3                rtimer_arch_init
                0x0000000000012017                rtimer_arch_schedule
                0x0000000000012047                rtimer_arch_next
                0x0000000000012057                rtimer_arch_pending
                0x0000000000012061                rtimer_arch_check
                0x00000000000120a8                rtimer_arch_now
 .text          0x00000000000120b8       0x81 build/cooja/mtype586.a(beep.o)
                0x00000000000120b8                beep_alarm
                0x00000000000120c5                beep_beep
                0x00000000000120d2                beep
                0x00000000000120df                beep_down
                0x00000000000120ec                beep_on
                0x00000000000120f9                beep_off
                0x0000000000012106                beep_spinup
                0x0000000000012113                beep_quick
                0x0000000000012120                beep_long
 .text          0x0000000000012139       0x65 build/cooja/mtype586.a(leds-arch.o)
                0x000000000001214c                leds_arch_init
 .text          0x000000000001219e       0x35 build/cooja/mtype586.a(moteid.o)
 .text          0x00000000000121d3       0xb7 build/cooja/mtype586.a(pir-sensor.o)
 .text          0x000000000001228a      0x148 build/cooja/mtype586.a(rs232.o)
                0x000000000001228a                rs232_init
                0x0000000000012290                rs232_set_speed
                0x000000000001229f                rs232_set_input
                0x00000000000122ad                rs232_send
                0x00000000000122d1                rs232_print
                0x00000000000122ed                slip_arch_writeb
 .text          0x00000000000123d2       0xb7 build/cooja/mtype586.a(vib-sensor.o)
 .text          0x0000000000012489       0x38 build/cooja/mtype586.a(clock.o)
                0x0000000000012489                clock_init
                0x000000000001248f                clock_time
                0x0000000000012499                clock_seconds
                0x00000000000124af                clock_delay
 .text          0x00000000000124c1      0x219 build/cooja/mtype586.a(cooja-log.o)
                0x00000000000124c1                simlog_char
                0x0000000000012504                simlog
                0x000000000001257a                log_message
                0x00000000000125ab                log_set_putchar_with_slip
                0x00000000000125b9                log_putchar
                0x0000000000012634                log_puts
                0x000000000001265c                log_printf
 .text          0x00000000000126da      0x2b9 build/cooja/mtype586.a(cfs-cooja.o)
                0x00000000000126da                cfs_open
                0x0000000000012743                cfs_close
                0x0000000000012750                cfs_read
                0x00000000000127e5                cfs_write
                0x00000000000128c1                cfs_seek
                0x0000000000012949                cfs_remove
                0x000000000001296d                cfs_opendir
                0x0000000000012977                cfs_readdir
                0x0000000000012981                cfs_closedir
 .text          0x0000000000012993      0x620 build/cooja/mtype586.a(cooja-radio.o)
                0x00000000000129d5                radio_set_channel
                0x00000000000129e3                radio_set_txpower
                0x00000000000129fb                radio_signal_strength_last
                0x0000000000012a05                radio_signal_strength_current
                0x0000000000012a0f                radio_LQI
 .text          0x0000000000012fb3       0xee build/cooja/mtype586.a(eeprom.o)
                0x0000000000012fb3                eeprom_init
                0x0000000000012fb9                eeprom_read
                0x0000000000013027                eeprom_write
 .text          0x00000000000130a1       0x2d build/cooja/mtype586.a(random.o)
                0x00000000000130a1                random_init
                0x00000000000130c1                random_rand
 .text          0x00000000000130ce      0x29c build/cooja/mtype586.a(sensors.o)
                0x0000000000013109                sensors_first
                0x0000000000013113                sensors_next
                0x000000000001312d                sensors_changed
                0x0000000000013161                sensors_find
 .text          0x000000000001336a      0x349 build/cooja/mtype586.a(leds.o)
                0x000000000001336a                leds_init
                0x00000000000133b1                leds_single_on
                0x0000000000013410                leds_single_off
                0x000000000001346f                leds_single_toggle
                0x00000000000134a1                leds_on
                0x0000000000013523                leds_off
                0x00000000000135a5                leds_toggle
                0x00000000000135fa                leds_set
                0x0000000000013626                leds_get
 .text          0x00000000000136b3      0x343 build/cooja/mtype586.a(gpio-hal-arch.o)
                0x00000000000136b3                gpio_hal_arch_register_pin_callback
                0x000000000001371f                gpio_hal_arch_init
                0x0000000000013764                gpio_hal_arch_no_port_interrupt_enable
                0x0000000000013794                gpio_hal_arch_no_port_interrupt_disable
                0x00000000000137c4                gpio_hal_arch_no_port_pin_cfg_set
                0x00000000000137e9                gpio_hal_arch_no_port_pin_cfg_get
                0x000000000001380f                gpio_hal_arch_no_port_pin_set_input
                0x0000000000013821                gpio_hal_arch_no_port_pin_set_output
                0x0000000000013833                gpio_hal_arch_no_port_set_pin
                0x0000000000013854                gpio_hal_arch_no_port_clear_pin
                0x0000000000013875                gpio_hal_arch_no_port_read_pin
                0x000000000001389b                gpio_hal_arch_no_port_write_pin
                0x00000000000138c5                gpio_hal_arch_no_port_set_pins
                0x000000000001390c                gpio_hal_arch_no_port_clear_pins
                0x0000000000013953                gpio_hal_arch_no_port_read_pins
                0x0000000000013996                gpio_hal_arch_no_port_write_pins
 .text          0x00000000000139f6       0x89 build/cooja/mtype586.a(buttons.o)
 .text          0x0000000000013a7f      0x157 build/cooja/mtype586.a(res_humidity.o)
 .text          0x0000000000013bd6      0x27b build/cooja/mtype586.a(coap-blocking-a)
                0x0000000000013bd6                coap_blocking_request_callback
                0x0000000000013c00                coap_blocking_request
 .text          0x0000000000013e51      0xbea build/cooja/mtype586.a(coap-engine.o)
                0x0000000000013ee6                coap_add_handler
                0x0000000000013f03                coap_remove_handler
                0x0000000000013f20                coap_call_handlers
                0x0000000000014028                coap_receive
                0x0000000000014623                coap_engine_init
                0x0000000000014681                coap_activate_resource
                0x000000000001472c                coap_get_first_resource
                0x0000000000014745                coap_get_next_resource
 .text          0x0000000000014a3b      0x2d9 build/cooja/mtype586.a(coap-res-well-k)
 .text          0x0000000000014d14      0x96a build/cooja/mtype586.a(coap-observe.o)
                0x0000000000014e29                coap_remove_observer
                0x0000000000014e59                coap_remove_observer_by_client
                0x0000000000014ec1                coap_remove_observer_by_token
                0x0000000000014f54                coap_remove_observer_by_uri
                0x0000000000014ffb                coap_remove_observer_by_mid
                0x0000000000015077                coap_notify_observers
                0x0000000000015090                coap_notify_observers_sub
                0x00000000000154fa                coap_observe_handler
                0x0000000000015615                coap_has_observers
 .text          0x000000000001567e      0x2c6 build/cooja/mtype586.a(coap-transactio)
                0x00000000000156e4                coap_new_transaction
                0x000000000001574a                coap_send_transaction
                0x00000000000158ab                coap_clear_transaction
                0x00000000000158f3                coap_get_transaction_by_mid
 .text          0x0000000000015944      0x733 build/cooja/mtype586.a(coap-uip.o)
                0x0000000000015944                coap_endpoint_log
                0x00000000000159ca                coap_endpoint_print
                0x0000000000015a50                coap_endpoint_snprint
                0x0000000000015b83                coap_endpoint_copy
                0x0000000000015bc0                coap_endpoint_cmp
                0x0000000000015cce                coap_endpoint_parse
                0x0000000000015eb9                coap_endpoint_is_secure
                0x0000000000015ec8                coap_endpoint_is_connected
                0x0000000000015efc                coap_endpoint_connect
                0x0000000000015f18                coap_endpoint_disconnect
                0x0000000000015f1e                coap_databuf
                0x0000000000015f28                coap_transport_init
                0x0000000000015f78                coap_sendto
 .text          0x0000000000016077      0x324 build/cooja/mtype586.a(coap-timer.o)
                0x0000000000016174                coap_timer_stop
                0x000000000001619f                coap_timer_set
                0x00000000000161e2                coap_timer_reset
                0x0000000000016225                coap_timer_time_to_next_expiration
                0x0000000000016291                coap_timer_run
                0x000000000001635d                coap_timer_init
 .text          0x000000000001639b     0x1c53 build/cooja/mtype586.a(coap.o)
                0x0000000000016908                coap_init_connection
                0x000000000001691c                coap_get_mid
                0x0000000000016938                coap_init_message
                0x0000000000016981                coap_serialize_message
                0x0000000000017003                coap_parse_message
                0x000000000001766a                coap_get_query_variable
                0x00000000000176ac                coap_get_post_variable
                0x00000000000176f0                coap_set_status_code
                0x0000000000017715                coap_set_token
                0x000000000001775c                coap_get_header_content_format
                0x000000000001778d                coap_set_header_content_format
                0x00000000000177b0                coap_get_header_accept
                0x00000000000177e1                coap_set_header_accept
                0x0000000000017804                coap_get_header_max_age
                0x0000000000017835                coap_set_header_max_age
                0x0000000000017855                coap_get_header_etag
                0x0000000000017887                coap_set_header_etag
                0x00000000000178de                coap_get_header_if_match
                0x0000000000017910                coap_set_header_if_match
                0x0000000000017967                coap_get_header_if_none_match
                0x0000000000017981                coap_set_header_if_none_match
                0x0000000000017998                coap_get_header_proxy_uri
                0x00000000000179c6                coap_set_header_proxy_uri
                0x0000000000017a03                coap_get_header_uri_host
                0x0000000000017a31                coap_set_header_uri_host
                0x0000000000017a6e                coap_get_header_uri_path
                0x0000000000017a9c                coap_set_header_uri_path
                0x0000000000017ae9                coap_get_header_uri_query
                0x0000000000017b1d                coap_set_header_uri_query
                0x0000000000017b73                coap_get_header_location_path
                0x0000000000017ba1                coap_set_header_location_path
                0x0000000000017c3a                coap_get_header_location_query
                0x0000000000017c68                coap_set_header_location_query
                0x0000000000017cb5                coap_get_header_observe
                0x0000000000017ce4                coap_set_header_observe
                0x0000000000017d04                coap_get_header_block2
                0x0000000000017d70                coap_set_header_block2
                0x0000000000017de7                coap_get_header_block1
                0x0000000000017e5c                coap_set_header_block1
                0x0000000000017ed7                coap_get_header_size2
                0x0000000000017f07                coap_set_header_size2
                0x0000000000017f2a                coap_get_header_size1
                0x0000000000017f5a                coap_set_header_size1
                0x0000000000017f7d                coap_get_payload
                0x0000000000017fb7                coap_set_payload
 .text          0x0000000000017fee      0x332 build/cooja/mtype586.a(contiki-main.o)
                0x0000000000017fee                main
 .text          0x0000000000018320       0x92 build/cooja/mtype586.a(autostart.o)
                0x0000000000018320                autostart_start
                0x000000000001836a                autostart_exit
 .text          0x00000000000183b2      0x355 build/cooja/mtype586.a(ctimer.o)
                0x00000000000184da                ctimer_init
                0x000000000001850d                ctimer_set
                0x0000000000018533                ctimer_set_with_process
                0x00000000000185b0                ctimer_reset
                0x0000000000018604                ctimer_restart
                0x0000000000018658                ctimer_stop
                0x00000000000186a8                ctimer_expired
 .text          0x0000000000018707       0x1b build/cooja/mtype586.a(energest.o)
                0x0000000000018707                energest_init
                0x000000000001870d                energest_flush
                0x0000000000018713                energest_get_total_time
 .text          0x0000000000018722      0x43f build/cooja/mtype586.a(etimer.o)
                0x0000000000018946                etimer_request_poll
                0x00000000000189cf                etimer_set
                0x00000000000189f8                etimer_reset_with_new_interval
                0x0000000000018a27                etimer_reset
                0x0000000000018a4d                etimer_restart
                0x0000000000018a73                etimer_adjust
                0x0000000000018a90                etimer_expired
                0x0000000000018aa3                etimer_expiration_time
                0x0000000000018ab5                etimer_start_time
                0x0000000000018abf                etimer_pending
                0x0000000000018ad1                etimer_next_expiration_time
                0x0000000000018aeb                etimer_stop
 .text          0x0000000000018b61      0x394 build/cooja/mtype586.a(log.o)
                0x0000000000018b61                log_6addr
                0x0000000000018bb4                log_6addr_compact_snprint
                0x0000000000018c52                log_6addr_compact
                0x0000000000018ca5                log_lladdr
                0x0000000000018d17                log_lladdr_compact
                0x0000000000018d7f                log_set_level
                0x0000000000018e3a                log_get_level
                0x0000000000018eb3                log_level_to_str
 .text          0x0000000000018ef5       0xeb build/cooja/mtype586.a(rtimer.o)
                0x0000000000018ef5                rtimer_init
                0x0000000000018f03                rtimer_set
                0x0000000000018f7e                rtimer_run_next
 .text          0x0000000000018fe0       0x25 build/cooja/mtype586.a(node-id.o)
                0x0000000000018fe0                node_id_init
 .text          0x0000000000019005      0x4fb build/cooja/mtype586.a(process.o)
                0x0000000000019005                process_alloc_event
                0x000000000001901a                process_start
                0x00000000000191f4                process_exit
                0x0000000000019211                process_init
                0x00000000000193a6                process_run
                0x00000000000193d9                process_nevents
                0x00000000000193f4                process_post
                0x0000000000019487                process_post_synch
                0x00000000000194bc                process_poll
                0x00000000000194ec                process_is_running
 .text          0x0000000000019500       0xb1 build/cooja/mtype586.a(timer.o)
                0x0000000000019500                timer_set
                0x000000000001951e                timer_reset
                0x000000000001954b                timer_restart
                0x0000000000019560                timer_expired
                0x000000000001958d                timer_remaining
 .text          0x00000000000195b1      0x28f build/cooja/mtype586.a(list.o)
                0x00000000000195b1                list_init
                0x00000000000195c0                list_head
                0x00000000000195ca                list_copy
                0x00000000000195da                list_tail
                0x0000000000019610                list_add
                0x000000000001965c                list_push
                0x0000000000019688                list_chop
                0x00000000000196f2                list_pop
                0x000000000001971a                list_remove
                0x0000000000019782                list_length
                0x00000000000197b0                list_insert
                0x00000000000197f5                list_item_next
                0x000000000001980c                list_contains
 .text          0x0000000000019840      0x1b5 build/cooja/mtype586.a(memb.o)
                0x0000000000019840                memb_init
                0x0000000000019895                memb_alloc
                0x00000000000198f8                memb_free
                0x000000000001996f                memb_inmemb
                0x00000000000199ae                memb_numfree
 .text          0x00000000000199f5      0x41c build/cooja/mtype586.a(button-hal.o)
                0x0000000000019b6e                button_hal_get_by_id
                0x0000000000019bac                button_hal_get_by_index
                0x0000000000019bd8                button_hal_get_state
                0x0000000000019c2a                button_hal_init
 .text          0x0000000000019e11      0x1f3 build/cooja/mtype586.a(serial-line.o)
                0x0000000000019e11                serial_line_input_byte
                0x0000000000019fcf                serial_line_init
 .text          0x000000000001a004      0x168 build/cooja/mtype586.a(gpio-hal.o)
                0x000000000001a004                gpio_hal_register_handler
                0x000000000001a021                gpio_hal_event_handler
                0x000000000001a07d                gpio_hal_init
                0x000000000001a09c                gpio_hal_arch_port_toggle_pin
                0x000000000001a0d8                gpio_hal_arch_port_toggle_pins
                0x000000000001a106                gpio_hal_arch_no_port_toggle_pin
                0x000000000001a144                gpio_hal_arch_no_port_toggle_pins
 .text          0x000000000001a16c      0x2e7 build/cooja/mtype586.a(queuebuf.o)
                0x000000000001a176                queuebuf_init
                0x000000000001a19f                queuebuf_numfree
                0x000000000001a1b7                queuebuf_new_from_packetbuf
                0x000000000001a256                queuebuf_update_attr_from_packetbuf
                0x000000000001a28b                queuebuf_update_from_packetbuf
                0x000000000001a2db                queuebuf_free
                0x000000000001a324                queuebuf_to_packetbuf
                0x000000000001a390                queuebuf_dataptr
                0x000000000001a3ca                queuebuf_datalen
                0x000000000001a3ed                queuebuf_addr
                0x000000000001a422                queuebuf_attr
                0x000000000001a44d                queuebuf_debug_print
 .text          0x000000000001a453      0x407 build/cooja/mtype586.a(packetbuf.o)
                0x000000000001a453                packetbuf_clear
                0x000000000001a47e                packetbuf_copyfrom
                0x000000000001a4cd                packetbuf_copyto
                0x000000000001a560                packetbuf_hdralloc
                0x000000000001a5dc                packetbuf_hdrreduce
                0x000000000001a622                packetbuf_set_datalen
                0x000000000001a63c                packetbuf_dataptr
                0x000000000001a659                packetbuf_hdrptr
                0x000000000001a663                packetbuf_datalen
                0x000000000001a66f                packetbuf_hdrlen
                0x000000000001a686                packetbuf_totlen
                0x000000000001a69c                packetbuf_remaininglen
                0x000000000001a6af                packetbuf_attr_clear
                0x000000000001a6fb                packetbuf_attr_copyto
                0x000000000001a753                packetbuf_attr_copyfrom
                0x000000000001a7ab                packetbuf_set_attr
                0x000000000001a7d5                packetbuf_attr
                0x000000000001a7ef                packetbuf_set_addr
                0x000000000001a820                packetbuf_addr
                0x000000000001a83d                packetbuf_holds_broadcast
 .text          0x000000000001a85a       0xef build/cooja/mtype586.a(netstack.o)
                0x000000000001a85a                netstack_process_ip_callback
                0x000000000001a8eb                netstack_ip_packet_processor_add
                0x000000000001a90e                uip_ds6_ip_packet_processor_rm
                0x000000000001a92b                netstack_init
 .text          0x000000000001a949       0x4f build/cooja/mtype586.a(linkaddr.o)
                0x000000000001a949                linkaddr_copy
                0x000000000001a95f                linkaddr_cmp
                0x000000000001a982                linkaddr_set_node_addr
 .text          0x000000000001a998      0x1f6 build/cooja/mtype586.a(csma.o)
 .text          0x000000000001ab8e      0x95d build/cooja/mtype586.a(csma-output.o)
                0x000000000001b225                csma_output_packet
                0x000000000001b4b2                csma_output_init
 .text          0x000000000001b4eb      0xc11 build/cooja/mtype586.a(uip-ds6.o)
                0x000000000001b4eb                uip_ds6_default_prefix
                0x000000000001b4f5                uip_ds6_set_default_prefix
                0x000000000001b520                uip_ds6_init
                0x000000000001b782                uip_ds6_periodic
                0x000000000001b809                uip_ds6_list_loop
                0x000000000001b8c9                uip_ds6_prefix_add
                0x000000000001b975                uip_ds6_prefix_rm
                0x000000000001b988                uip_ds6_prefix_lookup
                0x000000000001b9c7                uip_ds6_is_addr_onlink
                0x000000000001ba3a                uip_ds6_addr_add
                0x000000000001bb5a                uip_ds6_addr_rm
                0x000000000001bc03                uip_ds6_addr_lookup
                0x000000000001bc3c                uip_ds6_get_link_local
                0x000000000001bcbd                uip_ds6_get_global
                0x000000000001bd3e                uip_ds6_maddr_add
                0x000000000001bd9e                uip_ds6_maddr_rm
                0x000000000001bdb1                uip_ds6_maddr_lookup
                0x000000000001bdea                uip_ds6_aaddr_add
                0x000000000001be4a                uip_ds6_aaddr_rm
                0x000000000001be5d                uip_ds6_aaddr_lookup
                0x000000000001be96                uip_ds6_select_src
                0x000000000001bfdf                uip_ds6_set_addr_iid
                0x000000000001c00a                uip_ds6_set_lladdr_from_iid
                0x000000000001c033                get_match_length
                0x000000000001c0c4                uip_ds6_compute_reachable_time
 .text          0x000000000001c0fc      0x6f7 build/cooja/mtype586.a(tcpip.o)
                0x000000000001c116                tcpip_output
                0x000000000001c195                udp_attach
                0x000000000001c1ad                udp_new
                0x000000000001c1f7                udp_broadcast_new
                0x000000000001c369                tcpip_input
                0x000000000001c4f9                tcpip_ipv6_output
                0x000000000001c6ed                tcpip_poll_udp
                0x000000000001c70b                tcpip_uipcall
 .text          0x000000000001c7f3      0x128 build/cooja/mtype586.a(uip-udp-packet.)
                0x000000000001c7f3                uip_udp_packet_send
                0x000000000001c84e                uip_udp_packet_sendto
 .text          0x000000000001c91b      0xa3c build/cooja/mtype586.a(uip-ds6-route.o)
                0x000000000001ca05                uip_ds6_notification_add
                0x000000000001ca37                uip_ds6_notification_rm
                0x000000000001ca54                uip_ds6_route_init
                0x000000000001caf3                uip_ds6_route_nexthop
                0x000000000001cb22                uip_ds6_route_head
                0x000000000001cb3b                uip_ds6_route_next
                0x000000000001cb64                uip_ds6_route_is_nexthop
                0x000000000001cba6                uip_ds6_route_num_routes
                0x000000000001cbb0                uip_ds6_route_lookup
                0x000000000001cc87                uip_ds6_route_add
                0x000000000001cec7                uip_ds6_route_rm
                0x000000000001d065                uip_ds6_route_rm_by_nexthop
                0x000000000001d0a4                uip_ds6_defrt_head
                0x000000000001d0bd                uip_ds6_defrt_add
                0x000000000001d17e                uip_ds6_defrt_rm
                0x000000000001d1ff                uip_ds6_defrt_lookup
                0x000000000001d266                uip_ds6_defrt_choose
                0x000000000001d2dc                uip_ds6_defrt_periodic
 .text          0x000000000001d357      0x369 build/cooja/mtype586.a(uip-ds6-nbr.o)
                0x000000000001d357                uip_ds6_neighbors_init
                0x000000000001d37b                uip_ds6_nbr_add
                0x000000000001d401                uip_ds6_nbr_rm
                0x000000000001d44c                uip_ds6_nbr_update_ll
                0x000000000001d53a                uip_ds6_nbr_get_ipaddr
                0x000000000001d54f                uip_ds6_nbr_get_ll
                0x000000000001d56b                uip_ds6_nbr_num
                0x000000000001d5b4                uip_ds6_nbr_head
                0x000000000001d5cd                uip_ds6_nbr_next
                0x000000000001d5e9                uip_ds6_nbr_lookup
                0x000000000001d641                uip_ds6_nbr_ll_lookup
                0x000000000001d65d                uip_ds6_nbr_ipaddr_from_lladdr
                0x000000000001d686                uip_ds6_nbr_lladdr_from_ipaddr
                0x000000000001d6ba                uip_ds6_link_callback
 .text          0x000000000001d6c0     0x1205 build/cooja/mtype586.a(uip6.o)
                0x000000000001d76f                uip_chksum
                0x000000000001d846                uip_icmp6chksum
                0x000000000001d85b                uip_udpchksum
                0x000000000001d870                uip_init
                0x000000000001d8b9                uip_remove_ext_hdr
                0x000000000001d993                uip_udp_new
                0x000000000001dca7                uip_process
                0x000000000001e79f                uip_htons
                0x000000000001e7c1                uip_htonl
                0x000000000001e7ff                uip_send
 .text          0x000000000001e8c5      0x6a7 build/cooja/mtype586.a(uip-nd6.o)
                0x000000000001ef53                uip_nd6_init
 .text          0x000000000001ef6c     0x2c17 build/cooja/mtype586.a(sicslowpan.o)
                0x000000000001f573                netstack_sniffer_add
                0x000000000001f581                netstack_sniffer_remove
                0x0000000000021b57                sicslowpan_init
                0x0000000000021b79                sicslowpan_get_last_rssi
 .text          0x0000000000021b83      0x4d1 build/cooja/mtype586.a(uiplib.o)
                0x0000000000021b83                uiplib_ip6addrconv
                0x0000000000021d3b                uiplib_ip4addrconv
                0x0000000000021dfe                uiplib_ipaddr_print
                0x0000000000021e51                uiplib_ipaddr_snprint
 .text          0x0000000000022054      0x4c9 build/cooja/mtype586.a(rpl.o)
                0x0000000000022054                rpl_lollipop_greater_than
                0x00000000000220ae                rpl_get_global_address
                0x00000000000221a6                rpl_link_callback
                0x00000000000221ea                rpl_has_joined
                0x000000000002220f                rpl_is_reachable
                0x0000000000022290                rpl_reset_prefix
                0x00000000000222fa                rpl_set_prefix_from_addr
                0x00000000000223df                rpl_set_prefix
                0x00000000000224f9                rpl_set_leaf_only
                0x0000000000022511                rpl_get_leaf_only
 .text          0x000000000002251d     0x138c build/cooja/mtype586.a(rpl-icmp6.o)
                0x0000000000022642                rpl_icmp6_update_nbr_table
                0x00000000000226cb                rpl_icmp6_dis_output
                0x0000000000022d11                rpl_icmp6_dio_output
                0x000000000002350f                rpl_icmp6_dao_output
                0x00000000000237f0                rpl_icmp6_dao_ack_output
                0x0000000000023860                rpl_icmp6_init
 .text          0x00000000000238a9      0x264 build/cooja/mtype586.a(rpl-dag-root.o)
                0x00000000000238a9                rpl_dag_root_print_links
                0x00000000000239d5                rpl_dag_root_set_prefix
                0x0000000000023a01                rpl_dag_root_start
                0x0000000000023ade                rpl_dag_root_is_root
 .text          0x0000000000023b0d       0x30 build/cooja/mtype586.a(watchdog.o)
                0x0000000000023b0d                watchdog_init
                0x0000000000023b13                watchdog_start
                0x0000000000023b19                watchdog_periodic
                0x0000000000023b31                watchdog_stop
                0x0000000000023b37                watchdog_reboot
 .text          0x0000000000023b3d       0x4a build/cooja/mtype586.a(int-master.o)
                0x0000000000023b3d                int_master_enable
                0x0000000000023b4d                int_master_read_and_disable
                0x0000000000023b6a                int_master_status_set
                0x0000000000023b78                int_master_is_enabled
 .text          0x0000000000023b87      0x226 build/cooja/mtype586.a(coap-timer-defa)
 .text          0x0000000000023dad       0xc7 build/cooja/mtype586.a(stimer.o)
                0x0000000000023dad                stimer_set
                0x0000000000023dcb                stimer_reset
                0x0000000000023df8                stimer_restart
                0x0000000000023e0d                stimer_expired
                0x0000000000023e38                stimer_remaining
                0x0000000000023e5c                stimer_elapsed
 .text          0x0000000000023e74      0x156 build/cooja/mtype586.a(ringbuf.o)
                0x0000000000023e74                ringbuf_init
                0x0000000000023ea6                ringbuf_put
                0x0000000000023f24                ringbuf_get
                0x0000000000023f91                ringbuf_size
                0x0000000000023fa3                ringbuf_elements
 .text          0x0000000000023fca       0x1f build/cooja/mtype586.a(assert.o)
                0x0000000000023fca                _xassert
 .text          0x0000000000023fe9      0x79b build/cooja/mtype586.a(nbr-table.o)
                0x0000000000024462                nbr_table_register
                0x00000000000244cf                nbr_table_is_registered
                0x000000000002450a                nbr_table_head
                0x0000000000024565                nbr_table_next
                0x00000000000245c6                nbr_table_add_lladdr
                0x00000000000246a0                nbr_table_get_from_lladdr
                0x00000000000246ec                nbr_table_remove
                0x0000000000024724                nbr_table_lock
                0x000000000002473e                nbr_table_unlock
                0x0000000000024758                nbr_table_get_lladdr
 .text          0x0000000000024784      0x3a5 build/cooja/mtype586.a(link-stats.o)
                0x0000000000024784                link_stats_from_lladdr
                0x00000000000247a0                link_stats_get_lladdr
                0x00000000000247bc                link_stats_is_fresh
                0x00000000000247f8                guess_etx_from_rssi
                0x0000000000024874                link_stats_packet_sent
                0x0000000000024994                link_stats_input_callback
                0x0000000000024aa4                link_stats_reset
                0x0000000000024af4                link_stats_init
 .text          0x0000000000024b29      0x187 build/cooja/mtype586.a(mac-sequence.o)
                0x0000000000024b29                mac_sequence_is_duplicate
                0x0000000000024bc9                mac_sequence_register_seqno
 .text          0x0000000000024cb0       0x23 build/cooja/mtype586.a(mac.o)
                0x0000000000024cb0                mac_call_sent_callback
 .text          0x0000000000024cd3      0x432 build/cooja/mtype586.a(framer-802154.o)
                0x0000000000024e62                framer_802154_setup_params
 .text          0x0000000000025105      0xb6f build/cooja/mtype586.a(frame802154.o)
                0x0000000000025136                frame802154_get_pan_id
                0x0000000000025142                frame802154_set_pan_id
                0x000000000002515c                frame802154_has_panid
                0x000000000002530b                frame802154_check_dest_panid
                0x0000000000025393                frame802154_is_broadcast_addr
                0x00000000000253e0                frame802154_extract_linkaddr
                0x0000000000025645                frame802154_hdrlen
                0x00000000000256b8                frame802154_create_fcf
                0x0000000000025770                frame802154_create
                0x00000000000258e5                frame802154_parse_fcf
                0x00000000000259c7                frame802154_parse
 .text          0x0000000000025c74       0x2d build/cooja/mtype586.a(csma-security.o)
                0x0000000000025c74                csma_security_create_frame
                0x0000000000025c92                csma_security_parse_frame
 .text          0x0000000000025ca1      0x4e4 build/cooja/mtype586.a(uipbuf.o)
                0x0000000000025ca1                uipbuf_clear
                0x0000000000025cc8                uipbuf_add_ext_hdr
                0x0000000000025d48                uipbuf_set_len
                0x0000000000025d75                uipbuf_set_len_field
                0x0000000000025da1                uipbuf_get_len_field
                0x0000000000025dc1                uipbuf_get_next_header
                0x0000000000025ef3                uipbuf_get_last_header
                0x0000000000025f6c                uipbuf_search_header
                0x0000000000026022                uipbuf_get_attr
                0x0000000000026049                uipbuf_set_attr
                0x0000000000026080                uipbuf_set_default_attr
                0x00000000000260b7                uipbuf_clear_attr
                0x00000000000260db                uipbuf_set_attr_flag
                0x00000000000260fc                uipbuf_clr_attr_flag
                0x0000000000026123                uipbuf_is_attr_flag
                0x0000000000026147                uipbuf_init
 .text          0x0000000000026185      0x73f build/cooja/mtype586.a(uip-icmp6.o)
                0x00000000000261fa                uip_icmp6_input
                0x0000000000026251                uip_icmp6_register_input_handler
                0x00000000000263a4                uip_icmp6_error_output
                0x0000000000026655                uip_icmp6_send
                0x000000000002684c                uip_icmp6_echo_reply_callback_add
                0x000000000002687e                uip_icmp6_echo_reply_callback_rm
                0x000000000002689b                uip_icmp6_init
 .text          0x00000000000268c4      0x69b build/cooja/mtype586.a(uip-sr.o)
                0x00000000000268c4                uip_sr_num_nodes
                0x0000000000026952                uip_sr_get_node
                0x00000000000269a9                uip_sr_is_addr_reachable
                0x0000000000026a57                uip_sr_expire_parent
                0x0000000000026aa0                uip_sr_update_node
                0x0000000000026bd0                uip_sr_init
                0x0000000000026c04                uip_sr_node_head
                0x0000000000026c1d                uip_sr_node_next
                0x0000000000026c33                uip_sr_periodic
                0x0000000000026d39                uip_sr_free_all
                0x0000000000026da9                uip_sr_link_snprint
 .text          0x0000000000026f5f      0x146 build/cooja/mtype586.a(uip-packetqueue)
                0x0000000000026f8d                uip_packetqueue_new
                0x0000000000026f9c                uip_packetqueue_alloc
                0x0000000000026ff7                uip_packetqueue_free
                0x000000000002703e                uip_packetqueue_buf
                0x000000000002705b                uip_packetqueue_buflen
                0x000000000002707c                uip_packetqueue_set_buflen
 .text          0x00000000000270a5      0x1b0 build/cooja/mtype586.a(rpl-nbr-policy.)
                0x0000000000027212                rpl_nbr_policy_find_removable
 .text          0x0000000000027255      0x915 build/cooja/mtype586.a(rpl-neighbor.o)
                0x00000000000272d1                rpl_neighbor_snprint
                0x0000000000027584                rpl_neighbor_print_list
                0x0000000000027639                rpl_neighbor_count
                0x00000000000276e0                rpl_neighbor_get_from_lladdr
                0x00000000000276fc                rpl_neighbor_is_acceptable_parent
                0x0000000000027730                rpl_neighbor_get_link_metric
                0x0000000000027764                rpl_neighbor_rank_via_nbr
                0x0000000000027798                rpl_neighbor_get_lladdr
                0x00000000000277b4                rpl_neighbor_get_ipaddr
                0x00000000000277db                rpl_neighbor_get_link_stats
                0x0000000000027802                rpl_neighbor_is_fresh
                0x0000000000027829                rpl_neighbor_is_reachable
                0x0000000000027874                rpl_neighbor_is_parent
                0x000000000002789e                rpl_neighbor_set_preferred_parent
                0x0000000000027935                rpl_neighbor_remove_all
                0x0000000000027991                rpl_neighbor_get_from_ipaddr
                0x0000000000027a9f                rpl_neighbor_select_best
                0x0000000000027b4b                rpl_neighbor_init
 .text          0x0000000000027b6a      0xe69 build/cooja/mtype586.a(rpl-dag.o)
                0x0000000000027b6a                rpl_dag_state_to_str
                0x0000000000027ba9                rpl_dag_get_root_ipaddr
                0x0000000000027bf1                rpl_dag_leave
                0x0000000000027c7a                rpl_dag_poison_and_leave
                0x0000000000027c92                rpl_dag_periodic
                0x0000000000027d1a                rpl_is_addr_in_our_dag
                0x0000000000027d5e                rpl_get_default_instance
                0x0000000000027d7a                rpl_get_any_dag
                0x0000000000027dd3                rpl_refresh_routes
                0x0000000000027e13                rpl_global_repair
                0x0000000000027eac                rpl_local_repair
                0x0000000000027ef6                rpl_dag_ready_to_advertise
                0x0000000000027f39                rpl_dag_update_state
                0x0000000000028666                rpl_process_dio
                0x00000000000286e4                rpl_process_dis
                0x0000000000028729                rpl_process_dao
                0x00000000000287b8                rpl_process_dao_ack
                0x000000000002884f                rpl_process_hbh
                0x000000000002889f                rpl_dag_init_root
                0x00000000000289b3                rpl_dag_init
 .text          0x00000000000289d3      0x9e7 build/cooja/mtype586.a(rpl-timers.o)
                0x00000000000289d3                rpl_timers_schedule_periodic_dis
                0x0000000000028b21                rpl_timers_dio_reset
                0x0000000000028c2f                rpl_timers_schedule_unicast_dio
                0x0000000000028d83                rpl_timers_schedule_dao
                0x0000000000028e42                rpl_timers_schedule_dao_ack
                0x0000000000028ec8                rpl_timers_notify_dao_ack
                0x0000000000028f26                get_probing_delay
                0x0000000000028f5a                get_probing_target
                0x0000000000029144                rpl_schedule_probing
                0x0000000000029172                rpl_schedule_probing_now
                0x00000000000291dc                rpl_timers_unschedule_leaving
                0x0000000000029214                rpl_timers_schedule_leaving
                0x0000000000029255                rpl_timers_init
                0x00000000000292e5                rpl_timers_stop_dag_timers
                0x000000000002935e                rpl_timers_unschedule_state_update
                0x0000000000029382                rpl_timers_schedule_state_update
 .text          0x00000000000293ba      0xb8e build/cooja/mtype586.a(rpl-ext-header.)
                0x00000000000293ba                rpl_ext_header_srh_get_next_hop
                0x00000000000294a1                rpl_ext_header_srh_update
                0x0000000000029a0d                rpl_ext_header_hbh_update
                0x0000000000029d0d                rpl_ext_header_update
                0x0000000000029d96                rpl_ext_header_remove
 .text          0x0000000000029f48      0x31b build/cooja/mtype586.a(rpl-mrhof.o)
 *fill*         0x000000000002a263        0xd 
 .text          0x000000000002a270      0x122 /usr/lib/gcc/i686-linux-gnu/5/libgcc.a(_udivdi3.o)
                0x000000000002a270                __udivdi3
 .text          0x000000000002a392        0x0 /usr/lib/gcc/i686-linux-gnu/5/crtendS.o
 .text          0x000000000002a392        0x0 /usr/lib/gcc/i686-linux-gnu/5/../../../i386-linux-gnu/crtn.o
 *(.gnu.warning)

.fini           0x000000000002a394       0x14
 *(SORT(.fini))
 .fini          0x000000000002a394        0xf /usr/lib/gcc/i686-linux-gnu/5/../../../i386-linux-gnu/crti.o
                0x000000000002a394                _fini
 .fini          0x000000000002a3a3        0x5 /usr/lib/gcc/i686-linux-gnu/5/../../../i386-linux-gnu/crtn.o
                [!provide]                        PROVIDE (__etext, .)
                [!provide]                        PROVIDE (_etext, .)
                [!provide]                        PROVIDE (etext, .)

.rodata         0x000000000002a3c0      0xb2b
 *(.rodata .rodata.* .gnu.linkonce.r.*)
 .rodata        0x000000000002a3c0       0xec humidity_sensor.o
                0x000000000002a3c0                VAR_RANGE
                0x000000000002a3d4                autostart_processes
 .rodata        0x000000000002a4ac        0x8 build/cooja/mtype586.a(beep.o)
                0x000000000002a4ac                beep_interface
 .rodata        0x000000000002a4b4        0xe build/cooja/mtype586.a(leds-arch.o)
                0x000000000002a4b4                leds_interface
                0x000000000002a4bc                leds_arch_leds
 *fill*         0x000000000002a4c2        0x2 
 .rodata        0x000000000002a4c4        0x8 build/cooja/mtype586.a(moteid.o)
                0x000000000002a4c4                moteid_interface
 .rodata        0x000000000002a4cc       0x1c build/cooja/mtype586.a(pir-sensor.o)
                0x000000000002a4cc                pir_interface
                0x000000000002a4d8                pir_sensor
 .rodata        0x000000000002a4e8        0xe build/cooja/mtype586.a(rs232.o)
                0x000000000002a4e8                rs232_interface
 *fill*         0x000000000002a4f6        0x2 
 .rodata        0x000000000002a4f8       0x24 build/cooja/mtype586.a(vib-sensor.o)
                0x000000000002a4f8                vib_interface
                0x000000000002a50c                vib_sensor
 .rodata        0x000000000002a51c        0x8 build/cooja/mtype586.a(clock.o)
                0x000000000002a51c                clock_interface
 .rodata        0x000000000002a524        0x8 build/cooja/mtype586.a(cooja-log.o)
                0x000000000002a524                simlog_interface
 .rodata        0x000000000002a52c       0x2f build/cooja/mtype586.a(cfs-cooja.o)
                0x000000000002a52c                cfs_interface
 *fill*         0x000000000002a55b        0x5 
 .rodata        0x000000000002a560       0xb8 build/cooja/mtype586.a(cooja-radio.o)
                0x000000000002a560                radio_interface
                0x000000000002a5e0                cooja_radio_driver
 .rodata        0x000000000002a618        0x8 build/cooja/mtype586.a(eeprom.o)
                0x000000000002a618                eeprom_interface
 .rodata        0x000000000002a620        0x8 build/cooja/mtype586.a(sensors.o)
 .rodata        0x000000000002a628       0x2c build/cooja/mtype586.a(buttons.o)
                0x000000000002a628                button_interface
                0x000000000002a63c                button_hal_button_count
                0x000000000002a644                button_sensor
 .rodata        0x000000000002a654       0x79 build/cooja/mtype586.a(res_humidity.o)
 .rodata        0x000000000002a6cd       0x41 build/cooja/mtype586.a(coap-engine.o)
 .rodata        0x000000000002a70e       0x19 build/cooja/mtype586.a(coap-res-well-k)
 .rodata        0x000000000002a727       0x11 build/cooja/mtype586.a(coap-observe.o)
 .rodata        0x000000000002a738       0x35 build/cooja/mtype586.a(coap-uip.o)
 *fill*         0x000000000002a76d        0x3 
 .rodata        0x000000000002a770      0x1ac build/cooja/mtype586.a(coap.o)
 .rodata        0x000000000002a91c       0xf4 build/cooja/mtype586.a(contiki-main.o)
 .rodata        0x000000000002aa10        0xf build/cooja/mtype586.a(ctimer.o)
 .rodata        0x000000000002aa1f        0xc build/cooja/mtype586.a(etimer.o)
 *fill*         0x000000000002aa2b        0x1 
 .rodata        0x000000000002aa2c       0xc4 build/cooja/mtype586.a(log.o)
 .rodata        0x000000000002aaf0       0x13 build/cooja/mtype586.a(button-hal.o)
 .rodata        0x000000000002ab03        0xe build/cooja/mtype586.a(serial-line.o)
 *fill*         0x000000000002ab11        0x3 
 .rodata        0x000000000002ab14        0x8 build/cooja/mtype586.a(linkaddr.o)
                0x000000000002ab14                linkaddr_null
 .rodata        0x000000000002ab1c       0x24 build/cooja/mtype586.a(csma.o)
                0x000000000002ab24                csma_driver
 .rodata        0x000000000002ab40       0x24 build/cooja/mtype586.a(csma-output.o)
 .rodata        0x000000000002ab64        0xd build/cooja/mtype586.a(tcpip.o)
 *fill*         0x000000000002ab71        0x3 
 .rodata        0x000000000002ab74       0xb9 build/cooja/mtype586.a(uip-ds6-route.o)
 *fill*         0x000000000002ac2d        0x3 
 .rodata        0x000000000002ac30       0x30 build/cooja/mtype586.a(sicslowpan.o)
                0x000000000002ac30                unc_llconf
                0x000000000002ac34                unc_ctxconf
                0x000000000002ac38                unc_mxconf
                0x000000000002ac3c                llprefix
                0x000000000002ac50                sicslowpan_driver
 .rodata        0x000000000002ac60       0x2d build/cooja/mtype586.a(uiplib.o)
 *fill*         0x000000000002ac8d       0x13 
 .rodata        0x000000000002aca0       0x74 build/cooja/mtype586.a(rpl.o)
                0x000000000002acc0                rpl_lite_driver
 .rodata        0x000000000002ad14       0x20 build/cooja/mtype586.a(coap-timer-defa)
                0x000000000002ad28                coap_timer_default_driver
 .rodata        0x000000000002ad34       0x25 build/cooja/mtype586.a(assert.o)
 *fill*         0x000000000002ad59        0x3 
 .rodata        0x000000000002ad5c        0xc build/cooja/mtype586.a(framer-802154.o)
                0x000000000002ad5c                framer_802154
 .rodata        0x000000000002ad68       0x44 build/cooja/mtype586.a(uip-sr.o)
 .rodata        0x000000000002adac       0x58 build/cooja/mtype586.a(rpl-neighbor.o)
 .rodata        0x000000000002ae04       0xdb build/cooja/mtype586.a(rpl-dag.o)
 .rodata        0x000000000002aedf        0xc build/cooja/mtype586.a(rpl-timers.o)

.rodata1
 *(.rodata1)

.eh_frame_hdr   0x000000000002aeec     0x1a04
 *(.eh_frame_hdr)
 .eh_frame_hdr  0x000000000002aeec     0x1a04 humidity_sensor.o
                0x000000000002aeec                __GNU_EH_FRAME_HDR
 *(.eh_frame_entry .eh_frame_entry.*)

.eh_frame       0x000000000002c8f0     0x6988
 *(.eh_frame)
 .eh_frame      0x000000000002c8f0       0x3c /usr/lib/gcc/i686-linux-gnu/5/../../../i386-linux-gnu/crti.o
                                         0x40 (size before relaxing)
 .eh_frame      0x000000000002c92c       0x40 humidity_sensor.o
                                         0x58 (size before relaxing)
 .eh_frame      0x000000000002c96c      0x178 build/cooja/mtype586.o
                                        0x190 (size before relaxing)
 .eh_frame      0x000000000002cae4       0x40 build/cooja/mtype586.a(simEnvChange.o)
                                         0x58 (size before relaxing)
 .eh_frame      0x000000000002cb24       0x60 build/cooja/mtype586.a(cooja_mt.o)
                                         0x78 (size before relaxing)
 .eh_frame      0x000000000002cb84       0x80 build/cooja/mtype586.a(cooja_mtarch.o)
                                         0x98 (size before relaxing)
 .eh_frame      0x000000000002cc04       0xc8 build/cooja/mtype586.a(rtimer-arch.o)
                                         0xe0 (size before relaxing)
 .eh_frame      0x000000000002cccc      0x160 build/cooja/mtype586.a(beep.o)
                                        0x178 (size before relaxing)
 .eh_frame      0x000000000002ce2c       0x80 build/cooja/mtype586.a(leds-arch.o)
                                         0x98 (size before relaxing)
 .eh_frame      0x000000000002ceac       0x40 build/cooja/mtype586.a(moteid.o)
                                         0x58 (size before relaxing)
 .eh_frame      0x000000000002ceec       0xa0 build/cooja/mtype586.a(pir-sensor.o)
                                         0xb8 (size before relaxing)
 .eh_frame      0x000000000002cf8c      0x100 build/cooja/mtype586.a(rs232.o)
                                        0x118 (size before relaxing)
 .eh_frame      0x000000000002d08c       0xa0 build/cooja/mtype586.a(vib-sensor.o)
                                         0xb8 (size before relaxing)
 .eh_frame      0x000000000002d12c       0xc0 build/cooja/mtype586.a(clock.o)
                                         0xd8 (size before relaxing)
 .eh_frame      0x000000000002d1ec      0x120 build/cooja/mtype586.a(cooja-log.o)
                                        0x138 (size before relaxing)
 .eh_frame      0x000000000002d30c      0x160 build/cooja/mtype586.a(cfs-cooja.o)
                                        0x178 (size before relaxing)
 .eh_frame      0x000000000002d46c      0x340 build/cooja/mtype586.a(cooja-radio.o)
                                        0x358 (size before relaxing)
 .eh_frame      0x000000000002d7ac       0xa0 build/cooja/mtype586.a(eeprom.o)
                                         0xb8 (size before relaxing)
 .eh_frame      0x000000000002d84c       0x40 build/cooja/mtype586.a(random.o)
                                         0x58 (size before relaxing)
 .eh_frame      0x000000000002d88c       0xc0 build/cooja/mtype586.a(sensors.o)
                                         0xd8 (size before relaxing)
 .eh_frame      0x000000000002d94c      0x120 build/cooja/mtype586.a(leds.o)
                                        0x138 (size before relaxing)
 .eh_frame      0x000000000002da6c      0x220 build/cooja/mtype586.a(gpio-hal-arch.o)
                                        0x238 (size before relaxing)
 .eh_frame      0x000000000002dc8c       0xa0 build/cooja/mtype586.a(buttons.o)
                                         0xb8 (size before relaxing)
 .eh_frame      0x000000000002dd2c       0x40 build/cooja/mtype586.a(res_humidity.o)
                                         0x58 (size before relaxing)
 .eh_frame      0x000000000002dd6c       0x44 build/cooja/mtype586.a(coap-blocking-a)
                                         0x5c (size before relaxing)
 .eh_frame      0x000000000002ddb0      0x220 build/cooja/mtype586.a(coap-engine.o)
                                        0x238 (size before relaxing)
 .eh_frame      0x000000000002dfd0       0x24 build/cooja/mtype586.a(coap-res-well-k)
                                         0x3c (size before relaxing)
 .eh_frame      0x000000000002dff4      0x188 build/cooja/mtype586.a(coap-observe.o)
                                        0x1a0 (size before relaxing)
 .eh_frame      0x000000000002e17c      0x100 build/cooja/mtype586.a(coap-transactio)
                                        0x118 (size before relaxing)
 .eh_frame      0x000000000002e27c      0x250 build/cooja/mtype586.a(coap-uip.o)
                                        0x268 (size before relaxing)
 .eh_frame      0x000000000002e4cc      0x114 build/cooja/mtype586.a(coap-timer.o)
                                        0x12c (size before relaxing)
 .eh_frame      0x000000000002e5e0      0x6ec build/cooja/mtype586.a(coap.o)
                                        0x704 (size before relaxing)
 .eh_frame      0x000000000002eccc       0x30 build/cooja/mtype586.a(contiki-main.o)
                                         0x48 (size before relaxing)
 .eh_frame      0x000000000002ecfc       0x40 build/cooja/mtype586.a(autostart.o)
                                         0x58 (size before relaxing)
 .eh_frame      0x000000000002ed3c      0x100 build/cooja/mtype586.a(ctimer.o)
                                        0x118 (size before relaxing)
 .eh_frame      0x000000000002ee3c       0x60 build/cooja/mtype586.a(energest.o)
                                         0x78 (size before relaxing)
 .eh_frame      0x000000000002ee9c      0x1e0 build/cooja/mtype586.a(etimer.o)
                                        0x1f8 (size before relaxing)
 .eh_frame      0x000000000002f07c      0x100 build/cooja/mtype586.a(log.o)
                                        0x118 (size before relaxing)
 .eh_frame      0x000000000002f17c       0x60 build/cooja/mtype586.a(rtimer.o)
                                         0x78 (size before relaxing)
 .eh_frame      0x000000000002f1dc       0x20 build/cooja/mtype586.a(node-id.o)
                                         0x38 (size before relaxing)
 .eh_frame      0x000000000002f1fc      0x1c4 build/cooja/mtype586.a(process.o)
                                        0x1dc (size before relaxing)
 .eh_frame      0x000000000002f3c0       0xa4 build/cooja/mtype586.a(timer.o)
                                         0xbc (size before relaxing)
 .eh_frame      0x000000000002f464      0x1a0 build/cooja/mtype586.a(list.o)
                                        0x1b8 (size before relaxing)
 .eh_frame      0x000000000002f604       0xa0 build/cooja/mtype586.a(memb.o)
                                         0xb8 (size before relaxing)
 .eh_frame      0x000000000002f6a4      0x144 build/cooja/mtype586.a(button-hal.o)
                                        0x15c (size before relaxing)
 .eh_frame      0x000000000002f7e8       0x60 build/cooja/mtype586.a(serial-line.o)
                                         0x78 (size before relaxing)
 .eh_frame      0x000000000002f848       0xe0 build/cooja/mtype586.a(gpio-hal.o)
                                         0xf8 (size before relaxing)
 .eh_frame      0x000000000002f928      0x1a0 build/cooja/mtype586.a(queuebuf.o)
                                        0x1b8 (size before relaxing)
 .eh_frame      0x000000000002fac8      0x28c build/cooja/mtype586.a(packetbuf.o)
                                        0x2a4 (size before relaxing)
 .eh_frame      0x000000000002fd54       0x80 build/cooja/mtype586.a(netstack.o)
                                         0x98 (size before relaxing)
 .eh_frame      0x000000000002fdd4       0x60 build/cooja/mtype586.a(linkaddr.o)
                                         0x78 (size before relaxing)
 .eh_frame      0x000000000002fe34       0xe0 build/cooja/mtype586.a(csma.o)
                                         0xf8 (size before relaxing)
 .eh_frame      0x000000000002ff14      0x1d0 build/cooja/mtype586.a(csma-output.o)
                                        0x1e8 (size before relaxing)
 .eh_frame      0x00000000000300e4      0x328 build/cooja/mtype586.a(uip-ds6.o)
                                        0x340 (size before relaxing)
 .eh_frame      0x000000000003040c      0x244 build/cooja/mtype586.a(tcpip.o)
                                        0x25c (size before relaxing)
 .eh_frame      0x0000000000030650       0x40 build/cooja/mtype586.a(uip-udp-packet.)
                                         0x58 (size before relaxing)
 .eh_frame      0x0000000000030690      0x2e0 build/cooja/mtype586.a(uip-ds6-route.o)
                                        0x2f8 (size before relaxing)
 .eh_frame      0x0000000000030970      0x1c0 build/cooja/mtype586.a(uip-ds6-nbr.o)
                                        0x1d8 (size before relaxing)
 .eh_frame      0x0000000000030b30      0x1e8 build/cooja/mtype586.a(uip6.o)
                                        0x200 (size before relaxing)
 .eh_frame      0x0000000000030d18       0x84 build/cooja/mtype586.a(uip-nd6.o)
                                         0x9c (size before relaxing)
 .eh_frame      0x0000000000030d9c      0x2f8 build/cooja/mtype586.a(sicslowpan.o)
                                        0x310 (size before relaxing)
 .eh_frame      0x0000000000031094       0x88 build/cooja/mtype586.a(uiplib.o)
                                         0xa0 (size before relaxing)
 .eh_frame      0x000000000003111c      0x1e0 build/cooja/mtype586.a(rpl.o)
                                        0x1f8 (size before relaxing)
 .eh_frame      0x00000000000312fc      0x1c4 build/cooja/mtype586.a(rpl-icmp6.o)
                                        0x1dc (size before relaxing)
 .eh_frame      0x00000000000314c0       0xa0 build/cooja/mtype586.a(rpl-dag-root.o)
                                         0xb8 (size before relaxing)
 .eh_frame      0x0000000000031560       0xa0 build/cooja/mtype586.a(watchdog.o)
                                         0xb8 (size before relaxing)
 .eh_frame      0x0000000000031600       0x80 build/cooja/mtype586.a(int-master.o)
                                         0x98 (size before relaxing)
 .eh_frame      0x0000000000031680       0xa4 build/cooja/mtype586.a(coap-timer-defa)
                                         0xbc (size before relaxing)
 .eh_frame      0x0000000000031724       0xc4 build/cooja/mtype586.a(stimer.o)
                                         0xdc (size before relaxing)
 .eh_frame      0x00000000000317e8       0xa0 build/cooja/mtype586.a(ringbuf.o)
                                         0xb8 (size before relaxing)
 .eh_frame      0x0000000000031888       0x20 build/cooja/mtype586.a(assert.o)
                                         0x38 (size before relaxing)
 .eh_frame      0x00000000000318a8      0x2ac build/cooja/mtype586.a(nbr-table.o)
                                        0x2c4 (size before relaxing)
 .eh_frame      0x0000000000031b54      0x120 build/cooja/mtype586.a(link-stats.o)
                                        0x138 (size before relaxing)
 .eh_frame      0x0000000000031c74       0x48 build/cooja/mtype586.a(mac-sequence.o)
                                         0x60 (size before relaxing)
 .eh_frame      0x0000000000031cbc       0x20 build/cooja/mtype586.a(mac.o)
                                         0x38 (size before relaxing)
 .eh_frame      0x0000000000031cdc       0xa4 build/cooja/mtype586.a(framer-802154.o)
                                         0xbc (size before relaxing)
 .eh_frame      0x0000000000031d80      0x1a4 build/cooja/mtype586.a(frame802154.o)
                                        0x1bc (size before relaxing)
 .eh_frame      0x0000000000031f24       0x40 build/cooja/mtype586.a(csma-security.o)
                                         0x58 (size before relaxing)
 .eh_frame      0x0000000000031f64      0x200 build/cooja/mtype586.a(uipbuf.o)
                                        0x218 (size before relaxing)
 .eh_frame      0x0000000000032164      0x150 build/cooja/mtype586.a(uip-icmp6.o)
                                        0x168 (size before relaxing)
 .eh_frame      0x00000000000322b4      0x184 build/cooja/mtype586.a(uip-sr.o)
                                        0x19c (size before relaxing)
 .eh_frame      0x0000000000032438       0xe0 build/cooja/mtype586.a(uip-packetqueue)
                                         0xf8 (size before relaxing)
 .eh_frame      0x0000000000032518       0x80 build/cooja/mtype586.a(rpl-nbr-policy.)
                                         0x98 (size before relaxing)
 .eh_frame      0x0000000000032598      0x2d4 build/cooja/mtype586.a(rpl-neighbor.o)
                                        0x2ec (size before relaxing)
 .eh_frame      0x000000000003286c      0x370 build/cooja/mtype586.a(rpl-dag.o)
                                        0x388 (size before relaxing)
 .eh_frame      0x0000000000032bdc      0x3a8 build/cooja/mtype586.a(rpl-timers.o)
                                        0x3c0 (size before relaxing)
 .eh_frame      0x0000000000032f84      0x124 build/cooja/mtype586.a(rpl-ext-header.)
                                        0x13c (size before relaxing)
 .eh_frame      0x00000000000330a8      0x148 build/cooja/mtype586.a(rpl-mrhof.o)
                                        0x160 (size before relaxing)
 .eh_frame      0x00000000000331f0       0x84 /usr/lib/gcc/i686-linux-gnu/5/libgcc.a(_udivdi3.o)
                                         0x9c (size before relaxing)
 .eh_frame      0x0000000000033274        0x4 /usr/lib/gcc/i686-linux-gnu/5/crtendS.o
 *(.eh_frame.*)

.gcc_except_table
 *(.gcc_except_table .gcc_except_table.*)

.gnu_extab
 *(.gnu_extab*)

.exception_ranges
 *(.exception_ranges .exception_ranges*)
                0x0000000000034f10                . = DATA_SEGMENT_ALIGN (0x1000, 0x1000)

.eh_frame
 *(.eh_frame)
 *(.eh_frame.*)

.gnu_extab
 *(.gnu_extab)

.gcc_except_table
 *(.gcc_except_table .gcc_except_table.*)

.exception_ranges
 *(.exception_ranges .exception_ranges*)

.tdata
 *(.tdata .tdata.* .gnu.linkonce.td.*)

.tbss
 *(.tbss .tbss.* .gnu.linkonce.tb.*)
 *(.tcommon)

.preinit_array
 *(.preinit_array)

.init_array     0x0000000000034f10        0x4
 *(SORT(.init_array.*) SORT(.ctors.*))
 *(.init_array EXCLUDE_FILE(*crtend?.o *crtend.o *crtbegin?.o *crtbegin.o) .ctors)
 .init_array    0x0000000000034f10        0x4 /usr/lib/gcc/i686-linux-gnu/5/crtbeginS.o

.fini_array     0x0000000000034f14        0x4
 *(SORT(.fini_array.*) SORT(.dtors.*))
 *(.fini_array EXCLUDE_FILE(*crtend?.o *crtend.o *crtbegin?.o *crtbegin.o) .dtors)
 .fini_array    0x0000000000034f14        0x4 /usr/lib/gcc/i686-linux-gnu/5/crtbeginS.o

.ctors
 *crtbegin.o(.ctors)
 *crtbegin?.o(.ctors)
 *(EXCLUDE_FILE(*crtend?.o *crtend.o) .ctors)
 *(SORT(.ctors.*))
 *(.ctors)

.dtors
 *crtbegin.o(.dtors)
 *crtbegin?.o(.dtors)
 *(EXCLUDE_FILE(*crtend?.o *crtend.o) .dtors)
 *(SORT(.dtors.*))
 *(.dtors)

.jcr            0x0000000000034f18        0x4
 *(.jcr)
 .jcr           0x0000000000034f18        0x0 /usr/lib/gcc/i686-linux-gnu/5/crtbeginS.o
 .jcr           0x0000000000034f18        0x4 /usr/lib/gcc/i686-linux-gnu/5/crtendS.o

.data.rel.ro
 *(.data.rel.ro.local* .gnu.linkonce.d.rel.ro.local.*)
 *(.data.rel.ro .data.rel.ro.* .gnu.linkonce.d.rel.ro.*)

.dynamic        0x0000000000034f1c       0xd0
 *(.dynamic)
 .dynamic       0x0000000000034f1c       0xd0 /usr/lib/gcc/i686-linux-gnu/5/../../../i386-linux-gnu/crti.o
                0x0000000000034f1c                _DYNAMIC

.got            0x0000000000034fec       0x14
 *(.got)
 .got           0x0000000000034fec       0x14 /usr/lib/gcc/i686-linux-gnu/5/../../../i386-linux-gnu/crti.o
 *(.igot)
                0x0000000000035ff4                . = DATA_SEGMENT_RELRO_END (., (SIZEOF (.got.plt) >= 0xc)?0xc:0x0)

.got.plt        0x0000000000035000        0xc
 *(.got.plt)
 .got.plt       0x0000000000035000        0xc /usr/lib/gcc/i686-linux-gnu/5/../../../i386-linux-gnu/crti.o
                0x0000000000035000                _GLOBAL_OFFSET_TABLE_
 *(.igot.plt)

.data           0x0000000000035020      0x484
 *(.data .data.* .gnu.linkonce.d.*)
 .data          0x0000000000035020        0x0 /usr/lib/gcc/i686-linux-gnu/5/../../../i386-linux-gnu/crti.o
 .data          0x0000000000035020        0x0 /usr/lib/gcc/i686-linux-gnu/5/crtbeginS.o
 .data.rel.local
                0x0000000000035020        0x4 /usr/lib/gcc/i686-linux-gnu/5/crtbeginS.o
                0x0000000000035020                __dso_handle
 .data          0x0000000000035024       0x10 humidity_sensor.o
                0x0000000000035024                humidity_sensor
 *fill*         0x0000000000035034        0xc 
 .data          0x0000000000035040       0x44 build/cooja/mtype586.o
                0x0000000000035040                simInterfaces
                0x0000000000035074                sensors
 .data          0x0000000000035084        0x0 build/cooja/mtype586.a(simEnvChange.o)
 .data          0x0000000000035084        0x0 build/cooja/mtype586.a(cooja_mt.o)
 .data          0x0000000000035084        0x0 build/cooja/mtype586.a(cooja_mtarch.o)
 .data          0x0000000000035084        0x0 build/cooja/mtype586.a(rtimer-arch.o)
 .data          0x0000000000035084        0x0 build/cooja/mtype586.a(beep.o)
 .data          0x0000000000035084        0x0 build/cooja/mtype586.a(leds-arch.o)
 .data          0x0000000000035084        0x0 build/cooja/mtype586.a(moteid.o)
 .data          0x0000000000035084        0x0 build/cooja/mtype586.a(pir-sensor.o)
 .data          0x0000000000035084        0x0 build/cooja/mtype586.a(rs232.o)
 .data          0x0000000000035084        0x0 build/cooja/mtype586.a(vib-sensor.o)
 .data          0x0000000000035084        0x0 build/cooja/mtype586.a(clock.o)
 .data          0x0000000000035084        0x0 build/cooja/mtype586.a(cooja-log.o)
 .data          0x0000000000035084        0x0 build/cooja/mtype586.a(cfs-cooja.o)
 .data          0x0000000000035084       0x2c build/cooja/mtype586.a(cooja-radio.o)
                0x0000000000035084                simRadioHWOn
                0x0000000000035088                simSignalStrength
                0x000000000003508c                simLastSignalStrength
                0x0000000000035090                simPower
                0x0000000000035094                simRadioChannel
                0x0000000000035098                simLQI
                0x00000000000350a0                cooja_radio_process
 .data          0x00000000000350b0        0x0 build/cooja/mtype586.a(eeprom.o)
 .data          0x00000000000350b0        0x0 build/cooja/mtype586.a(random.o)
 .data          0x00000000000350b0       0x10 build/cooja/mtype586.a(sensors.o)
                0x00000000000350b0                sensors_process
 .data          0x00000000000350c0        0x0 build/cooja/mtype586.a(leds.o)
 .data          0x00000000000350c0        0x0 build/cooja/mtype586.a(gpio-hal-arch.o)
 .data          0x00000000000350c0       0x78 build/cooja/mtype586.a(buttons.o)
                0x00000000000350c0                simButtonIsActive
                0x0000000000035130                button_hal_buttons
 *fill*         0x0000000000035138        0x8 
 .data          0x0000000000035140       0x44 build/cooja/mtype586.a(res_humidity.o)
                0x0000000000035140                humidity
                0x0000000000035144                last_humidity
                0x0000000000035160                res_humidity
 .data          0x0000000000035184        0x0 build/cooja/mtype586.a(coap-blocking-a)
 .data          0x0000000000035184        0x8 build/cooja/mtype586.a(coap-engine.o)
 *fill*         0x000000000003518c       0x14 
 .data          0x00000000000351a0       0x24 build/cooja/mtype586.a(coap-res-well-k)
                0x00000000000351a0                res_well_known_core
 .data          0x00000000000351c4       0x10 build/cooja/mtype586.a(coap-observe.o)
 .data          0x00000000000351d4       0x10 build/cooja/mtype586.a(coap-transactio)
 .data          0x00000000000351e4       0x10 build/cooja/mtype586.a(coap-uip.o)
                0x00000000000351e4                coap_engine
 .data          0x00000000000351f4        0x4 build/cooja/mtype586.a(coap-timer.o)
 .data          0x00000000000351f8        0x4 build/cooja/mtype586.a(coap.o)
                0x00000000000351f8                coap_error_message
 .data          0x00000000000351fc        0x0 build/cooja/mtype586.a(contiki-main.o)
 .data          0x00000000000351fc        0x0 build/cooja/mtype586.a(autostart.o)
 .data          0x00000000000351fc       0x14 build/cooja/mtype586.a(ctimer.o)
                0x0000000000035200                ctimer_process
 .data          0x0000000000035210        0x0 build/cooja/mtype586.a(energest.o)
 .data          0x0000000000035210       0x10 build/cooja/mtype586.a(etimer.o)
                0x0000000000035210                etimer_process
 .data          0x0000000000035220       0xbc build/cooja/mtype586.a(log.o)
                0x0000000000035220                curr_log_level_main
                0x0000000000035240                all_modules
 .data          0x00000000000352dc        0x0 build/cooja/mtype586.a(rtimer.o)
 .data          0x00000000000352dc        0x0 build/cooja/mtype586.a(node-id.o)
 .data          0x00000000000352dc        0x0 build/cooja/mtype586.a(process.o)
 .data          0x00000000000352dc        0x0 build/cooja/mtype586.a(timer.o)
 .data          0x00000000000352dc        0x0 build/cooja/mtype586.a(list.o)
 .data          0x00000000000352dc        0x0 build/cooja/mtype586.a(memb.o)
 .data          0x00000000000352dc       0x10 build/cooja/mtype586.a(button-hal.o)
                0x00000000000352dc                button_hal_process
 .data          0x00000000000352ec       0x10 build/cooja/mtype586.a(serial-line.o)
                0x00000000000352ec                serial_line_process
 .data          0x00000000000352fc        0x4 build/cooja/mtype586.a(gpio-hal.o)
 .data          0x0000000000035300       0x18 build/cooja/mtype586.a(queuebuf.o)
 .data          0x0000000000035318        0x4 build/cooja/mtype586.a(packetbuf.o)
 .data          0x000000000003531c        0x4 build/cooja/mtype586.a(netstack.o)
 .data          0x0000000000035320        0x0 build/cooja/mtype586.a(linkaddr.o)
 .data          0x0000000000035320        0x0 build/cooja/mtype586.a(csma.o)
 .data          0x0000000000035320       0x28 build/cooja/mtype586.a(csma-output.o)
 .data          0x0000000000035348        0x0 build/cooja/mtype586.a(uip-ds6.o)
 .data          0x0000000000035348       0x10 build/cooja/mtype586.a(tcpip.o)
                0x0000000000035348                tcpip_process
 .data          0x0000000000035358        0x0 build/cooja/mtype586.a(uip-udp-packet.)
 .data          0x0000000000035358       0x44 build/cooja/mtype586.a(uip-ds6-route.o)
                0x0000000000035368                nbr_routes
 .data          0x000000000003539c       0x14 build/cooja/mtype586.a(uip-ds6-nbr.o)
 .data          0x00000000000353b0        0x0 build/cooja/mtype586.a(uip6.o)
 .data          0x00000000000353b0        0xc build/cooja/mtype586.a(uip-nd6.o)
 .data          0x00000000000353bc        0x0 build/cooja/mtype586.a(sicslowpan.o)
 .data          0x00000000000353bc        0x0 build/cooja/mtype586.a(uiplib.o)
 .data          0x00000000000353bc        0x0 build/cooja/mtype586.a(rpl.o)
 .data          0x00000000000353bc       0x30 build/cooja/mtype586.a(rpl-icmp6.o)
 .data          0x00000000000353ec        0x0 build/cooja/mtype586.a(rpl-dag-root.o)
 .data          0x00000000000353ec        0x0 build/cooja/mtype586.a(watchdog.o)
 .data          0x00000000000353ec        0x0 build/cooja/mtype586.a(int-master.o)
 .data          0x00000000000353ec       0x10 build/cooja/mtype586.a(coap-timer-defa)
                0x00000000000353ec                coap_timer_process
 .data          0x00000000000353fc        0x0 build/cooja/mtype586.a(stimer.o)
 .data          0x00000000000353fc        0x0 build/cooja/mtype586.a(ringbuf.o)
 .data          0x00000000000353fc        0x0 build/cooja/mtype586.a(assert.o)
 .data          0x00000000000353fc       0x10 build/cooja/mtype586.a(nbr-table.o)
 .data          0x000000000003540c       0x14 build/cooja/mtype586.a(link-stats.o)
 .data          0x0000000000035420        0x0 build/cooja/mtype586.a(mac-sequence.o)
 .data          0x0000000000035420        0x0 build/cooja/mtype586.a(mac.o)
 .data          0x0000000000035420        0x0 build/cooja/mtype586.a(framer-802154.o)
 .data          0x0000000000035420        0x2 build/cooja/mtype586.a(frame802154.o)
 .data          0x0000000000035422        0x0 build/cooja/mtype586.a(csma-security.o)
 .data          0x0000000000035422        0x0 build/cooja/mtype586.a(uipbuf.o)
 *fill*         0x0000000000035422        0x2 
 .data          0x0000000000035424       0x20 build/cooja/mtype586.a(uip-icmp6.o)
 .data          0x0000000000035444       0x10 build/cooja/mtype586.a(uip-sr.o)
 .data          0x0000000000035454        0xc build/cooja/mtype586.a(uip-packetqueue)
 .data          0x0000000000035460        0x0 build/cooja/mtype586.a(rpl-nbr-policy.)
 .data          0x0000000000035460       0x14 build/cooja/mtype586.a(rpl-neighbor.o)
                0x0000000000035470                rpl_neighbors
 .data          0x0000000000035474        0x0 build/cooja/mtype586.a(rpl-dag.o)
 .data          0x0000000000035474        0x0 build/cooja/mtype586.a(rpl-timers.o)
 .data          0x0000000000035474        0x0 build/cooja/mtype586.a(rpl-ext-header.)
 *fill*         0x0000000000035474        0xc 
 .data          0x0000000000035480       0x24 build/cooja/mtype586.a(rpl-mrhof.o)
                0x0000000000035480                rpl_mrhof
 .data          0x00000000000354a4        0x0 /usr/lib/gcc/i686-linux-gnu/5/libgcc.a(_udivdi3.o)
 .data          0x00000000000354a4        0x0 /usr/lib/gcc/i686-linux-gnu/5/crtendS.o
 .data          0x00000000000354a4        0x0 /usr/lib/gcc/i686-linux-gnu/5/../../../i386-linux-gnu/crtn.o

.tm_clone_table
                0x00000000000354a4        0x0
 .tm_clone_table
                0x00000000000354a4        0x0 /usr/lib/gcc/i686-linux-gnu/5/crtbeginS.o
 .tm_clone_table
                0x00000000000354a4        0x0 /usr/lib/gcc/i686-linux-gnu/5/crtendS.o

.data1
 *(.data1)
                0x00000000000354a4                _edata = .
                [!provide]                        PROVIDE (edata, .)
                0x00000000000354a4                . = .
                0x00000000000354a4                __bss_start = .

.bss            0x00000000000354c0     0xf264
 *(.dynbss)
 .dynbss        0x00000000000354c0        0x0 /usr/lib/gcc/i686-linux-gnu/5/../../../i386-linux-gnu/crti.o
 *(.bss .bss.* .gnu.linkonce.b.*)
 .bss           0x00000000000354c0        0x0 /usr/lib/gcc/i686-linux-gnu/5/../../../i386-linux-gnu/crti.o
 .bss           0x00000000000354c0        0x1 /usr/lib/gcc/i686-linux-gnu/5/crtbeginS.o
 *fill*         0x00000000000354c1       0x1f 
 .bss           0x00000000000354e0      0x11c humidity_sensor.o
 *fill*         0x00000000000355fc        0x4 
 .bss           0x0000000000035600     0x2030 build/cooja/mtype586.o
 .bss           0x0000000000037630        0x1 build/cooja/mtype586.a(simEnvChange.o)
                0x0000000000037630                simDontFallAsleep
 *fill*         0x0000000000037631        0x3 
 .bss           0x0000000000037634        0x4 build/cooja/mtype586.a(cooja_mt.o)
 .bss           0x0000000000037638        0x4 build/cooja/mtype586.a(cooja_mtarch.o)
 .bss           0x000000000003763c        0x0 build/cooja/mtype586.a(rtimer-arch.o)
 .bss           0x000000000003763c        0x0 build/cooja/mtype586.a(beep.o)
 .bss           0x000000000003763c        0x1 build/cooja/mtype586.a(leds-arch.o)
                0x000000000003763c                simLedsValue
 .bss           0x000000000003763d        0x0 build/cooja/mtype586.a(moteid.o)
 .bss           0x000000000003763d        0x1 build/cooja/mtype586.a(pir-sensor.o)
                0x000000000003763d                simPirValue
 *fill*         0x000000000003763e        0x2 
 .bss           0x0000000000037640        0x4 build/cooja/mtype586.a(rs232.o)
 .bss           0x0000000000037644        0x1 build/cooja/mtype586.a(vib-sensor.o)
                0x0000000000037644                simVibValue
 .bss           0x0000000000037645        0x0 build/cooja/mtype586.a(clock.o)
 *fill*         0x0000000000037645       0x1b 
 .bss           0x0000000000037660     0x2020 build/cooja/mtype586.a(cooja-log.o)
 .bss           0x0000000000039680      0xfc0 build/cooja/mtype586.a(cfs-cooja.o)
                0x0000000000039680                simCFSData
                0x000000000003a620                simCFSSize
                0x000000000003a624                simCFSChanged
                0x000000000003a628                simCFSRead
                0x000000000003a62c                simCFSWritten
 .bss           0x000000000003a640       0x24 build/cooja/mtype586.a(cooja-radio.o)
                0x000000000003a640                simReceiving
                0x000000000003a644                simInSize
                0x000000000003a648                simLastPacketTimestamp
                0x000000000003a650                simOutSize
 .bss           0x000000000003a664        0xc build/cooja/mtype586.a(eeprom.o)
                0x000000000003a664                simEEPROMChanged
                0x000000000003a668                simEEPROMRead
                0x000000000003a66c                simEEPROMWritten
 .bss           0x000000000003a670        0x0 build/cooja/mtype586.a(random.o)
 .bss           0x000000000003a670        0xc build/cooja/mtype586.a(sensors.o)
 .bss           0x000000000003a67c        0x0 build/cooja/mtype586.a(leds.o)
 .bss           0x000000000003a67c       0x24 build/cooja/mtype586.a(gpio-hal-arch.o)
 .bss           0x000000000003a6a0        0x0 build/cooja/mtype586.a(buttons.o)
 .bss           0x000000000003a6a0        0x0 build/cooja/mtype586.a(res_humidity.o)
 .bss           0x000000000003a6a0        0x0 build/cooja/mtype586.a(coap-blocking-a)
 .bss           0x000000000003a6a0      0x190 build/cooja/mtype586.a(coap-engine.o)
 .bss           0x000000000003a830        0x0 build/cooja/mtype586.a(coap-res-well-k)
 *fill*         0x000000000003a830       0x10 
 .bss           0x000000000003a840      0x120 build/cooja/mtype586.a(coap-observe.o)
 .bss           0x000000000003a960      0x334 build/cooja/mtype586.a(coap-transactio)
 .bss           0x000000000003ac94       0x18 build/cooja/mtype586.a(coap-uip.o)
 .bss           0x000000000003acac        0x5 build/cooja/mtype586.a(coap-timer.o)
 *fill*         0x000000000003acb1        0x3 
 .bss           0x000000000003acb4        0x6 build/cooja/mtype586.a(coap.o)
                0x000000000003acb4                coap_status_code
 .bss           0x000000000003acba        0x0 build/cooja/mtype586.a(contiki-main.o)
 .bss           0x000000000003acba        0x0 build/cooja/mtype586.a(autostart.o)
 *fill*         0x000000000003acba        0x2 
 .bss           0x000000000003acbc        0x5 build/cooja/mtype586.a(ctimer.o)
 .bss           0x000000000003acc1        0x0 build/cooja/mtype586.a(energest.o)
 *fill*         0x000000000003acc1        0x3 
 .bss           0x000000000003acc4        0x8 build/cooja/mtype586.a(etimer.o)
 .bss           0x000000000003accc       0x2c build/cooja/mtype586.a(log.o)
                0x000000000003accc                curr_log_level_rpl
                0x000000000003acd0                curr_log_level_tcpip
                0x000000000003acd4                curr_log_level_ipv6
                0x000000000003acd8                curr_log_level_6lowpan
                0x000000000003acdc                curr_log_level_nullnet
                0x000000000003ace0                curr_log_level_mac
                0x000000000003ace4                curr_log_level_framer
                0x000000000003ace8                curr_log_level_6top
                0x000000000003acec                curr_log_level_coap
                0x000000000003acf0                curr_log_level_snmp
                0x000000000003acf4                curr_log_level_lwm2m
 .bss           0x000000000003acf8        0x4 build/cooja/mtype586.a(rtimer.o)
 .bss           0x000000000003acfc        0x2 build/cooja/mtype586.a(node-id.o)
                0x000000000003acfc                node_id
 *fill*         0x000000000003acfe        0x2 
 .bss           0x000000000003ad00      0x1a1 build/cooja/mtype586.a(process.o)
                0x000000000003ad00                process_list
                0x000000000003ad04                process_current
 .bss           0x000000000003aea1        0x0 build/cooja/mtype586.a(timer.o)
 .bss           0x000000000003aea1        0x0 build/cooja/mtype586.a(list.o)
 .bss           0x000000000003aea1        0x0 build/cooja/mtype586.a(memb.o)
 *fill*         0x000000000003aea1        0x3 
 .bss           0x000000000003aea4       0x10 build/cooja/mtype586.a(button-hal.o)
 *fill*         0x000000000003aeb4        0xc 
 .bss           0x000000000003aec0      0x140 build/cooja/mtype586.a(serial-line.o)
 .bss           0x000000000003b000        0x4 build/cooja/mtype586.a(gpio-hal.o)
 *fill*         0x000000000003b004       0x1c 
 .bss           0x000000000003b020     0x2c80 build/cooja/mtype586.a(queuebuf.o)
 .bss           0x000000000003dca0       0xa0 build/cooja/mtype586.a(packetbuf.o)
 .bss           0x000000000003dd40        0x4 build/cooja/mtype586.a(netstack.o)
 .bss           0x000000000003dd44        0x0 build/cooja/mtype586.a(linkaddr.o)
 .bss           0x000000000003dd44        0x0 build/cooja/mtype586.a(csma.o)
 *fill*         0x000000000003dd44       0x1c 
 .bss           0x000000000003dd60      0x726 build/cooja/mtype586.a(csma-output.o)
 *fill*         0x000000000003e486        0x2 
 .bss           0x000000000003e488       0x30 build/cooja/mtype586.a(uip-ds6.o)
 .bss           0x000000000003e4b8       0x10 build/cooja/mtype586.a(tcpip.o)
 .bss           0x000000000003e4c8        0x0 build/cooja/mtype586.a(uip-udp-packet.)
 *fill*         0x000000000003e4c8       0x18 
 .bss           0x000000000003e4e0      0x2a4 build/cooja/mtype586.a(uip-ds6-route.o)
 *fill*         0x000000000003e784       0x1c 
 .bss           0x000000000003e7a0       0xf0 build/cooja/mtype586.a(uip-ds6-nbr.o)
 .bss           0x000000000003e890        0x8 build/cooja/mtype586.a(uip6.o)
                0x000000000003e890                uip_ext_bitmap
                0x000000000003e892                uip_ext_len
                0x000000000003e894                uip_last_proto
 .bss           0x000000000003e898       0x10 build/cooja/mtype586.a(uip-nd6.o)
 *fill*         0x000000000003e8a8       0x18 
 .bss           0x000000000003e8c0      0x724 build/cooja/mtype586.a(sicslowpan.o)
 .bss           0x000000000003efe4        0x0 build/cooja/mtype586.a(uiplib.o)
 .bss           0x000000000003efe4        0x1 build/cooja/mtype586.a(rpl.o)