Archive member included to satisfy reference by file (symbol)

build/cooja/mtype91.a(simEnvChange.o)
                              build/cooja/mtype91.o (simDontFallAsleep)
build/cooja/mtype91.a(cooja_mt.o)
                              build/cooja/mtype91.o (cooja_mt_start)
build/cooja/mtype91.a(cooja_mtarch.o)
                              build/cooja/mtype91.a(cooja_mt.o) (cooja_mtarch_start)
build/cooja/mtype91.a(rtimer-arch.o)
                              build/cooja/mtype91.o (rtimer_arch_check)
build/cooja/mtype91.a(beep.o)
                              build/cooja/mtype91.o (beep_interface)
build/cooja/mtype91.a(leds-arch.o)
                              build/cooja/mtype91.o (leds_interface)
build/cooja/mtype91.a(moteid.o)
                              build/cooja/mtype91.o (moteid_interface)
build/cooja/mtype91.a(pir-sensor.o)
                              build/cooja/mtype91.o (pir_interface)
build/cooja/mtype91.a(rs232.o)
                              build/cooja/mtype91.o (rs232_interface)
build/cooja/mtype91.a(vib-sensor.o)
                              build/cooja/mtype91.o (vib_interface)
build/cooja/mtype91.a(clock.o)
                              build/cooja/mtype91.o (clock_interface)
build/cooja/mtype91.a(cooja-log.o)
                              build/cooja/mtype91.o (simlog_interface)
build/cooja/mtype91.a(cfs-cooja.o)
                              build/cooja/mtype91.o (cfs_interface)
build/cooja/mtype91.a(cooja-radio.o)
                              build/cooja/mtype91.o (radio_interface)
build/cooja/mtype91.a(eeprom.o)
                              build/cooja/mtype91.o (eeprom_interface)
build/cooja/mtype91.a(random.o)
                              build/cooja/mtype91.a(moteid.o) (random_init)
build/cooja/mtype91.a(sensors.o)
                              build/cooja/mtype91.a(pir-sensor.o) (sensors_changed)
build/cooja/mtype91.a(leds.o)
                              build/cooja/mtype91.a(leds-arch.o) (leds_get)
build/cooja/mtype91.a(gpio-hal-arch.o)
                              build/cooja/mtype91.a(leds-arch.o) (gpio_hal_arch_register_pin_callback)
build/cooja/mtype91.a(buttons.o)
                              build/cooja/mtype91.o (button_interface)
build/cooja/mtype91.a(res_humidity.o)
                              humidity_sensor.o (humidity)
build/cooja/mtype91.a(coap-blocking-a)
                              humidity_sensor.o (coap_blocking_request)
build/cooja/mtype91.a(coap-engine.o)
                              humidity_sensor.o (coap_activate_resource)
build/cooja/mtype91.a(coap-res-well-k)
                              build/cooja/mtype91.a(coap-engine.o) (res_well_known_core)
build/cooja/mtype91.a(coap-observe.o)
                              build/cooja/mtype91.a(coap-engine.o) (coap_remove_observer_by_mid)
build/cooja/mtype91.a(coap-transactio)
                              build/cooja/mtype91.a(coap-blocking-a) (coap_send_transaction)
build/cooja/mtype91.a(coap-uip.o)
                              build/cooja/mtype91.a(coap-observe.o) (coap_endpoint_copy)
build/cooja/mtype91.a(coap-timer.o)
                              build/cooja/mtype91.a(coap-transactio) (coap_timer_stop)
build/cooja/mtype91.a(coap.o)
                              build/cooja/mtype91.a(coap-engine.o) (coap_status_code)
build/cooja/mtype91.a(contiki-main.o)
                              build/cooja/mtype91.o (main)
build/cooja/mtype91.a(autostart.o)
                              build/cooja/mtype91.a(contiki-main.o) (autostart_start)
build/cooja/mtype91.a(ctimer.o)
                              build/cooja/mtype91.a(contiki-main.o) (ctimer_init)
build/cooja/mtype91.a(energest.o)
                              build/cooja/mtype91.a(contiki-main.o) (energest_init)
build/cooja/mtype91.a(etimer.o)
                              build/cooja/mtype91.a(contiki-main.o) (etimer_process)
build/cooja/mtype91.a(log.o)  build/cooja/mtype91.a(contiki-main.o) (curr_log_level_main)
build/cooja/mtype91.a(rtimer.o)
                              build/cooja/mtype91.a(contiki-main.o) (rtimer_init)
build/cooja/mtype91.a(node-id.o)
                              build/cooja/mtype91.a(contiki-main.o) (node_id)
build/cooja/mtype91.a(process.o)
                              build/cooja/mtype91.a(coap-blocking-a) (process_current)
build/cooja/mtype91.a(timer.o)
                              build/cooja/mtype91.a(etimer.o) (timer_set)
build/cooja/mtype91.a(list.o)
                              build/cooja/mtype91.a(coap-engine.o) (list_init)
build/cooja/mtype91.a(memb.o)
                              build/cooja/mtype91.a(coap-observe.o) (memb_alloc)
build/cooja/mtype91.a(button-hal.o)
                              build/cooja/mtype91.o (button_hal_init)
build/cooja/mtype91.a(serial-line.o)
                              build/cooja/mtype91.a(rs232.o) (serial_line_input_byte)
build/cooja/mtype91.a(gpio-hal.o)
                              build/cooja/mtype91.a(button-hal.o) (gpio_hal_register_handler)
[...]
Memory Configuration

Name             Origin             Length             Attributes
*default*        0x0000000000000000 0xffffffffffffffff

Linker script and memory map

LOAD /usr/lib/gcc/i686-linux-gnu/5/../../../i386-linux-gnu/crti.o
LOAD /usr/lib/gcc/i686-linux-gnu/5/crtbeginS.o
LOAD humidity_sensor.o
LOAD build/cooja/mtype91.o
LOAD build/cooja/mtype91.a
LOAD /usr/lib/gcc/i686-linux-gnu/5/libgcc.a
LOAD /usr/lib/gcc/i686-linux-gnu/5/libgcc_s.so
LOAD /usr/lib/gcc/i686-linux-gnu/5/../../../i386-linux-gnu/libc.so
START GROUP
LOAD /lib/i386-linux-gnu/libc.so.6
LOAD /usr/lib/i386-linux-gnu/libc_nonshared.a
LOAD /lib/i386-linux-gnu/ld-linux.so.2
END GROUP
LOAD /usr/lib/gcc/i686-linux-gnu/5/libgcc.a
LOAD /usr/lib/gcc/i686-linux-gnu/5/libgcc_s.so
LOAD /usr/lib/gcc/i686-linux-gnu/5/crtendS.o
LOAD /usr/lib/gcc/i686-linux-gnu/5/../../../i386-linux-gnu/crtn.o
                0x0000000000000114                . = (0x0 + SIZEOF_HEADERS)

.note.gnu.build-id
                0x0000000000000114       0x24
 *(.note.gnu.build-id)
 .note.gnu.build-id
                0x0000000000000114       0x24 /usr/lib/gcc/i686-linux-gnu/5/../../../i386-linux-gnu/crti.o

.hash
 *(.hash)

.gnu.hash       0x0000000000000138     0x15a4
 *(.gnu.hash)
 .gnu.hash      0x0000000000000138     0x15a4 /usr/lib/gcc/i686-linux-gnu/5/../../../i386-linux-gnu/crti.o

.dynsym         0x00000000000016dc     0x2f10
 *(.dynsym)
 .dynsym        0x00000000000016dc     0x2f10 /usr/lib/gcc/i686-linux-gnu/5/../../../i386-linux-gnu/crti.o

.dynstr         0x00000000000045ec     0x36c7
 *(.dynstr)
 .dynstr        0x00000000000045ec     0x36c7 /usr/lib/gcc/i686-linux-gnu/5/../../../i386-linux-gnu/crti.o

.gnu.version    0x0000000000007cb4      0x5e2
 *(.gnu.version)
 .gnu.version   0x0000000000007cb4      0x5e2 /usr/lib/gcc/i686-linux-gnu/5/../../../i386-linux-gnu/crti.o

.gnu.version_d  0x0000000000008298        0x0
 *(.gnu.version_d)
 .gnu.version_d
                0x0000000000008298        0x0 /usr/lib/gcc/i686-linux-gnu/5/../../../i386-linux-gnu/crti.o

.gnu.version_r  0x0000000000008298       0x40
 *(.gnu.version_r)
 .gnu.version_r
                0x0000000000008298       0x40 /usr/lib/gcc/i686-linux-gnu/5/../../../i386-linux-gnu/crti.o

.rel.dyn        0x00000000000082d8     0x93d8
 *(.rel.init)
 .rel.init      0x00000000000082d8        0x0 /usr/lib/gcc/i686-linux-gnu/5/../../../i386-linux-gnu/crti.o
 *(.rel.text .rel.text.* .rel.gnu.linkonce.t.*)
 .rel.text      0x00000000000082d8     0x89e8 /usr/lib/gcc/i686-linux-gnu/5/../../../i386-linux-gnu/crti.o
 *(.rel.fini)
 .rel.fini      0x0000000000010cc0        0x0 /usr/lib/gcc/i686-linux-gnu/5/../../../i386-linux-gnu/crti.o
 *(.rel.rodata .rel.rodata.* .rel.gnu.linkonce.r.*)
 .rel.rodata    0x0000000000010cc0      0x588 /usr/lib/gcc/i686-linux-gnu/5/../../../i386-linux-gnu/crti.o
 *(.rel.data.rel.ro .rel.data.rel.ro.* .rel.gnu.linkonce.d.rel.ro.*)
 *(.rel.data .rel.data.* .rel.gnu.linkonce.d.*)
 .rel.data.rel.local
                0x0000000000011248        0x8 /usr/lib/gcc/i686-linux-gnu/5/../../../i386-linux-gnu/crti.o
 .rel.data      0x0000000000011250      0x428 /usr/lib/gcc/i686-linux-gnu/5/../../../i386-linux-gnu/crti.o
 *(.rel.tdata .rel.tdata.* .rel.gnu.linkonce.td.*)
 *(.rel.tbss .rel.tbss.* .rel.gnu.linkonce.tb.*)
 *(.rel.ctors)
 *(.rel.dtors)
 *(.rel.got)
 .rel.got       0x0000000000011678       0x28 /usr/lib/gcc/i686-linux-gnu/5/../../../i386-linux-gnu/crti.o
 *(.rel.bss .rel.bss.* .rel.gnu.linkonce.b.*)
 *(.rel.ifunc)
 .rel.ifunc     0x00000000000116a0        0x0 /usr/lib/gcc/i686-linux-gnu/5/../../../i386-linux-gnu/crti.o
 .rel.fini_array
                0x00000000000116a0        0x8 /usr/lib/gcc/i686-linux-gnu/5/../../../i386-linux-gnu/crti.o
 .rel.init_array
                0x00000000000116a8        0x8 /usr/lib/gcc/i686-linux-gnu/5/../../../i386-linux-gnu/crti.o

.rel.plt        0x00000000000116b0        0x0
 *(.rel.plt)
 .rel.plt       0x00000000000116b0        0x0 /usr/lib/gcc/i686-linux-gnu/5/../../../i386-linux-gnu/crti.o
 *(.rel.iplt)

.init           0x00000000000116b0       0x23
 *(SORT(.init))
 .init          0x00000000000116b0       0x1e /usr/lib/gcc/i686-linux-gnu/5/../../../i386-linux-gnu/crti.o
                0x00000000000116b0                _init
 .init          0x00000000000116ce        0x5 /usr/lib/gcc/i686-linux-gnu/5/../../../i386-linux-gnu/crtn.o

.plt            0x00000000000116e0       0x10
 *(.plt)
 .plt           0x00000000000116e0       0x10 /usr/lib/gcc/i686-linux-gnu/5/../../../i386-linux-gnu/crti.o
 *(.iplt)

.plt.got        0x00000000000116f0       0x10
 *(.plt.got)
 .plt.got       0x00000000000116f0       0x10 /usr/lib/gcc/i686-linux-gnu/5/../../../i386-linux-gnu/crti.o

.text           0x0000000000011700    0x18cf2
 *(.text.unlikely .text.*_unlikely .text.unlikely.*)
 .text.unlikely
                0x0000000000011700        0x0 /usr/lib/gcc/i686-linux-gnu/5/crtbeginS.o
 .text.unlikely
                0x0000000000011700        0x0 /usr/lib/gcc/i686-linux-gnu/5/libgcc.a(_udivdi3.o)
 *(.text.exit .text.exit.*)
 *(.text.startup .text.startup.*)
 *(.text.hot .text.hot.*)
 *(.text .stub .text.* .gnu.linkonce.t.*)
 .text          0x0000000000011700        0x0 /usr/lib/gcc/i686-linux-gnu/5/../../../i386-linux-gnu/crti.o
 .gnu.linkonce.t.__x86.get_pc_thunk.bx
                0x0000000000011700        0x4 /usr/lib/gcc/i686-linux-gnu/5/../../../i386-linux-gnu/crti.o
                0x0000000000011700                __x86.get_pc_thunk.bx
 *fill*         0x0000000000011704        0xc 
 .text          0x0000000000011710      0x11c /usr/lib/gcc/i686-linux-gnu/5/crtbeginS.o
 .text.__x86.get_pc_thunk.dx
                0x000000000001182c        0x4 /usr/lib/gcc/i686-linux-gnu/5/crtbeginS.o
                0x000000000001182c                __x86.get_pc_thunk.dx
 .text          0x0000000000011830      0x3fe humidity_sensor.o
 .text          0x0000000000011c2e      0x283 build/cooja/mtype91.o
                0x0000000000011cc0                platform_init_stage_one
                0x0000000000011cd3                platform_init_stage_two
                0x0000000000011ce6                platform_init_stage_three
                0x0000000000011cf9                platform_main_loop
                0x0000000000011d6c                Java_org_contikios_cooja_corecomm_Lib22_init
                0x0000000000011da3                Java_org_contikios_cooja_corecomm_Lib22_getMemory
                0x0000000000011dd6                Java_org_contikios_cooja_corecomm_Lib22_setMemory
                0x0000000000011e36                Java_org_contikios_cooja_corecomm_Lib22_tick
                0x0000000000011e9e                Java_org_contikios_cooja_corecomm_Lib22_setReferenceAddress
 .text          0x0000000000011eb1       0x65 build/cooja/mtype91.a(simEnvChange.o)
                0x0000000000011eb1                doActionsBeforeTick
                0x0000000000011ee3                doActionsAfterTick
 .text          0x0000000000011f16       0x83 build/cooja/mtype91.a(cooja_mt.o)
                0x0000000000011f16                cooja_mt_start
                0x0000000000011f40                cooja_mt_exec
                0x0000000000011f76                cooja_mt_yield
 .text          0x0000000000011f99       0xbe build/cooja/mtype91.a(cooja_mtarch.o)
                0x0000000000011f99                cooja_mtarch_start
                0x000000000001200c                cooja_sw
                0x000000000001202f                cooja_mtarch_exec
                0x000000000001204c                cooja_mtarch_yield
 .text          0x0000000000012057       0xc5 build/cooja/mtype91.a(rtimer-arch.o)
                0x0000000000012057                rtimer_arch_init
                0x000000000001207b                rtimer_arch_schedule
                0x00000000000120ab                rtimer_arch_next
                0x00000000000120bb                rtimer_arch_pending
                0x00000000000120c5                rtimer_arch_check
                0x000000000001210c                rtimer_arch_now
 .text          0x000000000001211c       0x81 build/cooja/mtype91.a(beep.o)
                0x000000000001211c                beep_alarm
                0x0000000000012129                beep_beep
                0x0000000000012136                beep
                0x0000000000012143                beep_down
                0x0000000000012150                beep_on
                0x000000000001215d                beep_off
                0x000000000001216a                beep_spinup
                0x0000000000012177                beep_quick
                0x0000000000012184                beep_long
 .text          0x000000000001219d       0x65 build/cooja/mtype91.a(leds-arch.o)
                0x00000000000121b0                leds_arch_init
 .text          0x0000000000012202       0x35 build/cooja/mtype91.a(moteid.o)
 .text          0x0000000000012237       0xb7 build/cooja/mtype91.a(pir-sensor.o)
 .text          0x00000000000122ee      0x148 build/cooja/mtype91.a(rs232.o)
                0x00000000000122ee                rs232_init
                0x00000000000122f4                rs232_set_speed
                0x0000000000012303                rs232_set_input
                0x0000000000012311                rs232_send
                0x0000000000012335                rs232_print
                0x0000000000012351                slip_arch_writeb
 .text          0x0000000000012436       0xb7 build/cooja/mtype91.a(vib-sensor.o)
 .text          0x00000000000124ed       0x38 build/cooja/mtype91.a(clock.o)
                0x00000000000124ed                clock_init
                0x00000000000124f3                clock_time
                0x00000000000124fd                clock_seconds
                0x0000000000012513                clock_delay
 .text          0x0000000000012525      0x219 build/cooja/mtype91.a(cooja-log.o)
                0x0000000000012525                simlog_char
                0x0000000000012568                simlog
                0x00000000000125de                log_message
                0x000000000001260f                log_set_putchar_with_slip
                0x000000000001261d                log_putchar
                0x0000000000012698                log_puts
                0x00000000000126c0                log_printf
 .text          0x000000000001273e      0x2b9 build/cooja/mtype91.a(cfs-cooja.o)
                0x000000000001273e                cfs_open
                0x00000000000127a7                cfs_close
                0x00000000000127b4                cfs_read
                0x0000000000012849                cfs_write
                0x0000000000012925                cfs_seek
                0x00000000000129ad                cfs_remove
                0x00000000000129d1                cfs_opendir
                0x00000000000129db                cfs_readdir
                0x00000000000129e5                cfs_closedir
 .text          0x00000000000129f7      0x620 build/cooja/mtype91.a(cooja-radio.o)
                0x0000000000012a39                radio_set_channel
                0x0000000000012a47                radio_set_txpower
                0x0000000000012a5f                radio_signal_strength_last
                0x0000000000012a69                radio_signal_strength_current
                0x0000000000012a73                radio_LQI
 .text          0x0000000000013017       0xee build/cooja/mtype91.a(eeprom.o)
                0x0000000000013017                eeprom_init
                0x000000000001301d                eeprom_read
                0x000000000001308b                eeprom_write
 .text          0x0000000000013105       0x2d build/cooja/mtype91.a(random.o)
                0x0000000000013105                random_init
                0x0000000000013125                random_rand
 .text          0x0000000000013132      0x29c build/cooja/mtype91.a(sensors.o)
                0x000000000001316d                sensors_first
                0x0000000000013177                sensors_next
                0x0000000000013191                sensors_changed
                0x00000000000131c5                sensors_find
 .text          0x00000000000133ce      0x349 build/cooja/mtype91.a(leds.o)
                0x00000000000133ce                leds_init
                0x0000000000013415                leds_single_on
                0x0000000000013474                leds_single_off
                0x00000000000134d3                leds_single_toggle
                0x0000000000013505                leds_on
                0x0000000000013587                leds_off
                0x0000000000013609                leds_toggle
                0x000000000001365e                leds_set
                0x000000000001368a                leds_get
 .text          0x0000000000013717      0x343 build/cooja/mtype91.a(gpio-hal-arch.o)
                0x0000000000013717                gpio_hal_arch_register_pin_callback
                0x0000000000013783                gpio_hal_arch_init
                0x00000000000137c8                gpio_hal_arch_no_port_interrupt_enable
                0x00000000000137f8                gpio_hal_arch_no_port_interrupt_disable
                0x0000000000013828                gpio_hal_arch_no_port_pin_cfg_set
                0x000000000001384d                gpio_hal_arch_no_port_pin_cfg_get
                0x0000000000013873                gpio_hal_arch_no_port_pin_set_input
                0x0000000000013885                gpio_hal_arch_no_port_pin_set_output
                0x0000000000013897                gpio_hal_arch_no_port_set_pin
                0x00000000000138b8                gpio_hal_arch_no_port_clear_pin
                0x00000000000138d9                gpio_hal_arch_no_port_read_pin
                0x00000000000138ff                gpio_hal_arch_no_port_write_pin
                0x0000000000013929                gpio_hal_arch_no_port_set_pins
                0x0000000000013970                gpio_hal_arch_no_port_clear_pins
                0x00000000000139b7                gpio_hal_arch_no_port_read_pins
                0x00000000000139fa                gpio_hal_arch_no_port_write_pins
 .text          0x0000000000013a5a       0x89 build/cooja/mtype91.a(buttons.o)
 .text          0x0000000000013ae3      0x157 build/cooja/mtype91.a(res_humidity.o)
 .text          0x0000000000013c3a      0x27b build/cooja/mtype91.a(coap-blocking-a)
                0x0000000000013c3a                coap_blocking_request_callback
                0x0000000000013c64                coap_blocking_request
 .text          0x0000000000013eb5      0xbea build/cooja/mtype91.a(coap-engine.o)
                0x0000000000013f4a                coap_add_handler
                0x0000000000013f67                coap_remove_handler
                0x0000000000013f84                coap_call_handlers
                0x000000000001408c                coap_receive
                0x0000000000014687                coap_engine_init
                0x00000000000146e5                coap_activate_resource
                0x0000000000014790                coap_get_first_resource
                0x00000000000147a9                coap_get_next_resource
 .text          0x0000000000014a9f      0x2d9 build/cooja/mtype91.a(coap-res-well-k)
 .text          0x0000000000014d78      0x96a build/cooja/mtype91.a(coap-observe.o)
                0x0000000000014e8d                coap_remove_observer
                0x0000000000014ebd                coap_remove_observer_by_client
                0x0000000000014f25                coap_remove_observer_by_token
                0x0000000000014fb8                coap_remove_observer_by_uri
                0x000000000001505f                coap_remove_observer_by_mid
                0x00000000000150db                coap_notify_observers
                0x00000000000150f4                coap_notify_observers_sub
                0x000000000001555e                coap_observe_handler
                0x0000000000015679                coap_has_observers
 .text          0x00000000000156e2      0x2c6 build/cooja/mtype91.a(coap-transactio)
                0x0000000000015748                coap_new_transaction
                0x00000000000157ae                coap_send_transaction
                0x000000000001590f                coap_clear_transaction
                0x0000000000015957                coap_get_transaction_by_mid
 .text          0x00000000000159a8      0x733 build/cooja/mtype91.a(coap-uip.o)
                0x00000000000159a8                coap_endpoint_log
                0x0000000000015a2e                coap_endpoint_print
                0x0000000000015ab4                coap_endpoint_snprint
                0x0000000000015be7                coap_endpoint_copy
                0x0000000000015c24                coap_endpoint_cmp
                0x0000000000015d32                coap_endpoint_parse
                0x0000000000015f1d                coap_endpoint_is_secure
                0x0000000000015f2c                coap_endpoint_is_connected
                0x0000000000015f60                coap_endpoint_connect
                0x0000000000015f7c                coap_endpoint_disconnect
                0x0000000000015f82                coap_databuf
                0x0000000000015f8c                coap_transport_init
                0x0000000000015fdc                coap_sendto
 .text          0x00000000000160db      0x324 build/cooja/mtype91.a(coap-timer.o)
                0x00000000000161d8                coap_timer_stop
                0x0000000000016203                coap_timer_set
                0x0000000000016246                coap_timer_reset
                0x0000000000016289                coap_timer_time_to_next_expiration
                0x00000000000162f5                coap_timer_run
                0x00000000000163c1                coap_timer_init
 .text          0x00000000000163ff     0x1c53 build/cooja/mtype91.a(coap.o)
                0x000000000001696c                coap_init_connection
                0x0000000000016980                coap_get_mid
                0x000000000001699c                coap_init_message
                0x00000000000169e5                coap_serialize_message
                0x0000000000017067                coap_parse_message
                0x00000000000176ce                coap_get_query_variable
                0x0000000000017710                coap_get_post_variable
                0x0000000000017754                coap_set_status_code
                0x0000000000017779                coap_set_token
                0x00000000000177c0                coap_get_header_content_format
                0x00000000000177f1                coap_set_header_content_format
                0x0000000000017814                coap_get_header_accept
                0x0000000000017845                coap_set_header_accept
                0x0000000000017868                coap_get_header_max_age
                0x0000000000017899                coap_set_header_max_age
                0x00000000000178b9                coap_get_header_etag
                0x00000000000178eb                coap_set_header_etag
                0x0000000000017942                coap_get_header_if_match
                0x0000000000017974                coap_set_header_if_match
                0x00000000000179cb                coap_get_header_if_none_match
                0x00000000000179e5                coap_set_header_if_none_match
                0x00000000000179fc                coap_get_header_proxy_uri
                0x0000000000017a2a                coap_set_header_proxy_uri
                0x0000000000017a67                coap_get_header_uri_host
                0x0000000000017a95                coap_set_header_uri_host
                0x0000000000017ad2                coap_get_header_uri_path
                0x0000000000017b00                coap_set_header_uri_path
                0x0000000000017b4d                coap_get_header_uri_query
                0x0000000000017b81                coap_set_header_uri_query
                0x0000000000017bd7                coap_get_header_location_path
                0x0000000000017c05                coap_set_header_location_path
                0x0000000000017c9e                coap_get_header_location_query
                0x0000000000017ccc                coap_set_header_location_query
                0x0000000000017d19                coap_get_header_observe
                0x0000000000017d48                coap_set_header_observe
                0x0000000000017d68                coap_get_header_block2
                0x0000000000017dd4                coap_set_header_block2
                0x0000000000017e4b                coap_get_header_block1
                0x0000000000017ec0                coap_set_header_block1
                0x0000000000017f3b                coap_get_header_size2
                0x0000000000017f6b                coap_set_header_size2
                0x0000000000017f8e                coap_get_header_size1
                0x0000000000017fbe                coap_set_header_size1
                0x0000000000017fe1                coap_get_payload
                0x000000000001801b                coap_set_payload
 .text          0x0000000000018052      0x332 build/cooja/mtype91.a(contiki-main.o)
                0x0000000000018052                main
 .text          0x0000000000018384       0x92 build/cooja/mtype91.a(autostart.o)
                0x0000000000018384                autostart_start
                0x00000000000183ce                autostart_exit
 .text          0x0000000000018416      0x355 build/cooja/mtype91.a(ctimer.o)
                0x000000000001853e                ctimer_init
                0x0000000000018571                ctimer_set
                0x0000000000018597                ctimer_set_with_process
                0x0000000000018614                ctimer_reset
                0x0000000000018668                ctimer_restart
                0x00000000000186bc                ctimer_stop
                0x000000000001870c                ctimer_expired
 .text          0x000000000001876b       0x1b build/cooja/mtype91.a(energest.o)
                0x000000000001876b                energest_init
                0x0000000000018771                energest_flush
                0x0000000000018777                energest_get_total_time
 .text          0x0000000000018786      0x43f build/cooja/mtype91.a(etimer.o)
                0x00000000000189aa                etimer_request_poll
                0x0000000000018a33                etimer_set
                0x0000000000018a5c                etimer_reset_with_new_interval
                0x0000000000018a8b                etimer_reset
                0x0000000000018ab1                etimer_restart
                0x0000000000018ad7                etimer_adjust
                0x0000000000018af4                etimer_expired
                0x0000000000018b07                etimer_expiration_time
                0x0000000000018b19                etimer_start_time
                0x0000000000018b23                etimer_pending
                0x0000000000018b35                etimer_next_expiration_time
                0x0000000000018b4f                etimer_stop
 .text          0x0000000000018bc5      0x394 build/cooja/mtype91.a(log.o)
                0x0000000000018bc5                log_6addr
                0x0000000000018c18                log_6addr_compact_snprint
                0x0000000000018cb6                log_6addr_compact
                0x0000000000018d09                log_lladdr
                0x0000000000018d7b                log_lladdr_compact
                0x0000000000018de3                log_set_level
                0x0000000000018e9e                log_get_level
                0x0000000000018f17                log_level_to_str
 .text          0x0000000000018f59       0xeb build/cooja/mtype91.a(rtimer.o)
                0x0000000000018f59                rtimer_init
                0x0000000000018f67                rtimer_set
                0x0000000000018fe2                rtimer_run_next
 .text          0x0000000000019044       0x25 build/cooja/mtype91.a(node-id.o)
                0x0000000000019044                node_id_init
 .text          0x0000000000019069      0x4fb build/cooja/mtype91.a(process.o)
                0x0000000000019069                process_alloc_event
                0x000000000001907e                process_start
                0x0000000000019258                process_exit
                0x0000000000019275                process_init
                0x000000000001940a                process_run
                0x000000000001943d                process_nevents
                0x0000000000019458                process_post
                0x00000000000194eb                process_post_synch
                0x0000000000019520                process_poll
                0x0000000000019550                process_is_running
 .text          0x0000000000019564       0xb1 build/cooja/mtype91.a(timer.o)
                0x0000000000019564                timer_set
                0x0000000000019582                timer_reset
                0x00000000000195af                timer_restart
                0x00000000000195c4                timer_expired
                0x00000000000195f1                timer_remaining
 .text          0x0000000000019615      0x28f build/cooja/mtype91.a(list.o)
                0x0000000000019615                list_init
                0x0000000000019624                list_head
                0x000000000001962e                list_copy
                0x000000000001963e                list_tail
                0x0000000000019674                list_add
                0x00000000000196c0                list_push
                0x00000000000196ec                list_chop
                0x0000000000019756                list_pop
                0x000000000001977e                list_remove
                0x00000000000197e6                list_length
                0x0000000000019814                list_insert
                0x0000000000019859                list_item_next
                0x0000000000019870                list_contains
 .text          0x00000000000198a4      0x1b5 build/cooja/mtype91.a(memb.o)
                0x00000000000198a4                memb_init
                0x00000000000198f9                memb_alloc
                0x000000000001995c                memb_free
                0x00000000000199d3                memb_inmemb
                0x0000000000019a12                memb_numfree
 .text          0x0000000000019a59      0x41c build/cooja/mtype91.a(button-hal.o)
                0x0000000000019bd2                button_hal_get_by_id
                0x0000000000019c10                button_hal_get_by_index
                0x0000000000019c3c                button_hal_get_state
                0x0000000000019c8e                button_hal_init
 .text          0x0000000000019e75      0x1f3 build/cooja/mtype91.a(serial-line.o)
                0x0000000000019e75                serial_line_input_byte
                0x000000000001a033                serial_line_init
 .text          0x000000000001a068      0x168 build/cooja/mtype91.a(gpio-hal.o)
                0x000000000001a068                gpio_hal_register_handler
                0x000000000001a085                gpio_hal_event_handler
                0x000000000001a0e1                gpio_hal_init
                0x000000000001a100                gpio_hal_arch_port_toggle_pin
                0x000000000001a13c                gpio_hal_arch_port_toggle_pins
                0x000000000001a16a                gpio_hal_arch_no_port_toggle_pin
                0x000000000001a1a8                gpio_hal_arch_no_port_toggle_pins
 .text          0x000000000001a1d0      0x2e7 build/cooja/mtype91.a(queuebuf.o)
                0x000000000001a1da                queuebuf_init
                0x000000000001a203                queuebuf_numfree
                0x000000000001a21b                queuebuf_new_from_packetbuf
                0x000000000001a2ba                queuebuf_update_attr_from_packetbuf
                0x000000000001a2ef                queuebuf_update_from_packetbuf
                0x000000000001a33f                queuebuf_free
                0x000000000001a388                queuebuf_to_packetbuf
                0x000000000001a3f4                queuebuf_dataptr
                0x000000000001a42e                queuebuf_datalen
                0x000000000001a451                queuebuf_addr
                0x000000000001a486                queuebuf_attr
                0x000000000001a4b1                queuebuf_debug_print
 .text          0x000000000001a4b7      0x407 build/cooja/mtype91.a(packetbuf.o)
                0x000000000001a4b7                packetbuf_clear
                0x000000000001a4e2                packetbuf_copyfrom
                0x000000000001a531                packetbuf_copyto
                0x000000000001a5c4                packetbuf_hdralloc
                0x000000000001a640                packetbuf_hdrreduce
                0x000000000001a686                packetbuf_set_datalen
                0x000000000001a6a0                packetbuf_dataptr
                0x000000000001a6bd                packetbuf_hdrptr
                0x000000000001a6c7                packetbuf_datalen
                0x000000000001a6d3                packetbuf_hdrlen
                0x000000000001a6ea                packetbuf_totlen
                0x000000000001a700                packetbuf_remaininglen
                0x000000000001a713                packetbuf_attr_clear
                0x000000000001a75f                packetbuf_attr_copyto
                0x000000000001a7b7                packetbuf_attr_copyfrom
                0x000000000001a80f                packetbuf_set_attr
                0x000000000001a839                packetbuf_attr
                0x000000000001a853                packetbuf_set_addr
                0x000000000001a884                packetbuf_addr
                0x000000000001a8a1                packetbuf_holds_broadcast
 .text          0x000000000001a8be       0xef build/cooja/mtype91.a(netstack.o)
                0x000000000001a8be                netstack_process_ip_callback
                0x000000000001a94f                netstack_ip_packet_processor_add
                0x000000000001a972                uip_ds6_ip_packet_processor_rm
                0x000000000001a98f                netstack_init
 .text          0x000000000001a9ad       0x4f build/cooja/mtype91.a(linkaddr.o)
                0x000000000001a9ad                linkaddr_copy
                0x000000000001a9c3                linkaddr_cmp
                0x000000000001a9e6                linkaddr_set_node_addr
 .text          0x000000000001a9fc      0x1f6 build/cooja/mtype91.a(csma.o)
 .text          0x000000000001abf2      0x95d build/cooja/mtype91.a(csma-output.o)
                0x000000000001b289                csma_output_packet
                0x000000000001b516                csma_output_init
 .text          0x000000000001b54f      0xc11 build/cooja/mtype91.a(uip-ds6.o)
                0x000000000001b54f                uip_ds6_default_prefix
                0x000000000001b559                uip_ds6_set_default_prefix
                0x000000000001b584                uip_ds6_init
                0x000000000001b7e6                uip_ds6_periodic
                0x000000000001b86d                uip_ds6_list_loop
                0x000000000001b92d                uip_ds6_prefix_add
                0x000000000001b9d9                uip_ds6_prefix_rm
                0x000000000001b9ec                uip_ds6_prefix_lookup
                0x000000000001ba2b                uip_ds6_is_addr_onlink
                0x000000000001ba9e                uip_ds6_addr_add
                0x000000000001bbbe                uip_ds6_addr_rm
                0x000000000001bc67                uip_ds6_addr_lookup
                0x000000000001bca0                uip_ds6_get_link_local
                0x000000000001bd21                uip_ds6_get_global
                0x000000000001bda2                uip_ds6_maddr_add
                0x000000000001be02                uip_ds6_maddr_rm
                0x000000000001be15                uip_ds6_maddr_lookup
                0x000000000001be4e                uip_ds6_aaddr_add
                0x000000000001beae                uip_ds6_aaddr_rm
                0x000000000001bec1                uip_ds6_aaddr_lookup
                0x000000000001befa                uip_ds6_select_src
                0x000000000001c043                uip_ds6_set_addr_iid
                0x000000000001c06e                uip_ds6_set_lladdr_from_iid
                0x000000000001c097                get_match_length
                0x000000000001c128                uip_ds6_compute_reachable_time
 .text          0x000000000001c160      0x6f7 build/cooja/mtype91.a(tcpip.o)
                0x000000000001c17a                tcpip_output
                0x000000000001c1f9                udp_attach
                0x000000000001c211                udp_new
                0x000000000001c25b                udp_broadcast_new
                0x000000000001c3cd                tcpip_input
                0x000000000001c55d                tcpip_ipv6_output
                0x000000000001c751                tcpip_poll_udp
                0x000000000001c76f                tcpip_uipcall
 .text          0x000000000001c857      0x128 build/cooja/mtype91.a(uip-udp-packet.)
                0x000000000001c857                uip_udp_packet_send
                0x000000000001c8b2                uip_udp_packet_sendto
 .text          0x000000000001c97f      0xa3c build/cooja/mtype91.a(uip-ds6-route.o)
                0x000000000001ca69                uip_ds6_notification_add
                0x000000000001ca9b                uip_ds6_notification_rm
                0x000000000001cab8                uip_ds6_route_init
                0x000000000001cb57                uip_ds6_route_nexthop
                0x000000000001cb86                uip_ds6_route_head
                0x000000000001cb9f                uip_ds6_route_next
                0x000000000001cbc8                uip_ds6_route_is_nexthop
                0x000000000001cc0a                uip_ds6_route_num_routes
                0x000000000001cc14                uip_ds6_route_lookup
                0x000000000001cceb                uip_ds6_route_add
                0x000000000001cf2b                uip_ds6_route_rm
                0x000000000001d0c9                uip_ds6_route_rm_by_nexthop
                0x000000000001d108                uip_ds6_defrt_head
                0x000000000001d121                uip_ds6_defrt_add
                0x000000000001d1e2                uip_ds6_defrt_rm
                0x000000000001d263                uip_ds6_defrt_lookup
                0x000000000001d2ca                uip_ds6_defrt_choose
                0x000000000001d340                uip_ds6_defrt_periodic
 .text          0x000000000001d3bb      0x369 build/cooja/mtype91.a(uip-ds6-nbr.o)
                0x000000000001d3bb                uip_ds6_neighbors_init
                0x000000000001d3df                uip_ds6_nbr_add
                0x000000000001d465                uip_ds6_nbr_rm
                0x000000000001d4b0                uip_ds6_nbr_update_ll
                0x000000000001d59e                uip_ds6_nbr_get_ipaddr
                0x000000000001d5b3                uip_ds6_nbr_get_ll
                0x000000000001d5cf                uip_ds6_nbr_num
                0x000000000001d618                uip_ds6_nbr_head
                0x000000000001d631                uip_ds6_nbr_next
                0x000000000001d64d                uip_ds6_nbr_lookup
                0x000000000001d6a5                uip_ds6_nbr_ll_lookup
                0x000000000001d6c1                uip_ds6_nbr_ipaddr_from_lladdr
                0x000000000001d6ea                uip_ds6_nbr_lladdr_from_ipaddr
                0x000000000001d71e                uip_ds6_link_callback
 .text          0x000000000001d724     0x1205 build/cooja/mtype91.a(uip6.o)
                0x000000000001d7d3                uip_chksum
                0x000000000001d8aa                uip_icmp6chksum
                0x000000000001d8bf                uip_udpchksum
                0x000000000001d8d4                uip_init
                0x000000000001d91d                uip_remove_ext_hdr
                0x000000000001d9f7                uip_udp_new
                0x000000000001dd0b                uip_process
                0x000000000001e803                uip_htons
                0x000000000001e825                uip_htonl
                0x000000000001e863                uip_send
 .text          0x000000000001e929      0x6a7 build/cooja/mtype91.a(uip-nd6.o)
                0x000000000001efb7                uip_nd6_init
 .text          0x000000000001efd0     0x2c17 build/cooja/mtype91.a(sicslowpan.o)
                0x000000000001f5d7                netstack_sniffer_add
                0x000000000001f5e5                netstack_sniffer_remove
                0x0000000000021bbb                sicslowpan_init
                0x0000000000021bdd                sicslowpan_get_last_rssi
 .text          0x0000000000021be7      0x4d1 build/cooja/mtype91.a(uiplib.o)
                0x0000000000021be7                uiplib_ip6addrconv
                0x0000000000021d9f                uiplib_ip4addrconv
                0x0000000000021e62                uiplib_ipaddr_print
                0x0000000000021eb5                uiplib_ipaddr_snprint
 .text          0x00000000000220b8      0x4c9 build/cooja/mtype91.a(rpl.o)
                0x00000000000220b8                rpl_lollipop_greater_than
                0x0000000000022112                rpl_get_global_address
                0x000000000002220a                rpl_link_callback
                0x000000000002224e                rpl_has_joined
                0x0000000000022273                rpl_is_reachable
                0x00000000000222f4                rpl_reset_prefix
                0x000000000002235e                rpl_set_prefix_from_addr
                0x0000000000022443                rpl_set_prefix
                0x000000000002255d                rpl_set_leaf_only
                0x0000000000022575                rpl_get_leaf_only
 .text          0x0000000000022581     0x138c build/cooja/mtype91.a(rpl-icmp6.o)
                0x00000000000226a6                rpl_icmp6_update_nbr_table
                0x000000000002272f                rpl_icmp6_dis_output
                0x0000000000022d75                rpl_icmp6_dio_output
                0x0000000000023573                rpl_icmp6_dao_output
                0x0000000000023854                rpl_icmp6_dao_ack_output
                0x00000000000238c4                rpl_icmp6_init
 .text          0x000000000002390d      0x264 build/cooja/mtype91.a(rpl-dag-root.o)
                0x000000000002390d                rpl_dag_root_print_links
                0x0000000000023a39                rpl_dag_root_set_prefix
                0x0000000000023a65                rpl_dag_root_start
                0x0000000000023b42                rpl_dag_root_is_root
 .text          0x0000000000023b71       0x30 build/cooja/mtype91.a(watchdog.o)
                0x0000000000023b71                watchdog_init
                0x0000000000023b77                watchdog_start
                0x0000000000023b7d                watchdog_periodic
                0x0000000000023b95                watchdog_stop
                0x0000000000023b9b                watchdog_reboot
 .text          0x0000000000023ba1       0x4a build/cooja/mtype91.a(int-master.o)
                0x0000000000023ba1                int_master_enable
                0x0000000000023bb1                int_master_read_and_disable
                0x0000000000023bce                int_master_status_set
                0x0000000000023bdc                int_master_is_enabled
 .text          0x0000000000023beb      0x226 build/cooja/mtype91.a(coap-timer-defa)
 .text          0x0000000000023e11       0xc7 build/cooja/mtype91.a(stimer.o)
                0x0000000000023e11                stimer_set
                0x0000000000023e2f                stimer_reset
                0x0000000000023e5c                stimer_restart
                0x0000000000023e71                stimer_expired
                0x0000000000023e9c                stimer_remaining
                0x0000000000023ec0                stimer_elapsed
 .text          0x0000000000023ed8      0x156 build/cooja/mtype91.a(ringbuf.o)
                0x0000000000023ed8                ringbuf_init
                0x0000000000023f0a                ringbuf_put
                0x0000000000023f88                ringbuf_get
                0x0000000000023ff5                ringbuf_size
                0x0000000000024007                ringbuf_elements
 .text          0x000000000002402e       0x1f build/cooja/mtype91.a(assert.o)
                0x000000000002402e                _xassert
 .text          0x000000000002404d      0x79b build/cooja/mtype91.a(nbr-table.o)
                0x00000000000244c6                nbr_table_register
                0x0000000000024533                nbr_table_is_registered
                0x000000000002456e                nbr_table_head
                0x00000000000245c9                nbr_table_next
                0x000000000002462a                nbr_table_add_lladdr
                0x0000000000024704                nbr_table_get_from_lladdr
                0x0000000000024750                nbr_table_remove
                0x0000000000024788                nbr_table_lock
                0x00000000000247a2                nbr_table_unlock
                0x00000000000247bc                nbr_table_get_lladdr
 .text          0x00000000000247e8      0x3a5 build/cooja/mtype91.a(link-stats.o)
                0x00000000000247e8                link_stats_from_lladdr
                0x0000000000024804                link_stats_get_lladdr
                0x0000000000024820                link_stats_is_fresh
                0x000000000002485c                guess_etx_from_rssi
                0x00000000000248d8                link_stats_packet_sent
                0x00000000000249f8                link_stats_input_callback
                0x0000000000024b08                link_stats_reset
                0x0000000000024b58                link_stats_init
 .text          0x0000000000024b8d      0x187 build/cooja/mtype91.a(mac-sequence.o)
                0x0000000000024b8d                mac_sequence_is_duplicate
                0x0000000000024c2d                mac_sequence_register_seqno
 .text          0x0000000000024d14       0x23 build/cooja/mtype91.a(mac.o)
                0x0000000000024d14                mac_call_sent_callback
 .text          0x0000000000024d37      0x432 build/cooja/mtype91.a(framer-802154.o)
                0x0000000000024ec6                framer_802154_setup_params
 .text          0x0000000000025169      0xb6f build/cooja/mtype91.a(frame802154.o)
                0x000000000002519a                frame802154_get_pan_id
                0x00000000000251a6                frame802154_set_pan_id
                0x00000000000251c0                frame802154_has_panid
                0x000000000002536f                frame802154_check_dest_panid
                0x00000000000253f7                frame802154_is_broadcast_addr
                0x0000000000025444                frame802154_extract_linkaddr
                0x00000000000256a9                frame802154_hdrlen
                0x000000000002571c                frame802154_create_fcf
                0x00000000000257d4                frame802154_create
                0x0000000000025949                frame802154_parse_fcf
                0x0000000000025a2b                frame802154_parse
 .text          0x0000000000025cd8       0x2d build/cooja/mtype91.a(csma-security.o)
                0x0000000000025cd8                csma_security_create_frame
                0x0000000000025cf6                csma_security_parse_frame
 .text          0x0000000000025d05      0x4e4 build/cooja/mtype91.a(uipbuf.o)
                0x0000000000025d05                uipbuf_clear
                0x0000000000025d2c                uipbuf_add_ext_hdr
                0x0000000000025dac                uipbuf_set_len
                0x0000000000025dd9                uipbuf_set_len_field
                0x0000000000025e05                uipbuf_get_len_field
                0x0000000000025e25                uipbuf_get_next_header
                0x0000000000025f57                uipbuf_get_last_header
                0x0000000000025fd0                uipbuf_search_header
                0x0000000000026086                uipbuf_get_attr
                0x00000000000260ad                uipbuf_set_attr
                0x00000000000260e4                uipbuf_set_default_attr
                0x000000000002611b                uipbuf_clear_attr
                0x000000000002613f                uipbuf_set_attr_flag
                0x0000000000026160                uipbuf_clr_attr_flag
                0x0000000000026187                uipbuf_is_attr_flag
                0x00000000000261ab                uipbuf_init
 .text          0x00000000000261e9      0x73f build/cooja/mtype91.a(uip-icmp6.o)
                0x000000000002625e                uip_icmp6_input
                0x00000000000262b5                uip_icmp6_register_input_handler
                0x0000000000026408                uip_icmp6_error_output
                0x00000000000266b9                uip_icmp6_send
                0x00000000000268b0                uip_icmp6_echo_reply_callback_add
                0x00000000000268e2                uip_icmp6_echo_reply_callback_rm
                0x00000000000268ff                uip_icmp6_init
 .text          0x0000000000026928      0x69b build/cooja/mtype91.a(uip-sr.o)
                0x0000000000026928                uip_sr_num_nodes
                0x00000000000269b6                uip_sr_get_node
                0x0000000000026a0d                uip_sr_is_addr_reachable
                0x0000000000026abb                uip_sr_expire_parent
                0x0000000000026b04                uip_sr_update_node
                0x0000000000026c34                uip_sr_init
                0x0000000000026c68                uip_sr_node_head
                0x0000000000026c81                uip_sr_node_next
                0x0000000000026c97                uip_sr_periodic
                0x0000000000026d9d                uip_sr_free_all
                0x0000000000026e0d                uip_sr_link_snprint
 .text          0x0000000000026fc3      0x146 build/cooja/mtype91.a(uip-packetqueue)
                0x0000000000026ff1                uip_packetqueue_new
                0x0000000000027000                uip_packetqueue_alloc
                0x000000000002705b                uip_packetqueue_free
                0x00000000000270a2                uip_packetqueue_buf
                0x00000000000270bf                uip_packetqueue_buflen
                0x00000000000270e0                uip_packetqueue_set_buflen
 .text          0x0000000000027109      0x1b0 build/cooja/mtype91.a(rpl-nbr-policy.)
                0x0000000000027276                rpl_nbr_policy_find_removable
 .text          0x00000000000272b9      0x915 build/cooja/mtype91.a(rpl-neighbor.o)
                0x0000000000027335                rpl_neighbor_snprint
                0x00000000000275e8                rpl_neighbor_print_list
                0x000000000002769d                rpl_neighbor_count
                0x0000000000027744                rpl_neighbor_get_from_lladdr
                0x0000000000027760                rpl_neighbor_is_acceptable_parent
                0x0000000000027794                rpl_neighbor_get_link_metric
                0x00000000000277c8                rpl_neighbor_rank_via_nbr
                0x00000000000277fc                rpl_neighbor_get_lladdr
                0x0000000000027818                rpl_neighbor_get_ipaddr
                0x000000000002783f                rpl_neighbor_get_link_stats
                0x0000000000027866                rpl_neighbor_is_fresh
                0x000000000002788d                rpl_neighbor_is_reachable
                0x00000000000278d8                rpl_neighbor_is_parent
                0x0000000000027902                rpl_neighbor_set_preferred_parent
                0x0000000000027999                rpl_neighbor_remove_all
                0x00000000000279f5                rpl_neighbor_get_from_ipaddr
                0x0000000000027b03                rpl_neighbor_select_best
                0x0000000000027baf                rpl_neighbor_init
 .text          0x0000000000027bce      0xe69 build/cooja/mtype91.a(rpl-dag.o)
                0x0000000000027bce                rpl_dag_state_to_str
                0x0000000000027c0d                rpl_dag_get_root_ipaddr
                0x0000000000027c55                rpl_dag_leave
                0x0000000000027cde                rpl_dag_poison_and_leave
                0x0000000000027cf6                rpl_dag_periodic
                0x0000000000027d7e                rpl_is_addr_in_our_dag
                0x0000000000027dc2                rpl_get_default_instance
                0x0000000000027dde                rpl_get_any_dag
                0x0000000000027e37                rpl_refresh_routes
                0x0000000000027e77                rpl_global_repair
                0x0000000000027f10                rpl_local_repair
                0x0000000000027f5a                rpl_dag_ready_to_advertise
                0x0000000000027f9d                rpl_dag_update_state
                0x00000000000286ca                rpl_process_dio
                0x0000000000028748                rpl_process_dis
                0x000000000002878d                rpl_process_dao
                0x000000000002881c                rpl_process_dao_ack
                0x00000000000288b3                rpl_process_hbh
                0x0000000000028903                rpl_dag_init_root
                0x0000000000028a17                rpl_dag_init
 .text          0x0000000000028a37      0x9e7 build/cooja/mtype91.a(rpl-timers.o)
                0x0000000000028a37                rpl_timers_schedule_periodic_dis
                0x0000000000028b85                rpl_timers_dio_reset
                0x0000000000028c93                rpl_timers_schedule_unicast_dio
                0x0000000000028de7                rpl_timers_schedule_dao
                0x0000000000028ea6                rpl_timers_schedule_dao_ack
                0x0000000000028f2c                rpl_timers_notify_dao_ack
                0x0000000000028f8a                get_probing_delay
                0x0000000000028fbe                get_probing_target
                0x00000000000291a8                rpl_schedule_probing
                0x00000000000291d6                rpl_schedule_probing_now
                0x0000000000029240                rpl_timers_unschedule_leaving
                0x0000000000029278                rpl_timers_schedule_leaving
                0x00000000000292b9                rpl_timers_init
                0x0000000000029349                rpl_timers_stop_dag_timers
                0x00000000000293c2                rpl_timers_unschedule_state_update
                0x00000000000293e6                rpl_timers_schedule_state_update
 .text          0x000000000002941e      0xb8e build/cooja/mtype91.a(rpl-ext-header.)
                0x000000000002941e                rpl_ext_header_srh_get_next_hop
                0x0000000000029505                rpl_ext_header_srh_update
                0x0000000000029a71                rpl_ext_header_hbh_update
                0x0000000000029d71                rpl_ext_header_update
                0x0000000000029dfa                rpl_ext_header_remove
 .text          0x0000000000029fac      0x31b build/cooja/mtype91.a(rpl-mrhof.o)
 *fill*         0x000000000002a2c7        0x9 
 .text          0x000000000002a2d0      0x122 /usr/lib/gcc/i686-linux-gnu/5/libgcc.a(_udivdi3.o)
                0x000000000002a2d0                __udivdi3
 .text          0x000000000002a3f2        0x0 /usr/lib/gcc/i686-linux-gnu/5/crtendS.o
 .text          0x000000000002a3f2        0x0 /usr/lib/gcc/i686-linux-gnu/5/../../../i386-linux-gnu/crtn.o
 *(.gnu.warning)

.fini           0x000000000002a3f4       0x14
 *(SORT(.fini))
 .fini          0x000000000002a3f4        0xf /usr/lib/gcc/i686-linux-gnu/5/../../../i386-linux-gnu/crti.o
                0x000000000002a3f4                _fini
 .fini          0x000000000002a403        0x5 /usr/lib/gcc/i686-linux-gnu/5/../../../i386-linux-gnu/crtn.o
                [!provide]                        PROVIDE (__etext, .)
                [!provide]                        PROVIDE (_etext, .)
                [!provide]                        PROVIDE (etext, .)

.rodata         0x000000000002a420      0xb4b
 *(.rodata .rodata.* .gnu.linkonce.r.*)
 .rodata        0x000000000002a420      0x108 humidity_sensor.o
                0x000000000002a420                VAR_RANGE
                0x000000000002a434                autostart_processes
 .rodata        0x000000000002a528        0x8 build/cooja/mtype91.a(beep.o)
                0x000000000002a528                beep_interface
 .rodata        0x000000000002a530        0xe build/cooja/mtype91.a(leds-arch.o)
                0x000000000002a530                leds_interface
                0x000000000002a538                leds_arch_leds
 *fill*         0x000000000002a53e        0x2 
 .rodata        0x000000000002a540        0x8 build/cooja/mtype91.a(moteid.o)
                0x000000000002a540                moteid_interface
 .rodata        0x000000000002a548       0x1c build/cooja/mtype91.a(pir-sensor.o)
                0x000000000002a548                pir_interface
                0x000000000002a554                pir_sensor
 .rodata        0x000000000002a564        0xe build/cooja/mtype91.a(rs232.o)
                0x000000000002a564                rs232_interface
 *fill*         0x000000000002a572        0x2 
 .rodata        0x000000000002a574       0x24 build/cooja/mtype91.a(vib-sensor.o)
                0x000000000002a574                vib_interface
                0x000000000002a588                vib_sensor
 .rodata        0x000000000002a598        0x8 build/cooja/mtype91.a(clock.o)
                0x000000000002a598                clock_interface
 .rodata        0x000000000002a5a0        0x8 build/cooja/mtype91.a(cooja-log.o)
                0x000000000002a5a0                simlog_interface
 .rodata        0x000000000002a5a8       0x2f build/cooja/mtype91.a(cfs-cooja.o)
                0x000000000002a5a8                cfs_interface
 *fill*         0x000000000002a5d7        0x9 
 .rodata        0x000000000002a5e0       0xb8 build/cooja/mtype91.a(cooja-radio.o)
                0x000000000002a5e0                radio_interface
                0x000000000002a660                cooja_radio_driver
 .rodata        0x000000000002a698        0x8 build/cooja/mtype91.a(eeprom.o)
                0x000000000002a698                eeprom_interface
 .rodata        0x000000000002a6a0        0x8 build/cooja/mtype91.a(sensors.o)
 .rodata        0x000000000002a6a8       0x2c build/cooja/mtype91.a(buttons.o)
                0x000000000002a6a8                button_interface
                0x000000000002a6bc                button_hal_button_count
                0x000000000002a6c4                button_sensor
 .rodata        0x000000000002a6d4       0x79 build/cooja/mtype91.a(res_humidity.o)
 .rodata        0x000000000002a74d       0x41 build/cooja/mtype91.a(coap-engine.o)
 .rodata        0x000000000002a78e       0x19 build/cooja/mtype91.a(coap-res-well-k)
 .rodata        0x000000000002a7a7       0x11 build/cooja/mtype91.a(coap-observe.o)
 .rodata        0x000000000002a7b8       0x35 build/cooja/mtype91.a(coap-uip.o)
 *fill*         0x000000000002a7ed        0x3 
 .rodata        0x000000000002a7f0      0x1ac build/cooja/mtype91.a(coap.o)
 .rodata        0x000000000002a99c       0xf4 build/cooja/mtype91.a(contiki-main.o)
 .rodata        0x000000000002aa90        0xf build/cooja/mtype91.a(ctimer.o)
 .rodata        0x000000000002aa9f        0xc build/cooja/mtype91.a(etimer.o)
 *fill*         0x000000000002aaab        0x1 
 .rodata        0x000000000002aaac       0xc4 build/cooja/mtype91.a(log.o)
 .rodata        0x000000000002ab70       0x13 build/cooja/mtype91.a(button-hal.o)
 .rodata        0x000000000002ab83        0xe build/cooja/mtype91.a(serial-line.o)
 *fill*         0x000000000002ab91        0x3 
 .rodata        0x000000000002ab94        0x8 build/cooja/mtype91.a(linkaddr.o)
                0x000000000002ab94                linkaddr_null
 .rodata        0x000000000002ab9c       0x24 build/cooja/mtype91.a(csma.o)
                0x000000000002aba4                csma_driver
 .rodata        0x000000000002abc0       0x24 build/cooja/mtype91.a(csma-output.o)
 .rodata        0x000000000002abe4        0xd build/cooja/mtype91.a(tcpip.o)
 *fill*         0x000000000002abf1        0x3 
 .rodata        0x000000000002abf4       0xb9 build/cooja/mtype91.a(uip-ds6-route.o)
 *fill*         0x000000000002acad        0x3 
 .rodata        0x000000000002acb0       0x30 build/cooja/mtype91.a(sicslowpan.o)
                0x000000000002acb0                unc_llconf
                0x000000000002acb4                unc_ctxconf
                0x000000000002acb8                unc_mxconf
                0x000000000002acbc                llprefix
                0x000000000002acd0                sicslowpan_driver
 .rodata        0x000000000002ace0       0x2d build/cooja/mtype91.a(uiplib.o)
 *fill*         0x000000000002ad0d       0x13 
 .rodata        0x000000000002ad20       0x74 build/cooja/mtype91.a(rpl.o)
                0x000000000002ad40                rpl_lite_driver
 .rodata        0x000000000002ad94       0x20 build/cooja/mtype91.a(coap-timer-defa)
                0x000000000002ada8                coap_timer_default_driver
 .rodata        0x000000000002adb4       0x25 build/cooja/mtype91.a(assert.o)
 *fill*         0x000000000002add9        0x3 
 .rodata        0x000000000002addc        0xc build/cooja/mtype91.a(framer-802154.o)
                0x000000000002addc                framer_802154
 .rodata        0x000000000002ade8       0x44 build/cooja/mtype91.a(uip-sr.o)
 .rodata        0x000000000002ae2c       0x58 build/cooja/mtype91.a(rpl-neighbor.o)
 .rodata        0x000000000002ae84       0xdb build/cooja/mtype91.a(rpl-dag.o)
 .rodata        0x000000000002af5f        0xc build/cooja/mtype91.a(rpl-timers.o)

.rodata1
 *(.rodata1)

.eh_frame_hdr   0x000000000002af6c     0x1a04
 *(.eh_frame_hdr)
 .eh_frame_hdr  0x000000000002af6c     0x1a04 humidity_sensor.o
                0x000000000002af6c                __GNU_EH_FRAME_HDR
 *(.eh_frame_entry .eh_frame_entry.*)

.eh_frame       0x000000000002c970     0x6988
 *(.eh_frame)
 .eh_frame      0x000000000002c970       0x3c /usr/lib/gcc/i686-linux-gnu/5/../../../i386-linux-gnu/crti.o
                                         0x40 (size before relaxing)
 .eh_frame      0x000000000002c9ac       0x40 humidity_sensor.o
                                         0x58 (size before relaxing)
 .eh_frame      0x000000000002c9ec      0x178 build/cooja/mtype91.o
                                        0x190 (size before relaxing)
 .eh_frame      0x000000000002cb64       0x40 build/cooja/mtype91.a(simEnvChange.o)
                                         0x58 (size before relaxing)
 .eh_frame      0x000000000002cba4       0x60 build/cooja/mtype91.a(cooja_mt.o)
                                         0x78 (size before relaxing)
 .eh_frame      0x000000000002cc04       0x80 build/cooja/mtype91.a(cooja_mtarch.o)
                                         0x98 (size before relaxing)
 .eh_frame      0x000000000002cc84       0xc8 build/cooja/mtype91.a(rtimer-arch.o)
                                         0xe0 (size before relaxing)
 .eh_frame      0x000000000002cd4c      0x160 build/cooja/mtype91.a(beep.o)
                                        0x178 (size before relaxing)
 .eh_frame      0x000000000002ceac       0x80 build/cooja/mtype91.a(leds-arch.o)
                                         0x98 (size before relaxing)
 .eh_frame      0x000000000002cf2c       0x40 build/cooja/mtype91.a(moteid.o)
                                         0x58 (size before relaxing)
 .eh_frame      0x000000000002cf6c       0xa0 build/cooja/mtype91.a(pir-sensor.o)
                                         0xb8 (size before relaxing)
 .eh_frame      0x000000000002d00c      0x100 build/cooja/mtype91.a(rs232.o)
                                        0x118 (size before relaxing)
 .eh_frame      0x000000000002d10c       0xa0 build/cooja/mtype91.a(vib-sensor.o)
                                         0xb8 (size before relaxing)
 .eh_frame      0x000000000002d1ac       0xc0 build/cooja/mtype91.a(clock.o)
                                         0xd8 (size before relaxing)
 .eh_frame      0x000000000002d26c      0x120 build/cooja/mtype91.a(cooja-log.o)
                                        0x138 (size before relaxing)
 .eh_frame      0x000000000002d38c      0x160 build/cooja/mtype91.a(cfs-cooja.o)
                                        0x178 (size before relaxing)
 .eh_frame      0x000000000002d4ec      0x340 build/cooja/mtype91.a(cooja-radio.o)
                                        0x358 (size before relaxing)
 .eh_frame      0x000000000002d82c       0xa0 build/cooja/mtype91.a(eeprom.o)
                                         0xb8 (size before relaxing)
 .eh_frame      0x000000000002d8cc       0x40 build/cooja/mtype91.a(random.o)
                                         0x58 (size before relaxing)
 .eh_frame      0x000000000002d90c       0xc0 build/cooja/mtype91.a(sensors.o)
                                         0xd8 (size before relaxing)
 .eh_frame      0x000000000002d9cc      0x120 build/cooja/mtype91.a(leds.o)
                                        0x138 (size before relaxing)
 .eh_frame      0x000000000002daec      0x220 build/cooja/mtype91.a(gpio-hal-arch.o)
                                        0x238 (size before relaxing)
 .eh_frame      0x000000000002dd0c       0xa0 build/cooja/mtype91.a(buttons.o)
                                         0xb8 (size before relaxing)
 .eh_frame      0x000000000002ddac       0x40 build/cooja/mtype91.a(res_humidity.o)
                                         0x58 (size before relaxing)
 .eh_frame      0x000000000002ddec       0x44 build/cooja/mtype91.a(coap-blocking-a)
                                         0x5c (size before relaxing)
 .eh_frame      0x000000000002de30      0x220 build/cooja/mtype91.a(coap-engine.o)
                                        0x238 (size before relaxing)
 .eh_frame      0x000000000002e050       0x24 build/cooja/mtype91.a(coap-res-well-k)
                                         0x3c (size before relaxing)
 .eh_frame      0x000000000002e074      0x188 build/cooja/mtype91.a(coap-observe.o)
                                        0x1a0 (size before relaxing)
 .eh_frame      0x000000000002e1fc      0x100 build/cooja/mtype91.a(coap-transactio)
                                        0x118 (size before relaxing)
 .eh_frame      0x000000000002e2fc      0x250 build/cooja/mtype91.a(coap-uip.o)
                                        0x268 (size before relaxing)
 .eh_frame      0x000000000002e54c      0x114 build/cooja/mtype91.a(coap-timer.o)
                                        0x12c (size before relaxing)
 .eh_frame      0x000000000002e660      0x6ec build/cooja/mtype91.a(coap.o)
                                        0x704 (size before relaxing)
 .eh_frame      0x000000000002ed4c       0x30 build/cooja/mtype91.a(contiki-main.o)
                                         0x48 (size before relaxing)
 .eh_frame      0x000000000002ed7c       0x40 build/cooja/mtype91.a(autostart.o)
                                         0x58 (size before relaxing)
 .eh_frame      0x000000000002edbc      0x100 build/cooja/mtype91.a(ctimer.o)
                                        0x118 (size before relaxing)
 .eh_frame      0x000000000002eebc       0x60 build/cooja/mtype91.a(energest.o)
                                         0x78 (size before relaxing)
 .eh_frame      0x000000000002ef1c      0x1e0 build/cooja/mtype91.a(etimer.o)
                                        0x1f8 (size before relaxing)
 .eh_frame      0x000000000002f0fc      0x100 build/cooja/mtype91.a(log.o)
                                        0x118 (size before relaxing)
 .eh_frame      0x000000000002f1fc       0x60 build/cooja/mtype91.a(rtimer.o)
                                         0x78 (size before relaxing)
 .eh_frame      0x000000000002f25c       0x20 build/cooja/mtype91.a(node-id.o)
                                         0x38 (size before relaxing)
 .eh_frame      0x000000000002f27c      0x1c4 build/cooja/mtype91.a(process.o)
                                        0x1dc (size before relaxing)
 .eh_frame      0x000000000002f440       0xa4 build/cooja/mtype91.a(timer.o)
                                         0xbc (size before relaxing)
 .eh_frame      0x000000000002f4e4      0x1a0 build/cooja/mtype91.a(list.o)
                                        0x1b8 (size before relaxing)
 .eh_frame      0x000000000002f684       0xa0 build/cooja/mtype91.a(memb.o)
                                         0xb8 (size before relaxing)
 .eh_frame      0x000000000002f724      0x144 build/cooja/mtype91.a(button-hal.o)
                                        0x15c (size before relaxing)
 .eh_frame      0x000000000002f868       0x60 build/cooja/mtype91.a(serial-line.o)
                                         0x78 (size before relaxing)
 .eh_frame      0x000000000002f8c8       0xe0 build/cooja/mtype91.a(gpio-hal.o)
                                         0xf8 (size before relaxing)
 .eh_frame      0x000000000002f9a8      0x1a0 build/cooja/mtype91.a(queuebuf.o)
                                        0x1b8 (size before relaxing)
 .eh_frame      0x000000000002fb48      0x28c build/cooja/mtype91.a(packetbuf.o)
                                        0x2a4 (size before relaxing)
 .eh_frame      0x000000000002fdd4       0x80 build/cooja/mtype91.a(netstack.o)
                                         0x98 (size before relaxing)
 .eh_frame      0x000000000002fe54       0x60 build/cooja/mtype91.a(linkaddr.o)
                                         0x78 (size before relaxing)
 .eh_frame      0x000000000002feb4       0xe0 build/cooja/mtype91.a(csma.o)
                                         0xf8 (size before relaxing)
 .eh_frame      0x000000000002ff94      0x1d0 build/cooja/mtype91.a(csma-output.o)
                                        0x1e8 (size before relaxing)
 .eh_frame      0x0000000000030164      0x328 build/cooja/mtype91.a(uip-ds6.o)
                                        0x340 (size before relaxing)
 .eh_frame      0x000000000003048c      0x244 build/cooja/mtype91.a(tcpip.o)
                                        0x25c (size before relaxing)
 .eh_frame      0x00000000000306d0       0x40 build/cooja/mtype91.a(uip-udp-packet.)
                                         0x58 (size before relaxing)
 .eh_frame      0x0000000000030710      0x2e0 build/cooja/mtype91.a(uip-ds6-route.o)
                                        0x2f8 (size before relaxing)
 .eh_frame      0x00000000000309f0      0x1c0 build/cooja/mtype91.a(uip-ds6-nbr.o)
                                        0x1d8 (size before relaxing)
 .eh_frame      0x0000000000030bb0      0x1e8 build/cooja/mtype91.a(uip6.o)
                                        0x200 (size before relaxing)
 .eh_frame      0x0000000000030d98       0x84 build/cooja/mtype91.a(uip-nd6.o)
                                         0x9c (size before relaxing)
 .eh_frame      0x0000000000030e1c      0x2f8 build/cooja/mtype91.a(sicslowpan.o)
                                        0x310 (size before relaxing)
 .eh_frame      0x0000000000031114       0x88 build/cooja/mtype91.a(uiplib.o)
                                         0xa0 (size before relaxing)
 .eh_frame      0x000000000003119c      0x1e0 build/cooja/mtype91.a(rpl.o)
                                        0x1f8 (size before relaxing)
 .eh_frame      0x000000000003137c      0x1c4 build/cooja/mtype91.a(rpl-icmp6.o)
                                        0x1dc (size before relaxing)
 .eh_frame      0x0000000000031540       0xa0 build/cooja/mtype91.a(rpl-dag-root.o)
                                         0xb8 (size before relaxing)
 .eh_frame      0x00000000000315e0       0xa0 build/cooja/mtype91.a(watchdog.o)
                                         0xb8 (size before relaxing)
 .eh_frame      0x0000000000031680       0x80 build/cooja/mtype91.a(int-master.o)
                                         0x98 (size before relaxing)
 .eh_frame      0x0000000000031700       0xa4 build/cooja/mtype91.a(coap-timer-defa)
                                         0xbc (size before relaxing)
 .eh_frame      0x00000000000317a4       0xc4 build/cooja/mtype91.a(stimer.o)
                                         0xdc (size before relaxing)
 .eh_frame      0x0000000000031868       0xa0 build/cooja/mtype91.a(ringbuf.o)
                                         0xb8 (size before relaxing)
 .eh_frame      0x0000000000031908       0x20 build/cooja/mtype91.a(assert.o)
                                         0x38 (size before relaxing)
 .eh_frame      0x0000000000031928      0x2ac build/cooja/mtype91.a(nbr-table.o)
                                        0x2c4 (size before relaxing)
 .eh_frame      0x0000000000031bd4      0x120 build/cooja/mtype91.a(link-stats.o)
                                        0x138 (size before relaxing)
 .eh_frame      0x0000000000031cf4       0x48 build/cooja/mtype91.a(mac-sequence.o)
                                         0x60 (size before relaxing)
 .eh_frame      0x0000000000031d3c       0x20 build/cooja/mtype91.a(mac.o)
                                         0x38 (size before relaxing)
 .eh_frame      0x0000000000031d5c       0xa4 build/cooja/mtype91.a(framer-802154.o)
                                         0xbc (size before relaxing)
 .eh_frame      0x0000000000031e00      0x1a4 build/cooja/mtype91.a(frame802154.o)
                                        0x1bc (size before relaxing)
 .eh_frame      0x0000000000031fa4       0x40 build/cooja/mtype91.a(csma-security.o)
                                         0x58 (size before relaxing)
 .eh_frame      0x0000000000031fe4      0x200 build/cooja/mtype91.a(uipbuf.o)
                                        0x218 (size before relaxing)
 .eh_frame      0x00000000000321e4      0x150 build/cooja/mtype91.a(uip-icmp6.o)
                                        0x168 (size before relaxing)
 .eh_frame      0x0000000000032334      0x184 build/cooja/mtype91.a(uip-sr.o)
                                        0x19c (size before relaxing)
 .eh_frame      0x00000000000324b8       0xe0 build/cooja/mtype91.a(uip-packetqueue)
                                         0xf8 (size before relaxing)
 .eh_frame      0x0000000000032598       0x80 build/cooja/mtype91.a(rpl-nbr-policy.)
                                         0x98 (size before relaxing)
 .eh_frame      0x0000000000032618      0x2d4 build/cooja/mtype91.a(rpl-neighbor.o)
                                        0x2ec (size before relaxing)
 .eh_frame      0x00000000000328ec      0x370 build/cooja/mtype91.a(rpl-dag.o)
                                        0x388 (size before relaxing)
 .eh_frame      0x0000000000032c5c      0x3a8 build/cooja/mtype91.a(rpl-timers.o)
                                        0x3c0 (size before relaxing)
 .eh_frame      0x0000000000033004      0x124 build/cooja/mtype91.a(rpl-ext-header.)
                                        0x13c (size before relaxing)
 .eh_frame      0x0000000000033128      0x148 build/cooja/mtype91.a(rpl-mrhof.o)
                                        0x160 (size before relaxing)
 .eh_frame      0x0000000000033270       0x84 /usr/lib/gcc/i686-linux-gnu/5/libgcc.a(_udivdi3.o)
                                         0x9c (size before relaxing)
 .eh_frame      0x00000000000332f4        0x4 /usr/lib/gcc/i686-linux-gnu/5/crtendS.o
 *(.eh_frame.*)

.gcc_except_table
 *(.gcc_except_table .gcc_except_table.*)

.gnu_extab
 *(.gnu_extab*)

.exception_ranges
 *(.exception_ranges .exception_ranges*)
                0x0000000000034f10                . = DATA_SEGMENT_ALIGN (0x1000, 0x1000)

.eh_frame
 *(.eh_frame)
 *(.eh_frame.*)

.gnu_extab
 *(.gnu_extab)

.gcc_except_table
 *(.gcc_except_table .gcc_except_table.*)

.exception_ranges
 *(.exception_ranges .exception_ranges*)

.tdata
 *(.tdata .tdata.* .gnu.linkonce.td.*)

.tbss
 *(.tbss .tbss.* .gnu.linkonce.tb.*)
 *(.tcommon)

.preinit_array
 *(.preinit_array)

.init_array     0x0000000000034f10        0x4
 *(SORT(.init_array.*) SORT(.ctors.*))
 *(.init_array EXCLUDE_FILE(*crtend?.o *crtend.o *crtbegin?.o *crtbegin.o) .ctors)
 .init_array    0x0000000000034f10        0x4 /usr/lib/gcc/i686-linux-gnu/5/crtbeginS.o

.fini_array     0x0000000000034f14        0x4
 *(SORT(.fini_array.*) SORT(.dtors.*))
 *(.fini_array EXCLUDE_FILE(*crtend?.o *crtend.o *crtbegin?.o *crtbegin.o) .dtors)
 .fini_array    0x0000000000034f14        0x4 /usr/lib/gcc/i686-linux-gnu/5/crtbeginS.o

.ctors
 *crtbegin.o(.ctors)
 *crtbegin?.o(.ctors)
 *(EXCLUDE_FILE(*crtend?.o *crtend.o) .ctors)
 *(SORT(.ctors.*))
 *(.ctors)

.dtors
 *crtbegin.o(.dtors)
 *crtbegin?.o(.dtors)
 *(EXCLUDE_FILE(*crtend?.o *crtend.o) .dtors)
 *(SORT(.dtors.*))
 *(.dtors)

.jcr            0x0000000000034f18        0x4
 *(.jcr)
 .jcr           0x0000000000034f18        0x0 /usr/lib/gcc/i686-linux-gnu/5/crtbeginS.o
 .jcr           0x0000000000034f18        0x4 /usr/lib/gcc/i686-linux-gnu/5/crtendS.o

.data.rel.ro
 *(.data.rel.ro.local* .gnu.linkonce.d.rel.ro.local.*)
 *(.data.rel.ro .data.rel.ro.* .gnu.linkonce.d.rel.ro.*)

.dynamic        0x0000000000034f1c       0xd0
 *(.dynamic)
 .dynamic       0x0000000000034f1c       0xd0 /usr/lib/gcc/i686-linux-gnu/5/../../../i386-linux-gnu/crti.o
                0x0000000000034f1c                _DYNAMIC

.got            0x0000000000034fec       0x14
 *(.got)
 .got           0x0000000000034fec       0x14 /usr/lib/gcc/i686-linux-gnu/5/../../../i386-linux-gnu/crti.o
 *(.igot)
                0x0000000000035ff4                . = DATA_SEGMENT_RELRO_END (., (SIZEOF (.got.plt) >= 0xc)?0xc:0x0)

.got.plt        0x0000000000035000        0xc
 *(.got.plt)
 .got.plt       0x0000000000035000        0xc /usr/lib/gcc/i686-linux-gnu/5/../../../i386-linux-gnu/crti.o
                0x0000000000035000                _GLOBAL_OFFSET_TABLE_
 *(.igot.plt)

.data           0x0000000000035020      0x484
 *(.data .data.* .gnu.linkonce.d.*)
 .data          0x0000000000035020        0x0 /usr/lib/gcc/i686-linux-gnu/5/../../../i386-linux-gnu/crti.o
 .data          0x0000000000035020        0x0 /usr/lib/gcc/i686-linux-gnu/5/crtbeginS.o
 .data.rel.local
                0x0000000000035020        0x4 /usr/lib/gcc/i686-linux-gnu/5/crtbeginS.o
                0x0000000000035020                __dso_handle
 .data          0x0000000000035024       0x10 humidity_sensor.o
                0x0000000000035024                humidity_sensor
 *fill*         0x0000000000035034        0xc 
 .data          0x0000000000035040       0x44 build/cooja/mtype91.o
                0x0000000000035040                simInterfaces
                0x0000000000035074                sensors
 .data          0x0000000000035084        0x0 build/cooja/mtype91.a(simEnvChange.o)
 .data          0x0000000000035084        0x0 build/cooja/mtype91.a(cooja_mt.o)
 .data          0x0000000000035084        0x0 build/cooja/mtype91.a(cooja_mtarch.o)
 .data          0x0000000000035084        0x0 build/cooja/mtype91.a(rtimer-arch.o)
 .data          0x0000000000035084        0x0 build/cooja/mtype91.a(beep.o)
 .data          0x0000000000035084        0x0 build/cooja/mtype91.a(leds-arch.o)
 .data          0x0000000000035084        0x0 build/cooja/mtype91.a(moteid.o)
 .data          0x0000000000035084        0x0 build/cooja/mtype91.a(pir-sensor.o)
 .data          0x0000000000035084        0x0 build/cooja/mtype91.a(rs232.o)
 .data          0x0000000000035084        0x0 build/cooja/mtype91.a(vib-sensor.o)
 .data          0x0000000000035084        0x0 build/cooja/mtype91.a(clock.o)
 .data          0x0000000000035084        0x0 build/cooja/mtype91.a(cooja-log.o)
 .data          0x0000000000035084        0x0 build/cooja/mtype91.a(cfs-cooja.o)
 .data          0x0000000000035084       0x2c build/cooja/mtype91.a(cooja-radio.o)
                0x0000000000035084                simRadioHWOn
                0x0000000000035088                simSignalStrength
                0x000000000003508c                simLastSignalStrength
                0x0000000000035090                simPower
                0x0000000000035094                simRadioChannel
                0x0000000000035098                simLQI
                0x00000000000350a0                cooja_radio_process
 .data          0x00000000000350b0        0x0 build/cooja/mtype91.a(eeprom.o)
 .data          0x00000000000350b0        0x0 build/cooja/mtype91.a(random.o)
 .data          0x00000000000350b0       0x10 build/cooja/mtype91.a(sensors.o)
                0x00000000000350b0                sensors_process
 .data          0x00000000000350c0        0x0 build/cooja/mtype91.a(leds.o)
 .data          0x00000000000350c0        0x0 build/cooja/mtype91.a(gpio-hal-arch.o)
 .data          0x00000000000350c0       0x78 build/cooja/mtype91.a(buttons.o)
                0x00000000000350c0                simButtonIsActive
                0x0000000000035130                button_hal_buttons
 *fill*         0x0000000000035138        0x8 
 .data          0x0000000000035140       0x44 build/cooja/mtype91.a(res_humidity.o)
                0x0000000000035140                humidity
                0x0000000000035144                last_humidity
                0x0000000000035160                res_humidity
 .data          0x0000000000035184        0x0 build/cooja/mtype91.a(coap-blocking-a)
 .data          0x0000000000035184        0x8 build/cooja/mtype91.a(coap-engine.o)
 *fill*         0x000000000003518c       0x14 
 .data          0x00000000000351a0       0x24 build/cooja/mtype91.a(coap-res-well-k)
                0x00000000000351a0                res_well_known_core
 .data          0x00000000000351c4       0x10 build/cooja/mtype91.a(coap-observe.o)
 .data          0x00000000000351d4       0x10 build/cooja/mtype91.a(coap-transactio)
 .data          0x00000000000351e4       0x10 build/cooja/mtype91.a(coap-uip.o)
                0x00000000000351e4                coap_engine
 .data          0x00000000000351f4        0x4 build/cooja/mtype91.a(coap-timer.o)
 .data          0x00000000000351f8        0x4 build/cooja/mtype91.a(coap.o)
                0x00000000000351f8                coap_error_message
 .data          0x00000000000351fc        0x0 build/cooja/mtype91.a(contiki-main.o)
 .data          0x00000000000351fc        0x0 build/cooja/mtype91.a(autostart.o)
 .data          0x00000000000351fc       0x14 build/cooja/mtype91.a(ctimer.o)
                0x0000000000035200                ctimer_process
 .data          0x0000000000035210        0x0 build/cooja/mtype91.a(energest.o)
 .data          0x0000000000035210       0x10 build/cooja/mtype91.a(etimer.o)
                0x0000000000035210                etimer_process
 .data          0x0000000000035220       0xbc build/cooja/mtype91.a(log.o)
                0x0000000000035220                curr_log_level_main
                0x0000000000035240                all_modules
 .data          0x00000000000352dc        0x0 build/cooja/mtype91.a(rtimer.o)
 .data          0x00000000000352dc        0x0 build/cooja/mtype91.a(node-id.o)
 .data          0x00000000000352dc        0x0 build/cooja/mtype91.a(process.o)
 .data          0x00000000000352dc        0x0 build/cooja/mtype91.a(timer.o)
 .data          0x00000000000352dc        0x0 build/cooja/mtype91.a(list.o)
 .data          0x00000000000352dc        0x0 build/cooja/mtype91.a(memb.o)
 .data          0x00000000000352dc       0x10 build/cooja/mtype91.a(button-hal.o)
                0x00000000000352dc                button_hal_process
 .data          0x00000000000352ec       0x10 build/cooja/mtype91.a(serial-line.o)
                0x00000000000352ec                serial_line_process
 .data          0x00000000000352fc        0x4 build/cooja/mtype91.a(gpio-hal.o)
 .data          0x0000000000035300       0x18 build/cooja/mtype91.a(queuebuf.o)
 .data          0x0000000000035318        0x4 build/cooja/mtype91.a(packetbuf.o)
 .data          0x000000000003531c        0x4 build/cooja/mtype91.a(netstack.o)
 .data          0x0000000000035320        0x0 build/cooja/mtype91.a(linkaddr.o)
 .data          0x0000000000035320        0x0 build/cooja/mtype91.a(csma.o)
 .data          0x0000000000035320       0x28 build/cooja/mtype91.a(csma-output.o)
 .data          0x0000000000035348        0x0 build/cooja/mtype91.a(uip-ds6.o)
 .data          0x0000000000035348       0x10 build/cooja/mtype91.a(tcpip.o)
                0x0000000000035348                tcpip_process
 .data          0x0000000000035358        0x0 build/cooja/mtype91.a(uip-udp-packet.)
 .data          0x0000000000035358       0x44 build/cooja/mtype91.a(uip-ds6-route.o)
                0x0000000000035368                nbr_routes
 .data          0x000000000003539c       0x14 build/cooja/mtype91.a(uip-ds6-nbr.o)
 .data          0x00000000000353b0        0x0 build/cooja/mtype91.a(uip6.o)
 .data          0x00000000000353b0        0xc build/cooja/mtype91.a(uip-nd6.o)
 .data          0x00000000000353bc        0x0 build/cooja/mtype91.a(sicslowpan.o)
 .data          0x00000000000353bc        0x0 build/cooja/mtype91.a(uiplib.o)
 .data          0x00000000000353bc        0x0 build/cooja/mtype91.a(rpl.o)
 .data          0x00000000000353bc       0x30 build/cooja/mtype91.a(rpl-icmp6.o)
 .data          0x00000000000353ec        0x0 build/cooja/mtype91.a(rpl-dag-root.o)
 .data          0x00000000000353ec        0x0 build/cooja/mtype91.a(watchdog.o)
 .data          0x00000000000353ec        0x0 build/cooja/mtype91.a(int-master.o)
 .data          0x00000000000353ec       0x10 build/cooja/mtype91.a(coap-timer-defa)
                0x00000000000353ec                coap_timer_process
 .data          0x00000000000353fc        0x0 build/cooja/mtype91.a(stimer.o)
 .data          0x00000000000353fc        0x0 build/cooja/mtype91.a(ringbuf.o)
 .data          0x00000000000353fc        0x0 build/cooja/mtype91.a(assert.o)
 .data          0x00000000000353fc       0x10 build/cooja/mtype91.a(nbr-table.o)
 .data          0x000000000003540c       0x14 build/cooja/mtype91.a(link-stats.o)
 .data          0x0000000000035420        0x0 build/cooja/mtype91.a(mac-sequence.o)
 .data          0x0000000000035420        0x0 build/cooja/mtype91.a(mac.o)
 .data          0x0000000000035420        0x0 build/cooja/mtype91.a(framer-802154.o)
 .data          0x0000000000035420        0x2 build/cooja/mtype91.a(frame802154.o)
 .data          0x0000000000035422        0x0 build/cooja/mtype91.a(csma-security.o)
 .data          0x0000000000035422        0x0 build/cooja/mtype91.a(uipbuf.o)
 *fill*         0x0000000000035422        0x2 
 .data          0x0000000000035424       0x20 build/cooja/mtype91.a(uip-icmp6.o)
 .data          0x0000000000035444       0x10 build/cooja/mtype91.a(uip-sr.o)
 .data          0x0000000000035454        0xc build/cooja/mtype91.a(uip-packetqueue)
 .data          0x0000000000035460        0x0 build/cooja/mtype91.a(rpl-nbr-policy.)
 .data          0x0000000000035460       0x14 build/cooja/mtype91.a(rpl-neighbor.o)
                0x0000000000035470                rpl_neighbors
 .data          0x0000000000035474        0x0 build/cooja/mtype91.a(rpl-dag.o)
 .data          0x0000000000035474        0x0 build/cooja/mtype91.a(rpl-timers.o)
 .data          0x0000000000035474        0x0 build/cooja/mtype91.a(rpl-ext-header.)
 *fill*         0x0000000000035474        0xc 
 .data          0x0000000000035480       0x24 build/cooja/mtype91.a(rpl-mrhof.o)
                0x0000000000035480                rpl_mrhof
 .data          0x00000000000354a4        0x0 /usr/lib/gcc/i686-linux-gnu/5/libgcc.a(_udivdi3.o)
 .data          0x00000000000354a4        0x0 /usr/lib/gcc/i686-linux-gnu/5/crtendS.o
 .data          0x00000000000354a4        0x0 /usr/lib/gcc/i686-linux-gnu/5/../../../i386-linux-gnu/crtn.o

.tm_clone_table
                0x00000000000354a4        0x0
 .tm_clone_table
                0x00000000000354a4        0x0 /usr/lib/gcc/i686-linux-gnu/5/crtbeginS.o
 .tm_clone_table
                0x00000000000354a4        0x0 /usr/lib/gcc/i686-linux-gnu/5/crtendS.o

.data1
 *(.data1)
                0x00000000000354a4                _edata = .
                [!provide]                        PROVIDE (edata, .)
                0x00000000000354a4                . = .
                0x00000000000354a4                __bss_start = .

.bss            0x00000000000354c0     0xf264
 *(.dynbss)
 .dynbss        0x00000000000354c0        0x0 /usr/lib/gcc/i686-linux-gnu/5/../../../i386-linux-gnu/crti.o
 *(.bss .bss.* .gnu.linkonce.b.*)
 .bss           0x00000000000354c0        0x0 /usr/lib/gcc/i686-linux-gnu/5/../../../i386-linux-gnu/crti.o
 .bss           0x00000000000354c0        0x1 /usr/lib/gcc/i686-linux-gnu/5/crtbeginS.o
 *fill*         0x00000000000354c1       0x1f 
 .bss           0x00000000000354e0      0x11c humidity_sensor.o
 *fill*         0x00000000000355fc        0x4 
 .bss           0x0000000000035600     0x2030 build/cooja/mtype91.o
 .bss           0x0000000000037630        0x1 build/cooja/mtype91.a(simEnvChange.o)
                0x0000000000037630                simDontFallAsleep
 *fill*         0x0000000000037631        0x3 
 .bss           0x0000000000037634        0x4 build/cooja/mtype91.a(cooja_mt.o)
 .bss           0x0000000000037638        0x4 build/cooja/mtype91.a(cooja_mtarch.o)
 .bss           0x000000000003763c        0x0 build/cooja/mtype91.a(rtimer-arch.o)
 .bss           0x000000000003763c        0x0 build/cooja/mtype91.a(beep.o)
 .bss           0x000000000003763c        0x1 build/cooja/mtype91.a(leds-arch.o)
                0x000000000003763c                simLedsValue
 .bss           0x000000000003763d        0x0 build/cooja/mtype91.a(moteid.o)
 .bss           0x000000000003763d        0x1 build/cooja/mtype91.a(pir-sensor.o)
                0x000000000003763d                simPirValue
 *fill*         0x000000000003763e        0x2 
 .bss           0x0000000000037640        0x4 build/cooja/mtype91.a(rs232.o)
 .bss           0x0000000000037644        0x1 build/cooja/mtype91.a(vib-sensor.o)
                0x0000000000037644                simVibValue
 .bss           0x0000000000037645        0x0 build/cooja/mtype91.a(clock.o)
 *fill*         0x0000000000037645       0x1b 
 .bss           0x0000000000037660     0x2020 build/cooja/mtype91.a(cooja-log.o)
 .bss           0x0000000000039680      0xfc0 build/cooja/mtype91.a(cfs-cooja.o)
                0x0000000000039680                simCFSData
                0x000000000003a620                simCFSSize
                0x000000000003a624                simCFSChanged
                0x000000000003a628                simCFSRead
                0x000000000003a62c                simCFSWritten
 .bss           0x000000000003a640       0x24 build/cooja/mtype91.a(cooja-radio.o)
                0x000000000003a640                simReceiving
                0x000000000003a644                simInSize
                0x000000000003a648                simLastPacketTimestamp
                0x000000000003a650                simOutSize
 .bss           0x000000000003a664        0xc build/cooja/mtype91.a(eeprom.o)
                0x000000000003a664                simEEPROMChanged
                0x000000000003a668                simEEPROMRead
                0x000000000003a66c                simEEPROMWritten
 .bss           0x000000000003a670        0x0 build/cooja/mtype91.a(random.o)
 .bss           0x000000000003a670        0xc build/cooja/mtype91.a(sensors.o)
 .bss           0x000000000003a67c        0x0 build/cooja/mtype91.a(leds.o)
 .bss           0x000000000003a67c       0x24 build/cooja/mtype91.a(gpio-hal-arch.o)
 .bss           0x000000000003a6a0        0x0 build/cooja/mtype91.a(buttons.o)
 .bss           0x000000000003a6a0        0x0 build/cooja/mtype91.a(res_humidity.o)
 .bss           0x000000000003a6a0        0x0 build/cooja/mtype91.a(coap-blocking-a)
 .bss           0x000000000003a6a0      0x190 build/cooja/mtype91.a(coap-engine.o)
 .bss           0x000000000003a830        0x0 build/cooja/mtype91.a(coap-res-well-k)
 *fill*         0x000000000003a830       0x10 
 .bss           0x000000000003a840      0x120 build/cooja/mtype91.a(coap-observe.o)
 .bss           0x000000000003a960      0x334 build/cooja/mtype91.a(coap-transactio)
 .bss           0x000000000003ac94       0x18 build/cooja/mtype91.a(coap-uip.o)
 .bss           0x000000000003acac        0x5 build/cooja/mtype91.a(coap-timer.o)
 *fill*         0x000000000003acb1        0x3 
 .bss           0x000000000003acb4        0x6 build/cooja/mtype91.a(coap.o)
                0x000000000003acb4                coap_status_code
 .bss           0x000000000003acba        0x0 build/cooja/mtype91.a(contiki-main.o)
 .bss           0x000000000003acba        0x0 build/cooja/mtype91.a(autostart.o)
 *fill*         0x000000000003acba        0x2 
 .bss           0x000000000003acbc        0x5 build/cooja/mtype91.a(ctimer.o)
 .bss           0x000000000003acc1        0x0 build/cooja/mtype91.a(energest.o)
 *fill*         0x000000000003acc1        0x3 
 .bss           0x000000000003acc4        0x8 build/cooja/mtype91.a(etimer.o)
 .bss           0x000000000003accc       0x2c build/cooja/mtype91.a(log.o)
                0x000000000003accc                curr_log_level_rpl
                0x000000000003acd0                curr_log_level_tcpip
                0x000000000003acd4                curr_log_level_ipv6
                0x000000000003acd8                curr_log_level_6lowpan
                0x000000000003acdc                curr_log_level_nullnet
                0x000000000003ace0                curr_log_level_mac
                0x000000000003ace4                curr_log_level_framer
                0x000000000003ace8                curr_log_level_6top
                0x000000000003acec                curr_log_level_coap
                0x000000000003acf0                curr_log_level_snmp
                0x000000000003acf4                curr_log_level_lwm2m
 .bss           0x000000000003acf8        0x4 build/cooja/mtype91.a(rtimer.o)
 .bss           0x000000000003acfc        0x2 build/cooja/mtype91.a(node-id.o)
                0x000000000003acfc                node_id
 *fill*         0x000000000003acfe        0x2 
 .bss           0x000000000003ad00      0x1a1 build/cooja/mtype91.a(process.o)
                0x000000000003ad00                process_list
                0x000000000003ad04                process_current
 .bss           0x000000000003aea1        0x0 build/cooja/mtype91.a(timer.o)
 .bss           0x000000000003aea1        0x0 build/cooja/mtype91.a(list.o)
 .bss           0x000000000003aea1        0x0 build/cooja/mtype91.a(memb.o)
 *fill*         0x000000000003aea1        0x3 
 .bss           0x000000000003aea4       0x10 build/cooja/mtype91.a(button-hal.o)
 *fill*         0x000000000003aeb4        0xc 
 .bss           0x000000000003aec0      0x140 build/cooja/mtype91.a(serial-line.o)
 .bss           0x000000000003b000        0x4 build/cooja/mtype91.a(gpio-hal.o)
 *fill*         0x000000000003b004       0x1c 
 .bss           0x000000000003b020     0x2c80 build/cooja/mtype91.a(queuebuf.o)
 .bss           0x000000000003dca0       0xa0 build/cooja/mtype91.a(packetbuf.o)
 .bss           0x000000000003dd40        0x4 build/cooja/mtype91.a(netstack.o)
 .bss           0x000000000003dd44        0x0 build/cooja/mtype91.a(linkaddr.o)
 .bss           0x000000000003dd44        0x0 build/cooja/mtype91.a(csma.o)
 *fill*         0x000000000003dd44       0x1c 
 .bss           0x000000000003dd60      0x726 build/cooja/mtype91.a(csma-output.o)
 *fill*         0x000000000003e486        0x2 
 .bss           0x000000000003e488       0x30 build/cooja/mtype91.a(uip-ds6.o)
 .bss           0x000000000003e4b8       0x10 build/cooja/mtype91.a(tcpip.o)
 .bss           0x000000000003e4c8        0x0 build/cooja/mtype91.a(uip-udp-packet.)
 *fill*         0x000000000003e4c8       0x18 
 .bss           0x000000000003e4e0      0x2a4 build/cooja/mtype91.a(uip-ds6-route.o)
 *fill*         0x000000000003e784       0x1c 
 .bss           0x000000000003e7a0       0xf0 build/cooja/mtype91.a(uip-ds6-nbr.o)
 .bss           0x000000000003e890        0x8 build/cooja/mtype91.a(uip6.o)
                0x000000000003e890                uip_ext_bitmap
                0x000000000003e892                uip_ext_len
                0x000000000003e894                uip_last_proto
 .bss           0x000000000003e898       0x10 build/cooja/mtype91.a(uip-nd6.o)
 *fill*         0x000000000003e8a8       0x18 
 .bss           0x000000000003e8c0      0x724 build/cooja/mtype91.a(sicslowpan.o)
 .bss           0x000000000003efe4        0x0 build/cooja/mtype91.a(uiplib.o)
 .bss           0x000000000003efe4        0x1 build/cooja/mtype91.a(rpl.o)
 .bss           0x000000000003efe5        0x0 build/cooja/mtype91.a(rpl-icmp6.o)
 *fill*         0x000000000003efe5        0x3 
 .bss           0x000000000003efe8       0x11 build/cooja/mtype91.a(rpl-dag-root.o)
 .bss           0x000000000003eff9        0x0 build/cooja/mtype91.a(watchdog.o)
 *fill*         0x000000000003eff9        0x3 
 .bss           0x000000000003effc        0x4 build/cooja/mtype91.a(int-master.o)